Component: Arm Compiler for Embedded 6.24 Tool: armlink [5f371500]

==============================================================================

Section Cross References

    selfdelay.o(.ARM.exidx.text.Delay_us) refers to selfdelay.o(.text.Delay_us) for [Anonymous Symbol]
    selfdelay.o(.text.Delay_ms) refers to selfdelay.o(.text.Delay_us) for Delay_us
    selfdelay.o(.ARM.exidx.text.Delay_ms) refers to selfdelay.o(.text.Delay_ms) for [Anonymous Symbol]
    selfdelay.o(.text.Delay_s) refers to selfdelay.o(.text.Delay_ms) for Delay_ms
    selfdelay.o(.ARM.exidx.text.Delay_s) refers to selfdelay.o(.text.Delay_s) for [Anonymous Symbol]
    sys.o(.ARM.exidx.text.WFI_SET) refers to sys.o(.text.WFI_SET) for [Anonymous Symbol]
    sys.o(.ARM.exidx.text.INTX_DISABLE) refers to sys.o(.text.INTX_DISABLE) for [Anonymous Symbol]
    sys.o(.ARM.exidx.text.INTX_ENABLE) refers to sys.o(.text.INTX_ENABLE) for [Anonymous Symbol]
    sys.o(.ARM.exidx.text.MSR_MSP) refers to sys.o(.text.MSR_MSP) for [Anonymous Symbol]
    usart.o(.text) refers (Special) to use_no_semi_2.o(.text) for __use_no_semihosting
    usart.o(.text._sys_exit) refers (Special) to use_no_semi_2.o(.text) for __use_no_semihosting
    usart.o(.ARM.exidx.text._sys_exit) refers (Special) to use_no_semi_2.o(.text) for __use_no_semihosting
    usart.o(.ARM.exidx.text._sys_exit) refers to usart.o(.text._sys_exit) for [Anonymous Symbol]
    usart.o(.text._ttywrch) refers (Special) to use_no_semi_2.o(.text) for __use_no_semihosting
    usart.o(.ARM.exidx.text._ttywrch) refers (Special) to use_no_semi_2.o(.text) for __use_no_semihosting
    usart.o(.ARM.exidx.text._ttywrch) refers to usart.o(.text._ttywrch) for [Anonymous Symbol]
    usart.o(.text._sys_open) refers (Special) to use_no_semi_2.o(.text) for __use_no_semihosting
    usart.o(.ARM.exidx.text._sys_open) refers (Special) to use_no_semi_2.o(.text) for __use_no_semihosting
    usart.o(.ARM.exidx.text._sys_open) refers to usart.o(.text._sys_open) for [Anonymous Symbol]
    usart.o(.text._sys_close) refers (Special) to use_no_semi_2.o(.text) for __use_no_semihosting
    usart.o(.ARM.exidx.text._sys_close) refers (Special) to use_no_semi_2.o(.text) for __use_no_semihosting
    usart.o(.ARM.exidx.text._sys_close) refers to usart.o(.text._sys_close) for [Anonymous Symbol]
    usart.o(.text._sys_write) refers (Special) to use_no_semi_2.o(.text) for __use_no_semihosting
    usart.o(.ARM.exidx.text._sys_write) refers (Special) to use_no_semi_2.o(.text) for __use_no_semihosting
    usart.o(.ARM.exidx.text._sys_write) refers to usart.o(.text._sys_write) for [Anonymous Symbol]
    usart.o(.text._sys_read) refers (Special) to use_no_semi_2.o(.text) for __use_no_semihosting
    usart.o(.ARM.exidx.text._sys_read) refers (Special) to use_no_semi_2.o(.text) for __use_no_semihosting
    usart.o(.ARM.exidx.text._sys_read) refers to usart.o(.text._sys_read) for [Anonymous Symbol]
    usart.o(.text._sys_istty) refers (Special) to use_no_semi_2.o(.text) for __use_no_semihosting
    usart.o(.ARM.exidx.text._sys_istty) refers (Special) to use_no_semi_2.o(.text) for __use_no_semihosting
    usart.o(.ARM.exidx.text._sys_istty) refers to usart.o(.text._sys_istty) for [Anonymous Symbol]
    usart.o(.text._sys_seek) refers (Special) to use_no_semi_2.o(.text) for __use_no_semihosting
    usart.o(.ARM.exidx.text._sys_seek) refers (Special) to use_no_semi_2.o(.text) for __use_no_semihosting
    usart.o(.ARM.exidx.text._sys_seek) refers to usart.o(.text._sys_seek) for [Anonymous Symbol]
    usart.o(.text._sys_flen) refers (Special) to use_no_semi_2.o(.text) for __use_no_semihosting
    usart.o(.ARM.exidx.text._sys_flen) refers (Special) to use_no_semi_2.o(.text) for __use_no_semihosting
    usart.o(.ARM.exidx.text._sys_flen) refers to usart.o(.text._sys_flen) for [Anonymous Symbol]
    usart.o(.text.fputc) refers (Special) to use_no_semi_2.o(.text) for __use_no_semihosting
    usart.o(.ARM.exidx.text.fputc) refers (Special) to use_no_semi_2.o(.text) for __use_no_semihosting
    usart.o(.ARM.exidx.text.fputc) refers to usart.o(.text.fputc) for [Anonymous Symbol]
    usart.o(.text.uart_init) refers (Special) to use_no_semi_2.o(.text) for __use_no_semihosting
    usart.o(.text.uart_init) refers to stm32f4xx_rcc.o(.text.RCC_AHB1PeriphClockCmd) for RCC_AHB1PeriphClockCmd
    usart.o(.text.uart_init) refers to stm32f4xx_rcc.o(.text.RCC_APB2PeriphClockCmd) for RCC_APB2PeriphClockCmd
    usart.o(.text.uart_init) refers to stm32f4xx_gpio.o(.text.GPIO_PinAFConfig) for GPIO_PinAFConfig
    usart.o(.text.uart_init) refers to stm32f4xx_gpio.o(.text.GPIO_Init) for GPIO_Init
    usart.o(.text.uart_init) refers to stm32f4xx_usart.o(.text.USART_Init) for USART_Init
    usart.o(.text.uart_init) refers to stm32f4xx_usart.o(.text.USART_Cmd) for USART_Cmd
    usart.o(.text.uart_init) refers to stm32f4xx_usart.o(.text.USART_ITConfig) for USART_ITConfig
    usart.o(.text.uart_init) refers to misc.o(.text.NVIC_Init) for NVIC_Init
[...]
    sys_config                               0x2000064c   Data         160  main.o(.bss.sys_config)
    [Anonymous Symbol]                       0x2000064c   Section        0  main.o(.bss.sys_config)
    usart_callback                           0x200006ec   Data          32  user_usart.o(.bss.usart_callback)
    [Anonymous Symbol]                       0x200006ec   Section        0  user_usart.o(.bss.usart_callback)
    user_pref                                0x2000070c   Data           8  main.o(.bss.user_pref)
    [Anonymous Symbol]                       0x2000070c   Section        0  main.o(.bss.user_pref)
    Heap_Mem                                 0x20000718   Data         512  startup_stm32f40_41xxx.o(HEAP)
    HEAP                                     0x20000718   Section      512  startup_stm32f40_41xxx.o(HEAP)
    Stack_Mem                                0x20000918   Data        1024  startup_stm32f40_41xxx.o(STACK)
    STACK                                    0x20000918   Section     1024  startup_stm32f40_41xxx.o(STACK)
    __initial_sp                             0x20000d18   Data           0  startup_stm32f40_41xxx.o(STACK)

    Global Symbols

    Symbol Name                              Value     Ov Type        Size  Object(Section)

    BuildAttributes$$THM_ISAv4$E$P$D$K$B$S$7EM$VFPi3$EXTD16$VFPS$VFMA$PE$A:L22UL41UL21$X:L11$S22US41US21$IEEE1$IW$~IW$USESV6$~STKCKD$USESV7$~SHL$OTIME$ROPI$IEEEJ$EBA8$UX$STANDARDLIB$REQ8$PRES8$EABIv2 0x00000000   Number         0  anon$$obj.o ABSOLUTE
    _printf_flags                            0x00000000   Number         0  printf_stubs.o ABSOLUTE
    _printf_return_value                     0x00000000   Number         0  printf_stubs.o ABSOLUTE
    _printf_sizespec                         0x00000000   Number         0  printf_stubs.o ABSOLUTE
    _printf_widthprec                        0x00000000   Number         0  printf_stubs.o ABSOLUTE
    __ARM_exceptions_init                     - Undefined Weak Reference
    __alloca_initialize                       - Undefined Weak Reference
    __arm_preinit_                            - Undefined Weak Reference
    __arm_relocate_pie_                       - Undefined Weak Reference
    __cpp_initialize__aeabi_                  - Undefined Weak Reference
    __cxa_finalize                            - Undefined Weak Reference
    __sigvec_lookup                           - Undefined Weak Reference
    __user_heap_extent                        - Undefined Weak Reference
    _atexit_init                              - Undefined Weak Reference
    _call_atexit_fns                          - Undefined Weak Reference
    _clock_init                               - Undefined Weak Reference
    _fp_trap_init                             - Undefined Weak Reference
    _fp_trap_shutdown                         - Undefined Weak Reference
    _get_lc_collate                           - Undefined Weak Reference
    _get_lc_monetary                          - Undefined Weak Reference
    _get_lc_time                              - Undefined Weak Reference
    _getenv_init                              - Undefined Weak Reference
    _handle_redirection                       - Undefined Weak Reference
    _mutex_acquire                            - Undefined Weak Reference
    _mutex_free                               - Undefined Weak Reference
    _mutex_release                            - Undefined Weak Reference
    _printf_mbtowc                            - Undefined Weak Reference
    _printf_wc                                - Undefined Weak Reference
    _rand_init                                - Undefined Weak Reference
    _signal_finish                            - Undefined Weak Reference
    _signal_init                              - Undefined Weak Reference
    __Vectors_Size                           0x00000188   Number         0  startup_stm32f40_41xxx.o ABSOLUTE
    __Vectors                                0x08000000   Data           4  startup_stm32f40_41xxx.o(RESET)
    __Vectors_End                            0x08000188   Data           0  startup_stm32f40_41xxx.o(RESET)
    __main                                   0x08000189   Thumb Code     8  __main.o(!!!main)
    __scatterload                            0x08000191   Thumb Code     0  __scatter.o(!!!scatter)
    __scatterload_rt2                        0x08000191   Thumb Code    84  __scatter.o(!!!scatter)
    __scatterload_rt2_thumb_only             0x08000191   Thumb Code     0  __scatter.o(!!!scatter)
    __scatterload_loop                       0x0800019b   Thumb Code     0  __scatter.o(!!!scatter)
    __scatterload_copy                       0x080001ed   Thumb Code    26  __scatter_copy.o(!!handler_copy)
    __scatterload_null                       0x08000209   Thumb Code     2  __scatter.o(!!handler_null)
    __scatterload_zeroinit                   0x0800020d   Thumb Code    28  __scatter_zi.o(!!handler_zi)
    _printf_n                                0x08000229   Thumb Code     0  _printf_n.o(.ARM.Collect$$_printf_percent$$00000001)
    _printf_percent                          0x08000229   Thumb Code     0  _printf_percent.o(.ARM.Collect$$_printf_percent$$00000000)
    _printf_p                                0x0800022f   Thumb Code     0  _printf_p.o(.ARM.Collect$$_printf_percent$$00000002)
    _printf_f                                0x08000235   Thumb Code     0  _printf_f.o(.ARM.Collect$$_printf_percent$$00000003)
    _printf_e                                0x0800023b   Thumb Code     0  _printf_e.o(.ARM.Collect$$_printf_percent$$00000004)
    _printf_g                                0x08000241   Thumb Code     0  _printf_g.o(.ARM.Collect$$_printf_percent$$00000005)
    _printf_a                                0x08000247   Thumb Code     0  _printf_a.o(.ARM.Collect$$_printf_percent$$00000006)
    _printf_ll                               0x0800024d   Thumb Code     0  _printf_ll.o(.ARM.Collect$$_printf_percent$$00000007)
    _printf_i                                0x08000257   Thumb Code     0  _printf_i.o(.ARM.Collect$$_printf_percent$$00000008)
    _printf_d                                0x0800025d   Thumb Code     0  _printf_d.o(.ARM.Collect$$_printf_percent$$00000009)
    _printf_u                                0x08000263   Thumb Code     0  _printf_u.o(.ARM.Collect$$_printf_percent$$0000000A)
    _printf_o                                0x08000269   Thumb Code     0  _printf_o.o(.ARM.Collect$$_printf_percent$$0000000B)
    _printf_x                                0x0800026f   Thumb Code     0  _printf_x.o(.ARM.Collect$$_printf_percent$$0000000C)
    _printf_lli                              0x08000275   Thumb Code     0  _printf_lli.o(.ARM.Collect$$_printf_percent$$0000000D)
    _printf_lld                              0x0800027b   Thumb Code     0  _printf_lld.o(.ARM.Collect$$_printf_percent$$0000000E)
    _printf_llu                              0x08000281   Thumb Code     0  _printf_llu.o(.ARM.Collect$$_printf_percent$$0000000F)
    _printf_llo                              0x08000287   Thumb Code     0  _printf_llo.o(.ARM.Collect$$_printf_percent$$00000010)
    _printf_llx                              0x0800028d   Thumb Code     0  _printf_llx.o(.ARM.Collect$$_printf_percent$$00000011)
    _printf_l                                0x08000293   Thumb Code     0  _printf_l.o(.ARM.Collect$$_printf_percent$$00000012)
    _printf_c                                0x0800029d   Thumb Code     0  _printf_c.o(.ARM.Collect$$_printf_percent$$00000013)
    _printf_s                                0x080002a3   Thumb Code     0  _printf_s.o(.ARM.Collect$$_printf_percent$$00000014)
    _printf_lc                               0x080002a9   Thumb Code     0  _printf_lc.o(.ARM.Collect$$_printf_percent$$00000015)
    _printf_ls                               0x080002af   Thumb Code     0  _printf_ls.o(.ARM.Collect$$_printf_percent$$00000016)
    _printf_percent_end                      0x080002b5   Thumb Code     0  _printf_percent_end.o(.ARM.Collect$$_printf_percent$$00000017)
    __rt_lib_init                            0x080002b9   Thumb Code     0  libinit.o(.ARM.Collect$$libinit$$00000000)
    __rt_lib_init_fp_1                       0x080002bb   Thumb Code     0  libinit2.o(.ARM.Collect$$libinit$$00000001)
    __rt_lib_init_heap_2                     0x080002bf   Thumb Code     0  libinit2.o(.ARM.Collect$$libinit$$00000007)
    __rt_lib_init_preinit_1                  0x080002bf   Thumb Code     0  libinit2.o(.ARM.Collect$$libinit$$00000006)
    __rt_lib_init_relocate_pie_1             0x080002bf   Thumb Code     0  libinit2.o(.ARM.Collect$$libinit$$00000004)
    __rt_lib_init_heap_1                     0x080002c7   Thumb Code     0  libinit2.o(.ARM.Collect$$libinit$$0000000C)
    __rt_lib_init_lc_common                  0x080002c7   Thumb Code     0  libinit2.o(.ARM.Collect$$libinit$$00000011)
    __rt_lib_init_rand_1                     0x080002c7   Thumb Code     0  libinit2.o(.ARM.Collect$$libinit$$00000010)
    __rt_lib_init_user_alloc_1               0x080002c7   Thumb Code     0  libinit2.o(.ARM.Collect$$libinit$$0000000E)
    __rt_lib_init_lc_collate_1               0x080002cd   Thumb Code     0  libinit2.o(.ARM.Collect$$libinit$$00000013)
    __rt_lib_init_lc_ctype_2                 0x080002cd   Thumb Code     0  libinit2.o(.ARM.Collect$$libinit$$00000014)
    __rt_lib_init_lc_ctype_1                 0x080002d9   Thumb Code     0  libinit2.o(.ARM.Collect$$libinit$$00000015)
    __rt_lib_init_lc_monetary_1              0x080002d9   Thumb Code     0  libinit2.o(.ARM.Collect$$libinit$$00000017)
    __rt_lib_init_lc_numeric_2               0x080002d9   Thumb Code     0  libinit2.o(.ARM.Collect$$libinit$$00000018)
    __rt_lib_init_atexit_1                   0x080002e3   Thumb Code     0  libinit2.o(.ARM.Collect$$libinit$$0000001D)
    __rt_lib_init_clock_1                    0x080002e3   Thumb Code     0  libinit2.o(.ARM.Collect$$libinit$$00000023)
    __rt_lib_init_fp_trap_1                  0x080002e3   Thumb Code     0  libinit2.o(.ARM.Collect$$libinit$$00000021)
    __rt_lib_init_getenv_1                   0x080002e3   Thumb Code     0  libinit2.o(.ARM.Collect$$libinit$$00000025)
    __rt_lib_init_lc_numeric_1               0x080002e3   Thumb Code     0  libinit2.o(.ARM.Collect$$libinit$$00000019)
    __rt_lib_init_lc_time_1                  0x080002e3   Thumb Code     0  libinit2.o(.ARM.Collect$$libinit$$0000001B)
    __rt_lib_init_signal_1                   0x080002e3   Thumb Code     0  libinit2.o(.ARM.Collect$$libinit$$0000001F)
    __rt_lib_init_stdio_2                    0x080002e3   Thumb Code     0  libinit2.o(.ARM.Collect$$libinit$$00000026)
    __rt_lib_init_alloca_1                   0x080002e7   Thumb Code     0  libinit2.o(.ARM.Collect$$libinit$$00000030)
    __rt_lib_init_argv_1                     0x080002e7   Thumb Code     0  libinit2.o(.ARM.Collect$$libinit$$0000002E)
    __rt_lib_init_cpp_1                      0x080002e7   Thumb Code     0  libinit2.o(.ARM.Collect$$libinit$$00000034)
    __rt_lib_init_exceptions_1               0x080002e7   Thumb Code     0  libinit2.o(.ARM.Collect$$libinit$$00000032)
    __rt_lib_init_return                     0x080002e7   Thumb Code     0  libinit2.o(.ARM.Collect$$libinit$$00000035)
    __rt_lib_init_stdio_1                    0x080002e7   Thumb Code     0  libinit2.o(.ARM.Collect$$libinit$$00000027)
    __rt_lib_shutdown                        0x080002e9   Thumb Code     0  libshutdown.o(.ARM.Collect$$libshutdown$$00000000)
    __rt_lib_shutdown_cpp_1                  0x080002eb   Thumb Code     0  libshutdown2.o(.ARM.Collect$$libshutdown$$00000002)
    __rt_lib_shutdown_stdio_2                0x080002eb   Thumb Code     0  libshutdown2.o(.ARM.Collect$$libshutdown$$00000003)
    __rt_lib_shutdown_fp_trap_1              0x080002ef   Thumb Code     0  libshutdown2.o(.ARM.Collect$$libshutdown$$00000007)
    __rt_lib_shutdown_heap_1                 0x080002ef   Thumb Code     0  libshutdown2.o(.ARM.Collect$$libshutdown$$0000000F)
    __rt_lib_shutdown_return                 0x080002ef   Thumb Code     0  libshutdown2.o(.ARM.Collect$$libshutdown$$00000010)
    __rt_lib_shutdown_signal_1               0x080002ef   Thumb Code     0  libshutdown2.o(.ARM.Collect$$libshutdown$$0000000A)
    __rt_lib_shutdown_stdio_1                0x080002ef   Thumb Code     0  libshutdown2.o(.ARM.Collect$$libshutdown$$00000004)
    __rt_lib_shutdown_user_alloc_1           0x080002ef   Thumb Code     0  libshutdown2.o(.ARM.Collect$$libshutdown$$0000000C)
    __rt_entry                               0x080002f1   Thumb Code     0  __rtentry.o(.ARM.Collect$$rtentry$$00000000)
    __rt_entry_presh_1                       0x080002f1   Thumb Code     0  __rtentry2.o(.ARM.Collect$$rtentry$$00000002)
    __rt_entry_sh                            0x080002f1   Thumb Code     0  __rtentry4.o(.ARM.Collect$$rtentry$$00000004)
    __rt_entry_li                            0x080002f7   Thumb Code     0  __rtentry2.o(.ARM.Collect$$rtentry$$0000000A)
    __rt_entry_postsh_1                      0x080002f7   Thumb Code     0  __rtentry2.o(.ARM.Collect$$rtentry$$00000009)
    __rt_entry_main                          0x080002fb   Thumb Code     0  __rtentry2.o(.ARM.Collect$$rtentry$$0000000D)
    __rt_entry_postli_1                      0x080002fb   Thumb Code     0  __rtentry2.o(.ARM.Collect$$rtentry$$0000000C)
    __rt_exit                                0x08000303   Thumb Code     0  rtexit.o(.ARM.Collect$$rtexit$$00000000)
    __rt_exit_ls                             0x08000305   Thumb Code     0  rtexit2.o(.ARM.Collect$$rtexit$$00000003)
    __rt_exit_prels_1                        0x08000305   Thumb Code     0  rtexit2.o(.ARM.Collect$$rtexit$$00000002)
    __rt_exit_exit                           0x08000309   Thumb Code     0  rtexit2.o(.ARM.Collect$$rtexit$$00000004)
    Reset_Handler                            0x08000311   Thumb Code     8  startup_stm32f40_41xxx.o(.text)
    ADC_IRQHandler                           0x0800032b   Thumb Code     0  startup_stm32f40_41xxx.o(.text)
    CAN1_RX0_IRQHandler                      0x0800032b   Thumb Code     0  startup_stm32f40_41xxx.o(.text)
    CAN1_RX1_IRQHandler                      0x0800032b   Thumb Code     0  startup_stm32f40_41xxx.o(.text)
    CAN1_SCE_IRQHandler                      0x0800032b   Thumb Code     0  startup_stm32f40_41xxx.o(.text)
    CAN1_TX_IRQHandler                       0x0800032b   Thumb Code     0  startup_stm32f40_41xxx.o(.text)
    CAN2_RX0_IRQHandler                      0x0800032b   Thumb Code     0  startup_stm32f40_41xxx.o(.text)
    CAN2_RX1_IRQHandler                      0x0800032b   Thumb Code     0  startup_stm32f40_41xxx.o(.text)
    CAN2_SCE_IRQHandler                      0x0800032b   Thumb Code     0  startup_stm32f40_41xxx.o(.text)
    CAN2_TX_IRQHandler                       0x0800032b   Thumb Code     0  startup_stm32f40_41xxx.o(.text)
    CRYP_IRQHandler                          0x0800032b   Thumb Code     0  startup_stm32f40_41xxx.o(.text)
    DCMI_IRQHandler                          0x0800032b   Thumb Code     0  startup_stm32f40_41xxx.o(.text)
    DMA1_Stream0_IRQHandler                  0x0800032b   Thumb Code     0  startup_stm32f40_41xxx.o(.text)
    DMA1_Stream1_IRQHandler                  0x0800032b   Thumb Code     0  startup_stm32f40_41xxx.o(.text)
    DMA1_Stream2_IRQHandler                  0x0800032b   Thumb Code     0  startup_stm32f40_41xxx.o(.text)
    DMA1_Stream3_IRQHandler                  0x0800032b   Thumb Code     0  startup_stm32f40_41xxx.o(.text)
    DMA1_Stream4_IRQHandler                  0x0800032b   Thumb Code     0  startup_stm32f40_41xxx.o(.text)
    DMA1_Stream5_IRQHandler                  0x0800032b   Thumb Code     0  startup_stm32f40_41xxx.o(.text)
    DMA1_Stream6_IRQHandler                  0x0800032b   Thumb Code     0  startup_stm32f40_41xxx.o(.text)
    DMA1_Stream7_IRQHandler                  0x0800032b   Thumb Code     0  startup_stm32f40_41xxx.o(.text)
    DMA2_Stream0_IRQHandler                  0x0800032b   Thumb Code     0  startup_stm32f40_41xxx.o(.text)
    DMA2_Stream1_IRQHandler                  0x0800032b   Thumb Code     0  startup_stm32f40_41xxx.o(.text)
    DMA2_Stream2_IRQHandler                  0x0800032b   Thumb Code     0  startup_stm32f40_41xxx.o(.text)
    DMA2_Stream3_IRQHandler                  0x0800032b   Thumb Code     0  startup_stm32f40_41xxx.o(.text)
    DMA2_Stream4_IRQHandler                  0x0800032b   Thumb Code     0  startup_stm32f40_41xxx.o(.text)
    DMA2_Stream5_IRQHandler                  0x0800032b   Thumb Code     0  startup_stm32f40_41xxx.o(.text)
    DMA2_Stream6_IRQHandler                  0x0800032b   Thumb Code     0  startup_stm32f40_41xxx.o(.text)
    DMA2_Stream7_IRQHandler                  0x0800032b   Thumb Code     0  startup_stm32f40_41xxx.o(.text)
    ETH_IRQHandler                           0x0800032b   Thumb Code     0  startup_stm32f40_41xxx.o(.text)
    ETH_WKUP_IRQHandler                      0x0800032b   Thumb Code     0  startup_stm32f40_41xxx.o(.text)
    EXTI0_IRQHandler                         0x0800032b   Thumb Code     0  startup_stm32f40_41xxx.o(.text)
    EXTI15_10_IRQHandler                     0x0800032b   Thumb Code     0  startup_stm32f40_41xxx.o(.text)
    EXTI1_IRQHandler                         0x0800032b   Thumb Code     0  startup_stm32f40_41xxx.o(.text)
    EXTI2_IRQHandler                         0x0800032b   Thumb Code     0  startup_stm32f40_41xxx.o(.text)
    EXTI3_IRQHandler                         0x0800032b   Thumb Code     0  startup_stm32f40_41xxx.o(.text)
    EXTI4_IRQHandler                         0x0800032b   Thumb Code     0  startup_stm32f40_41xxx.o(.text)
    EXTI9_5_IRQHandler                       0x0800032b   Thumb Code     0  startup_stm32f40_41xxx.o(.text)
    FLASH_IRQHandler                         0x0800032b   Thumb Code     0  startup_stm32f40_41xxx.o(.text)
    FPU_IRQHandler                           0x0800032b   Thumb Code     0  startup_stm32f40_41xxx.o(.text)
    FSMC_IRQHandler                          0x0800032b   Thumb Code     0  startup_stm32f40_41xxx.o(.text)
    HASH_RNG_IRQHandler                      0x0800032b   Thumb Code     0  startup_stm32f40_41xxx.o(.text)
    I2C1_ER_IRQHandler                       0x0800032b   Thumb Code     0  startup_stm32f40_41xxx.o(.text)
    I2C1_EV_IRQHandler                       0x0800032b   Thumb Code     0  startup_stm32f40_41xxx.o(.text)
    I2C2_ER_IRQHandler                       0x0800032b   Thumb Code     0  startup_stm32f40_41xxx.o(.text)
    I2C2_EV_IRQHandler                       0x0800032b   Thumb Code     0  startup_stm32f40_41xxx.o(.text)
    I2C3_ER_IRQHandler                       0x0800032b   Thumb Code     0  startup_stm32f40_41xxx.o(.text)
    I2C3_EV_IRQHandler                       0x0800032b   Thumb Code     0  startup_stm32f40_41xxx.o(.text)
    OTG_FS_IRQHandler                        0x0800032b   Thumb Code     0  startup_stm32f40_41xxx.o(.text)
    OTG_FS_WKUP_IRQHandler                   0x0800032b   Thumb Code     0  startup_stm32f40_41xxx.o(.text)
    OTG_HS_EP1_IN_IRQHandler                 0x0800032b   Thumb Code     0  startup_stm32f40_41xxx.o(.text)
    OTG_HS_EP1_OUT_IRQHandler                0x0800032b   Thumb Code     0  startup_stm32f40_41xxx.o(.text)
    OTG_HS_IRQHandler                        0x0800032b   Thumb Code     0  startup_stm32f40_41xxx.o(.text)
    OTG_HS_WKUP_IRQHandler                   0x0800032b   Thumb Code     0  startup_stm32f40_41xxx.o(.text)
    PVD_IRQHandler                           0x0800032b   Thumb Code     0  startup_stm32f40_41xxx.o(.text)
    RCC_IRQHandler                           0x0800032b   Thumb Code     0  startup_stm32f40_41xxx.o(.text)
    RTC_Alarm_IRQHandler                     0x0800032b   Thumb Code     0  startup_stm32f40_41xxx.o(.text)
    RTC_WKUP_IRQHandler                      0x0800032b   Thumb Code     0  startup_stm32f40_41xxx.o(.text)
    SDIO_IRQHandler                          0x0800032b   Thumb Code     0  startup_stm32f40_41xxx.o(.text)
    SPI1_IRQHandler                          0x0800032b   Thumb Code     0  startup_stm32f40_41xxx.o(.text)
    SPI2_IRQHandler                          0x0800032b   Thumb Code     0  startup_stm32f40_41xxx.o(.text)
    SPI3_IRQHandler                          0x0800032b   Thumb Code     0  startup_stm32f40_41xxx.o(.text)
    TAMP_STAMP_IRQHandler                    0x0800032b   Thumb Code     0  startup_stm32f40_41xxx.o(.text)
    TIM1_BRK_TIM9_IRQHandler                 0x0800032b   Thumb Code     0  startup_stm32f40_41xxx.o(.text)
    TIM1_CC_IRQHandler                       0x0800032b   Thumb Code     0  startup_stm32f40_41xxx.o(.text)
    TIM1_TRG_COM_TIM11_IRQHandler            0x0800032b   Thumb Code     0  startup_stm32f40_41xxx.o(.text)
    TIM1_UP_TIM10_IRQHandler                 0x0800032b   Thumb Code     0  startup_stm32f40_41xxx.o(.text)
    TIM2_IRQHandler                          0x0800032b   Thumb Code     0  startup_stm32f40_41xxx.o(.text)
    TIM3_IRQHandler                          0x0800032b   Thumb Code     0  startup_stm32f40_41xxx.o(.text)
    TIM4_IRQHandler                          0x0800032b   Thumb Code     0  startup_stm32f40_41xxx.o(.text)
    TIM5_IRQHandler                          0x0800032b   Thumb Code     0  startup_stm32f40_41xxx.o(.text)
    TIM6_DAC_IRQHandler                      0x0800032b   Thumb Code     0  startup_stm32f40_41xxx.o(.text)
    TIM7_IRQHandler                          0x0800032b   Thumb Code     0  startup_stm32f40_41xxx.o(.text)
    TIM8_BRK_TIM12_IRQHandler                0x0800032b   Thumb Code     0  startup_stm32f40_41xxx.o(.text)
    TIM8_CC_IRQHandler                       0x0800032b   Thumb Code     0  startup_stm32f40_41xxx.o(.text)
    TIM8_TRG_COM_TIM14_IRQHandler            0x0800032b   Thumb Code     0  startup_stm32f40_41xxx.o(.text)
    TIM8_UP_TIM13_IRQHandler                 0x0800032b   Thumb Code     0  startup_stm32f40_41xxx.o(.text)
    WWDG_IRQHandler                          0x0800032b   Thumb Code     0  startup_stm32f40_41xxx.o(.text)
    __user_initial_stackheap                 0x0800032d   Thumb Code     0  startup_stm32f40_41xxx.o(.text)
    __use_no_semihosting                     0x08000351   Thumb Code     2  use_no_semi_2.o(.text)
    printf                                   0x08000355   Thumb Code    20  printf.o(.text)
    strcpy                                   0x0800036d   Thumb Code    72  strcpy.o(.text)
    __aeabi_memclr                           0x080003b5   Thumb Code     0  rt_memclr.o(.text)
    __rt_memclr                              0x080003b5   Thumb Code     0  rt_memclr.o(.text)
    _memset                                  0x080003b9   Thumb Code    64  rt_memclr.o(.text)
    __use_two_region_memory                  0x080003f9   Thumb Code     2  heapauxi.o(.text)
    __rt_heap_escrow                         0x080003fb   Thumb Code     2  heapauxi.o(.text)
    __rt_heap_expand                         0x080003fd   Thumb Code     2  heapauxi.o(.text)
    __I$use$semihosting                      0x080003ff   Thumb Code     0  use_no_semi.o(.text)
    __use_no_semihosting_swi                 0x080003ff   Thumb Code     2  use_no_semi.o(.text)
    _printf_pre_padding                      0x08000401   Thumb Code    44  _printf_pad.o(.text)
    _printf_post_padding                     0x0800042d   Thumb Code    34  _printf_pad.o(.text)
    _printf_truncate_signed                  0x0800044f   Thumb Code    18  _printf_truncate.o(.text)
    _printf_truncate_unsigned                0x08000461   Thumb Code    18  _printf_truncate.o(.text)
    _printf_str                              0x08000473   Thumb Code    82  _printf_str.o(.text)
    _printf_int_dec                          0x080004c5   Thumb Code   104  _printf_dec.o(.text)
    _printf_charcount                        0x0800053d   Thumb Code    40  _printf_charcount.o(.text)
    _printf_char_file                        0x08000565   Thumb Code    32  _printf_char_file.o(.text)
    _printf_wctomb                           0x08000589   Thumb Code   182  _printf_wctomb.o(.text)
    _printf_longlong_dec                     0x08000645   Thumb Code   108  _printf_longlong_dec.o(.text)
    _printf_longlong_oct                     0x080006c1   Thumb Code    68  _printf_oct_int_ll.o(.text)
    _printf_int_oct                          0x08000705   Thumb Code    24  _printf_oct_int_ll.o(.text)
    _printf_ll_oct                           0x0800071d   Thumb Code    12  _printf_oct_int_ll.o(.text)
    _printf_longlong_hex                     0x08000731   Thumb Code    86  _printf_hex_int_ll_ptr.o(.text)
    _printf_int_hex                          0x08000787   Thumb Code    28  _printf_hex_int_ll_ptr.o(.text)
    _printf_ll_hex                           0x080007a3   Thumb Code    12  _printf_hex_int_ll_ptr.o(.text)
    _printf_hex_ptr                          0x080007af   Thumb Code    18  _printf_hex_int_ll_ptr.o(.text)
    __printf                                 0x080007c5   Thumb Code   388  __printf_flags_ss_wp.o(.text)
    __aeabi_memclr4                          0x0800094d   Thumb Code     0  rt_memclr_w.o(.text)
    __aeabi_memclr8                          0x0800094d   Thumb Code     0  rt_memclr_w.o(.text)
    __rt_memclr_w                            0x0800094d   Thumb Code     0  rt_memclr_w.o(.text)
    _memset_w                                0x08000951   Thumb Code    74  rt_memclr_w.o(.text)
    _ll_udiv10                               0x0800099b   Thumb Code   138  lludiv10.o(.text)
    _printf_int_common                       0x08000a25   Thumb Code   178  _printf_intcommon.o(.text)
    _printf_fp_dec_real                      0x08000c87   Thumb Code   620  _printf_fp_dec.o(.text)
    _printf_fp_hex_real                      0x08000ef5   Thumb Code   756  _printf_fp_hex.o(.text)
    _printf_char_common                      0x080011fb   Thumb Code    32  _printf_char_common.o(.text)
    _printf_cs_common                        0x08001221   Thumb Code    20  _printf_char.o(.text)
    _printf_char                             0x08001235   Thumb Code    16  _printf_char.o(.text)
    _printf_string                           0x08001245   Thumb Code     8  _printf_char.o(.text)
    _printf_lcs_common                       0x0800124d   Thumb Code    20  _printf_wchar.o(.text)
    _printf_wchar                            0x08001261   Thumb Code    16  _printf_wchar.o(.text)
    _printf_wstring                          0x08001271   Thumb Code     8  _printf_wchar.o(.text)
    ferror                                   0x08001279   Thumb Code     8  ferror.o(.text)
    _initio                                  0x08001281   Thumb Code   210  initio.o(.text)
    _terminateio                             0x08001353   Thumb Code    56  initio.o(.text)
    _c16rtomb                                0x080013b9   Thumb Code    72  _c16rtomb.o(.text)
    _wcrtomb                                 0x080013b9   Thumb Code     0  _c16rtomb.o(.text)
    __user_setup_stackheap                   0x08001401   Thumb Code    74  sys_stackheap_outer.o(.text)
    __rt_ctype_table                         0x0800144d   Thumb Code    16  rt_ctype_table.o(.text)
    __rt_locale                              0x0800145d   Thumb Code     8  rt_locale_intlibspace.o(.text)
    free                                     0x08001465   Thumb Code    78  h1_free.o(.text)
    _printf_fp_infnan                        0x080014b5   Thumb Code   112  _printf_fp_infnan.o(.text)
    _btod_etento                             0x08001535   Thumb Code   224  bigflt0.o(.text)
    setvbuf                                  0x08001619   Thumb Code    70  setvbuf.o(.text)
    freopen                                  0x08001661   Thumb Code   160  fopen.o(.text)
    fopen                                    0x08001701   Thumb Code    74  fopen.o(.text)
    _fclose_internal                         0x08001751   Thumb Code    76  fclose.o(.text)
    fclose                                   0x08001751   Thumb Code     0  fclose.o(.text)
    exit                                     0x0800179d   Thumb Code    18  exit.o(.text)
    __rt_SIGRTRED                            0x080017af   Thumb Code    14  defsig_rtred_outer.o(.text)
    __user_libspace                          0x080017bd   Thumb Code     8  libspace.o(.text)
    __user_perproc_libspace                  0x080017bd   Thumb Code     0  libspace.o(.text)
    __user_perthread_libspace                0x080017bd   Thumb Code     0  libspace.o(.text)
    __rt_heap_descriptor                     0x080017c5   Thumb Code     8  rt_heap_descriptor_intlibspace.o(.text)
    __use_no_heap                            0x080017cd   Thumb Code     2  hguard.o(.text)
    __heap$guard                             0x080017cf   Thumb Code     2  hguard.o(.text)
    _terminate_user_alloc                    0x080017d1   Thumb Code     2  init_alloc.o(.text)
    _init_user_alloc                         0x080017d3   Thumb Code     2  init_alloc.o(.text)
    __Heap_Full                              0x080017d5   Thumb Code    34  init_alloc.o(.text)
    __Heap_Broken                            0x080017f7   Thumb Code     6  init_alloc.o(.text)
    _init_alloc                              0x080017fd   Thumb Code    94  init_alloc.o(.text)
    malloc                                   0x0800185b   Thumb Code    94  h1_alloc.o(.text)
    _fseek                                   0x080018b9   Thumb Code   242  fseek.o(.text)
    fseek                                    0x080018b9   Thumb Code     0  fseek.o(.text)
    _seterr                                  0x080019b1   Thumb Code    20  stdio.o(.text)
    _writebuf                                0x080019c5   Thumb Code   108  stdio.o(.text)
    _fflush                                  0x08001a31   Thumb Code    70  stdio.o(.text)
    _deferredlazyseek                        0x08001a77   Thumb Code    60  stdio.o(.text)
    __sig_exit                               0x08001ab9   Thumb Code    10  defsig_exit.o(.text)
    __rt_SIGRTRED_inner                      0x08001ac5   Thumb Code    14  defsig_rtred_inner.o(.text)
    strcmp                                   0x08001af9   Thumb Code   124  strcmpv7em.o(.text)
    __Heap_Initialize                        0x08001b75   Thumb Code     8  h1_init.o(.text)
    _maybe_terminate_alloc                   0x08001b75   Thumb Code     0  maybetermalloc1.o(.text)
    __Heap_DescSize                          0x08001b7d   Thumb Code     4  h1_init.o(.text)
    __Heap_ProvideMemory                     0x08001b81   Thumb Code    52  h1_extend.o(.text)
    _ftell_internal                          0x08001bb5   Thumb Code    66  ftell.o(.text)
    ftell                                    0x08001bb5   Thumb Code     0  ftell.o(.text)
    __default_signal_display                 0x08001bf7   Thumb Code    50  defsig_general.o(.text)
    __rt_SIGRTMEM                            0x08001c29   Thumb Code    14  defsig_rtmem_outer.o(.text)
    __aeabi_errno_addr                       0x08001c39   Thumb Code     8  rt_errno_addr_intlibspace.o(.text)
    __errno$intlibspace                      0x08001c39   Thumb Code     0  rt_errno_addr_intlibspace.o(.text)
    __rt_errno_addr$intlibspace              0x08001c39   Thumb Code     0  rt_errno_addr_intlibspace.o(.text)
    __rt_SIGRTMEM_inner                      0x08001c41   Thumb Code    22  defsig_rtmem_inner.o(.text)
    BusFault_Handler                         0x08001c91   Thumb Code     4  stm32f4xx_it.o(.text.BusFault_Handler)
    DebugMon_Handler                         0x08001c95   Thumb Code     2  stm32f4xx_it.o(.text.DebugMon_Handler)
    FSMC_NORSRAMCmd                          0x08001c99   Thumb Code    66  stm32f4xx_fsmc.o(.text.FSMC_NORSRAMCmd)
    FSMC_NORSRAMInit                         0x08001cdd   Thumb Code   348  stm32f4xx_fsmc.o(.text.FSMC_NORSRAMInit)
    Flash_Config_Read                        0x08001e39   Thumb Code    78  flash_function.o(.text.Flash_Config_Read)
    Flash_Config_Write                       0x08001e89   Thumb Code    78  flash_function.o(.text.Flash_Config_Write)
    Flash_ReadData                           0x08001ed9   Thumb Code    92  flash_base.o(.text.Flash_ReadData)
    Flash_Write_Sector                       0x08001f35   Thumb Code   218  flash_base.o(.text.Flash_Write_Sector)
    Flash_init                               0x08002011   Thumb Code   160  flash_base.o(.text.Flash_init)
    GPIO_AFOut_Init                          0x080020b1   Thumb Code    78  base.o(.text.GPIO_AFOut_Init)
    GPIO_Clock_Init                          0x08002101   Thumb Code    48  base.o(.text.GPIO_Clock_Init)
    GPIO_Init                                0x08002131   Thumb Code   246  stm32f4xx_gpio.o(.text.GPIO_Init)
    GPIO_Out_Init                            0x08002229   Thumb Code    88  base.o(.text.GPIO_Out_Init)
    GPIO_PinAFConfig                         0x08002281   Thumb Code   114  stm32f4xx_gpio.o(.text.GPIO_PinAFConfig)
    GPIO_ResetBits                           0x080022f5   Thumb Code    22  stm32f4xx_gpio.o(.text.GPIO_ResetBits)
    GPIO_SetBits                             0x0800230d   Thumb Code    20  stm32f4xx_gpio.o(.text.GPIO_SetBits)
    HardFault_Handler                        0x08002339   Thumb Code     4  stm32f4xx_it.o(.text.HardFault_Handler)
    LCD_Clear                                0x0800233d   Thumb Code    86  lcd.o(.text.LCD_Clear)
    LCD_Display_Dir                          0x08002395   Thumb Code   530  lcd.o(.text.LCD_Display_Dir)
    LCD_Fast_DrawPoint                       0x080025a9   Thumb Code   360  lcd.o(.text.LCD_Fast_DrawPoint)
    LCD_Init                                 0x08002711   Thumb Code 12336  lcd.o(.text.LCD_Init)
    LCD_Pow                                  0x08005741   Thumb Code    48  lcd.o(.text.LCD_Pow)
    LCD_RD_DATA                              0x08005771   Thumb Code    22  lcd.o(.text.LCD_RD_DATA)
    LCD_SSD_BackLightSet                     0x08005789   Thumb Code    96  lcd.o(.text.LCD_SSD_BackLightSet)
    LCD_Scan_Dir                             0x080057f1   Thumb Code   862  lcd.o(.text.LCD_Scan_Dir)
    LCD_SetCursor                            0x08005b51   Thumb Code   392  lcd.o(.text.LCD_SetCursor)
    LCD_ShowChar                             0x08005cd9   Thumb Code   450  lcd.o(.text.LCD_ShowChar)
    LCD_ShowNum                              0x08005e9d   Thumb Code   256  lcd.o(.text.LCD_ShowNum)
    LCD_ShowString                           0x08005f9d   Thumb Code   218  lcd.o(.text.LCD_ShowString)
    LCD_WR_DATA                              0x08006079   Thumb Code    30  lcd.o(.text.LCD_WR_DATA)
    LCD_WR_REG                               0x08006099   Thumb Code    30  lcd.o(.text.LCD_WR_REG)
    LCD_WriteRAM_Prepare                     0x080060b9   Thumb Code    20  lcd.o(.text.LCD_WriteRAM_Prepare)
    LCD_WriteReg                             0x080060cd   Thumb Code    38  lcd.o(.text.LCD_WriteReg)
    MemManage_Handler                        0x080060f5   Thumb Code     4  stm32f4xx_it.o(.text.MemManage_Handler)
    NMI_Handler                              0x080060f9   Thumb Code     2  stm32f4xx_it.o(.text.NMI_Handler)
    NVIC_Init                                0x080060fd   Thumb Code   202  misc.o(.text.NVIC_Init)
    PendSV_Handler                           0x080061c9   Thumb Code     2  stm32f4xx_it.o(.text.PendSV_Handler)
    RCC_AHB1PeriphClockCmd                   0x080061cd   Thumb Code    56  stm32f4xx_rcc.o(.text.RCC_AHB1PeriphClockCmd)
    RCC_AHB3PeriphClockCmd                   0x08006205   Thumb Code    56  stm32f4xx_rcc.o(.text.RCC_AHB3PeriphClockCmd)
    RCC_APB1PeriphClockCmd                   0x0800623d   Thumb Code    56  stm32f4xx_rcc.o(.text.RCC_APB1PeriphClockCmd)
    RCC_APB2PeriphClockCmd                   0x08006275   Thumb Code    56  stm32f4xx_rcc.o(.text.RCC_APB2PeriphClockCmd)
    RCC_GetClocksFreq                        0x080062ad   Thumb Code   354  stm32f4xx_rcc.o(.text.RCC_GetClocksFreq)
    SPI_Cmd                                  0x08006441   Thumb Code    44  stm32f4xx_spi.o(.text.SPI_Cmd)
    SPI_I2S_GetFlagStatus                    0x0800646d   Thumb Code    54  stm32f4xx_spi.o(.text.SPI_I2S_GetFlagStatus)
    SPI_I2S_ReceiveData                      0x080064a5   Thumb Code    12  stm32f4xx_spi.o(.text.SPI_I2S_ReceiveData)
    SPI_I2S_SendData                         0x080064b1   Thumb Code    20  stm32f4xx_spi.o(.text.SPI_I2S_SendData)
    SPI_Init                                 0x080064c5   Thumb Code   104  stm32f4xx_spi.o(.text.SPI_Init)
    SVC_Handler                              0x0800652d   Thumb Code     2  stm32f4xx_it.o(.text.SVC_Handler)
    Spi_Clock_Init                           0x08006665   Thumb Code   182  spi_base.o(.text.Spi_Clock_Init)
    Spi_Create                               0x0800671d   Thumb Code    76  spi_base.o(.text.Spi_Create)
    Spi_RW                                   0x08006791   Thumb Code    78  spi_base.o(.text.Spi_RW)
    SysTick_CLKSourceConfig                  0x080067e1   Thumb Code    52  misc.o(.text.SysTick_CLKSourceConfig)
    SysTick_Handler                          0x08006815   Thumb Code    16  base.o(.text.SysTick_Handler)
    SystemInit                               0x08006825   Thumb Code   116  system_stm32f4xx_1.o(.text.SystemInit)
    UART4_IRQHandler                         0x08006899   Thumb Code   154  user_usart.o(.text.UART4_IRQHandler)
    UART5_IRQHandler                         0x08006935   Thumb Code   154  user_usart.o(.text.UART5_IRQHandler)
    USART1_IRQHandler                        0x080069d1   Thumb Code   218  usart.o(.text.USART1_IRQHandler)
    USART2_IRQHandler                        0x08006aad   Thumb Code   154  user_usart.o(.text.USART2_IRQHandler)
    USART3_IRQHandler                        0x08006b49   Thumb Code   154  user_usart.o(.text.USART3_IRQHandler)
    USART6_IRQHandler                        0x08006be5   Thumb Code   154  user_usart.o(.text.USART6_IRQHandler)
    USART_ClearITPendingBit                  0x08006c81   Thumb Code    68  stm32f4xx_usart.o(.text.USART_ClearITPendingBit)
    USART_Cmd                                0x08006cc5   Thumb Code    44  stm32f4xx_usart.o(.text.USART_Cmd)
    USART_GetFlagStatus                      0x08006cf1   Thumb Code    68  stm32f4xx_usart.o(.text.USART_GetFlagStatus)
    USART_GetITStatus                        0x08006d35   Thumb Code   176  stm32f4xx_usart.o(.text.USART_GetITStatus)
    USART_ITConfig                           0x08006de5   Thumb Code   146  stm32f4xx_usart.o(.text.USART_ITConfig)
    USART_Init                               0x08006e79   Thumb Code   354  stm32f4xx_usart.o(.text.USART_Init)
    USART_ReceiveData                        0x08006fdd   Thumb Code    16  stm32f4xx_usart.o(.text.USART_ReceiveData)
    UsageFault_Handler                       0x08006fed   Thumb Code     4  stm32f4xx_it.o(.text.UsageFault_Handler)
    _sys_close                               0x08007059   Thumb Code    10  usart.o(.text._sys_close)
    _sys_exit                                0x08007065   Thumb Code     8  usart.o(.text._sys_exit)
    _sys_flen                                0x0800706d   Thumb Code    10  usart.o(.text._sys_flen)
    _sys_istty                               0x08007079   Thumb Code    10  usart.o(.text._sys_istty)
    _sys_open                                0x08007085   Thumb Code    12  usart.o(.text._sys_open)
    _sys_seek                                0x08007091   Thumb Code    12  usart.o(.text._sys_seek)
    _sys_write                               0x0800709d   Thumb Code    16  usart.o(.text._sys_write)
    _ttywrch                                 0x080070ad   Thumb Code     8  usart.o(.text._ttywrch)
    delay_init                               0x080070b5   Thumb Code    54  delay.o(.text.delay_init)
    delay_ms                                 0x080070ed   Thumb Code   100  delay.o(.text.delay_ms)
    delay_us                                 0x08007151   Thumb Code   140  delay.o(.text.delay_us)
    delay_xms                                0x080071dd   Thumb Code   144  delay.o(.text.delay_xms)
    fputc                                    0x080072c5   Thumb Code    48  usart.o(.text.fputc)
    main                                     0x080072f5   Thumb Code   336  main.o(.text.main)
    print_int                                0x08007445   Thumb Code   106  use.o(.text.print_int)
    print_str                                0x080074b1   Thumb Code    54  use.o(.text.print_str)
    uart_init                                0x080074e9   Thumb Code   186  usart.o(.text.uart_init)
    user_init                                0x080075a5   Thumb Code    22  use.o(.text.user_init)
    _btod_d2e                                0x080075bb   Thumb Code    62  btod.o(CL$$btod_d2e)
    _d2e_denorm_low                          0x080075f9   Thumb Code    70  btod.o(CL$$btod_d2e_denorm_low)
    _d2e_norm_op1                            0x0800763f   Thumb Code    96  btod.o(CL$$btod_d2e_norm_op1)
    __btod_div_common                        0x080076a1   Thumb Code   696  btod.o(CL$$btod_div_common)
    _e2e                                     0x080079d9   Thumb Code   220  btod.o(CL$$btod_e2e)
    _btod_ediv                               0x08007ab5   Thumb Code    42  btod.o(CL$$btod_ediv)
    _btod_emul                               0x08007adf   Thumb Code    42  btod.o(CL$$btod_emul)
    __btod_mult_common                       0x08007b09   Thumb Code   580  btod.o(CL$$btod_mult_common)
    __ARM_fpclassify                         0x08007d4d   Thumb Code    48  fpclassify.o(i.__ARM_fpclassify)
    _is_digit                                0x08007d7d   Thumb Code    14  __printf_wp.o(i._is_digit)
    _get_lc_numeric                          0x08007d8d   Thumb Code    44  lc_numeric_c.o(locale$$code)
    _get_lc_ctype                            0x08007db9   Thumb Code    44  lc_ctype_c.o(locale$$code)
    __aeabi_d2iz                             0x08007de5   Thumb Code     0  dfix.o(x$fpl$dfix)
    _dfix                                    0x08007de5   Thumb Code    94  dfix.o(x$fpl$dfix)
    __aeabi_i2d                              0x08007e43   Thumb Code     0  dflt_clz.o(x$fpl$dflt)
    _dflt                                    0x08007e43   Thumb Code    46  dflt_clz.o(x$fpl$dflt)
    __aeabi_dmul                             0x08007e71   Thumb Code     0  dmul.o(x$fpl$dmul)
    _dmul                                    0x08007e71   Thumb Code   332  dmul.o(x$fpl$dmul)
    __fpl_dnaninf                            0x08007fc5   Thumb Code   156  dnaninf.o(x$fpl$dnaninf)
    __fpl_dretinf                            0x08008061   Thumb Code    12  dretinf.o(x$fpl$dretinf)
    _fp_init                                 0x0800806d   Thumb Code    26  fpinit.o(x$fpl$fpinit)
    __fplib_config_fpu_vfp                   0x08008085   Thumb Code     0  fpinit.o(x$fpl$fpinit)
    __fplib_config_pureend_doubles           0x08008085   Thumb Code     0  fpinit.o(x$fpl$fpinit)
    _printf_fp_dec                           0x08008087   Thumb Code     4  printf1.o(x$fpl$printf1)
    _printf_fp_hex                           0x0800808b   Thumb Code     4  printf2.o(x$fpl$printf2)
    __I$use$fp                               0x0800808e   Number         0  usenofp.o(x$fpl$usenofp)
    __stdin_name                             0x080080f7   Data           4  sys_io_names.o(.constdata)
    __stdout_name                            0x080080fb   Data           4  sys_io_names.o(.constdata)
    __stderr_name                            0x080080ff   Data           4  sys_io_names.o(.constdata)
    asc2_1206                                0x080081a8   Data        1140  lcd.o(.rodata.asc2_1206)
    asc2_1608                                0x0800861c   Data        1520  lcd.o(.rodata.asc2_1608)
    asc2_2412                                0x08008c0c   Data        3420  lcd.o(.rodata.asc2_2412)
    Region$$Table$$Base                      0x0800999c   Number         0  anon$$obj.o(Region$$Table)
    Region$$Table$$Limit                     0x080099bc   Number         0  anon$$obj.o(Region$$Table)
    __ctype                                  0x080099e5   Data           0  lc_ctype_c.o(locale$$data)
    __aeabi_stdin                            0x20000000   Data           4  stdio_streams.o(.data)
    __aeabi_stdout                           0x20000004   Data           4  stdio_streams.o(.data)
    __aeabi_stderr                           0x20000008   Data           4  stdio_streams.o(.data)
    BACK_COLOR                               0x2000000c   Data           2  lcd.o(.data.BACK_COLOR)
    __stdin                                  0x20000040   Data          84  stdio_streams.o(.bss)
    __stdout                                 0x20000094   Data          84  stdio_streams.o(.bss)
    __stderr                                 0x200000e8   Data          84  stdio_streams.o(.bss)
    __libspace_start                         0x2000013c   Data          96  libspace.o(.bss)
    POINT_COLOR                              0x2000019c   Data           2  lcd.o(.bss.POINT_COLOR)
    __temporary_stack_top$libspace           0x2000019c   Data           0  libspace.o(.bss)
    USART_RX_BUF                             0x2000019e   Data         200  usart.o(.bss.USART_RX_BUF)
    USART_RX_STA                             0x20000266   Data           2  usart.o(.bss.USART_RX_STA)
    g_sys_tick_ms                            0x20000450   Data           4  base.o(.bss.g_sys_tick_ms)
    lcddev                                   0x20000454   Data          14  lcd.o(.bss.lcddev)



==============================================================================

Memory Map of the image

  Image Entry point : 0x08000189

  Load Region LR_IROM1 (Base: 0x08000000, Size: 0x00009b28, Max: 0x00100000, ABSOLUTE)

    Execution Region ER_IROM1 (Exec base: 0x08000000, Load base: 0x08000000, Size: 0x00009ae8, Max: 0x00100000, ABSOLUTE)

    Exec Addr    Load Addr    Size         Type   Attr      Idx    E Section Name        Object

    0x08000000   0x08000000   0x00000188   Data   RO           81    RESET               startup_stm32f40_41xxx.o
    0x08000188   0x08000188   0x00000008   Code   RO         2151  * !!!main             c_w.l(__main.o)
    0x08000190   0x08000190   0x0000005c   Code   RO         2657    !!!scatter          c_w.l(__scatter.o)
    0x080001ec   0x080001ec   0x0000001a   Code   RO         2661    !!handler_copy      c_w.l(__scatter_copy.o)
    0x08000206   0x08000206   0x00000002   PAD
    0x08000208   0x08000208   0x00000002   Code   RO         2658    !!handler_null      c_w.l(__scatter.o)
    0x0800020a   0x0800020a   0x00000002   PAD
    0x0800020c   0x0800020c   0x0000001c   Code   RO         2663    !!handler_zi        c_w.l(__scatter_zi.o)
    0x08000228   0x08000228   0x00000000   Code   RO         2251    .ARM.Collect$$_printf_percent$$00000000  c_w.l(_printf_percent.o)
    0x08000228   0x08000228   0x00000006   Code   RO         2240    .ARM.Collect$$_printf_percent$$00000001  c_w.l(_printf_n.o)
    0x0800022e   0x0800022e   0x00000006   Code   RO         2242    .ARM.Collect$$_printf_percent$$00000002  c_w.l(_printf_p.o)
    0x08000234   0x08000234   0x00000006   Code   RO         2247    .ARM.Collect$$_printf_percent$$00000003  c_w.l(_printf_f.o)
    0x0800023a   0x0800023a   0x00000006   Code   RO         2248    .ARM.Collect$$_printf_percent$$00000004  c_w.l(_printf_e.o)
    0x08000240   0x08000240   0x00000006   Code   RO         2249    .ARM.Collect$$_printf_percent$$00000005  c_w.l(_printf_g.o)
    0x08000246   0x08000246   0x00000006   Code   RO         2250    .ARM.Collect$$_printf_percent$$00000006  c_w.l(_printf_a.o)
    0x0800024c   0x0800024c   0x0000000a   Code   RO         2255    .ARM.Collect$$_printf_percent$$00000007  c_w.l(_printf_ll.o)
    0x08000256   0x08000256   0x00000006   Code   RO         2244    .ARM.Collect$$_printf_percent$$00000008  c_w.l(_printf_i.o)
    0x0800025c   0x0800025c   0x00000006   Code   RO         2245    .ARM.Collect$$_printf_percent$$00000009  c_w.l(_printf_d.o)
    0x08000262   0x08000262   0x00000006   Code   RO         2246    .ARM.Collect$$_printf_percent$$0000000A  c_w.l(_printf_u.o)
    0x08000268   0x08000268   0x00000006   Code   RO         2243    .ARM.Collect$$_printf_percent$$0000000B  c_w.l(_printf_o.o)
    0x0800026e   0x0800026e   0x00000006   Code   RO         2241    .ARM.Collect$$_printf_percent$$0000000C  c_w.l(_printf_x.o)
    0x08000274   0x08000274   0x00000006   Code   RO         2252    .ARM.Collect$$_printf_percent$$0000000D  c_w.l(_printf_lli.o)
    0x0800027a   0x0800027a   0x00000006   Code   RO         2253    .ARM.Collect$$_printf_percent$$0000000E  c_w.l(_printf_lld.o)
    0x08000280   0x08000280   0x00000006   Code   RO         2254    .ARM.Collect$$_printf_percent$$0000000F  c_w.l(_printf_llu.o)
    0x08000286   0x08000286   0x00000006   Code   RO         2259    .ARM.Collect$$_printf_percent$$00000010  c_w.l(_printf_llo.o)
    0x0800028c   0x0800028c   0x00000006   Code   RO         2260    .ARM.Collect$$_printf_percent$$00000011  c_w.l(_printf_llx.o)
    0x08000292   0x08000292   0x0000000a   Code   RO         2256    .ARM.Collect$$_printf_percent$$00000012  c_w.l(_printf_l.o)
    0x0800029c   0x0800029c   0x00000006   Code   RO         2238    .ARM.Collect$$_printf_percent$$00000013  c_w.l(_printf_c.o)
    0x080002a2   0x080002a2   0x00000006   Code   RO         2239    .ARM.Collect$$_printf_percent$$00000014  c_w.l(_printf_s.o)
    0x080002a8   0x080002a8   0x00000006   Code   RO         2257    .ARM.Collect$$_printf_percent$$00000015  c_w.l(_printf_lc.o)
    0x080002ae   0x080002ae   0x00000006   Code   RO         2258    .ARM.Collect$$_printf_percent$$00000016  c_w.l(_printf_ls.o)
    0x080002b4   0x080002b4   0x00000004   Code   RO         2316    .ARM.Collect$$_printf_percent$$00000017  c_w.l(_printf_percent_end.o)
    0x080002b8   0x080002b8   0x00000002   Code   RO         2457    .ARM.Collect$$libinit$$00000000  c_w.l(libinit.o)
    0x080002ba   0x080002ba   0x00000004   Code   RO         2458    .ARM.Collect$$libinit$$00000001  c_w.l(libinit2.o)
    0x080002be   0x080002be   0x00000000   Code   RO         2461    .ARM.Collect$$libinit$$00000004  c_w.l(libinit2.o)
    0x080002be   0x080002be   0x00000000   Code   RO         2463    .ARM.Collect$$libinit$$00000006  c_w.l(libinit2.o)
    0x080002be   0x080002be   0x00000008   Code   RO         2464    .ARM.Collect$$libinit$$00000007  c_w.l(libinit2.o)
    0x080002c6   0x080002c6   0x00000000   Code   RO         2466    .ARM.Collect$$libinit$$0000000C  c_w.l(libinit2.o)
    0x080002c6   0x080002c6   0x00000000   Code   RO         2468    .ARM.Collect$$libinit$$0000000E  c_w.l(libinit2.o)
    0x080002c6   0x080002c6   0x00000000   Code   RO         2470    .ARM.Collect$$libinit$$00000010  c_w.l(libinit2.o)
    0x080002c6   0x080002c6   0x00000006   Code   RO         2471    .ARM.Collect$$libinit$$00000011  c_w.l(libinit2.o)
    0x080002cc   0x080002cc   0x00000000   Code   RO         2473    .ARM.Collect$$libinit$$00000013  c_w.l(libinit2.o)
    0x080002cc   0x080002cc   0x0000000c   Code   RO         2474    .ARM.Collect$$libinit$$00000014  c_w.l(libinit2.o)
    0x080002d8   0x080002d8   0x00000000   Code   RO         2475    .ARM.Collect$$libinit$$00000015  c_w.l(libinit2.o)
    0x080002d8   0x080002d8   0x00000000   Code   RO         2477    .ARM.Collect$$libinit$$00000017  c_w.l(libinit2.o)
    0x080002d8   0x080002d8   0x0000000a   Code   RO         2478    .ARM.Collect$$libinit$$00000018  c_w.l(libinit2.o)
    0x080002e2   0x080002e2   0x00000000   Code   RO         2479    .ARM.Collect$$libinit$$00000019  c_w.l(libinit2.o)
    0x080002e2   0x080002e2   0x00000000   Code   RO         2481    .ARM.Collect$$libinit$$0000001B  c_w.l(libinit2.o)
    0x080002e2   0x080002e2   0x00000000   Code   RO         2483    .ARM.Collect$$libinit$$0000001D  c_w.l(libinit2.o)
    0x080002e2   0x080002e2   0x00000000   Code   RO         2485    .ARM.Collect$$libinit$$0000001F  c_w.l(libinit2.o)
    0x080002e2   0x080002e2   0x00000000   Code   RO         2487    .ARM.Collect$$libinit$$00000021  c_w.l(libinit2.o)
    0x080002e2   0x080002e2   0x00000000   Code   RO         2489    .ARM.Collect$$libinit$$00000023  c_w.l(libinit2.o)
    0x080002e2   0x080002e2   0x00000000   Code   RO         2491    .ARM.Collect$$libinit$$00000025  c_w.l(libinit2.o)
    0x080002e2   0x080002e2   0x00000004   Code   RO         2492    .ARM.Collect$$libinit$$00000026  c_w.l(libinit2.o)
    0x080002e6   0x080002e6   0x00000000   Code   RO         2493    .ARM.Collect$$libinit$$00000027  c_w.l(libinit2.o)
    0x080002e6   0x080002e6   0x00000000   Code   RO         2497    .ARM.Collect$$libinit$$0000002E  c_w.l(libinit2.o)
    0x080002e6   0x080002e6   0x00000000   Code   RO         2499    .ARM.Collect$$libinit$$00000030  c_w.l(libinit2.o)
    0x080002e6   0x080002e6   0x00000000   Code   RO         2501    .ARM.Collect$$libinit$$00000032  c_w.l(libinit2.o)
    0x080002e6   0x080002e6   0x00000000   Code   RO         2503    .ARM.Collect$$libinit$$00000034  c_w.l(libinit2.o)
    0x080002e6   0x080002e6   0x00000002   Code   RO         2504    .ARM.Collect$$libinit$$00000035  c_w.l(libinit2.o)
    0x080002e8   0x080002e8   0x00000002   Code   RO         2637    .ARM.Collect$$libshutdown$$00000000  c_w.l(libshutdown.o)
    0x080002ea   0x080002ea   0x00000000   Code   RO         2506    .ARM.Collect$$libshutdown$$00000002  c_w.l(libshutdown2.o)
    0x080002ea   0x080002ea   0x00000004   Code   RO         2507    .ARM.Collect$$libshutdown$$00000003  c_w.l(libshutdown2.o)
    0x080002ee   0x080002ee   0x00000000   Code   RO         2508    .ARM.Collect$$libshutdown$$00000004  c_w.l(libshutdown2.o)
    0x080002ee   0x080002ee   0x00000000   Code   RO         2511    .ARM.Collect$$libshutdown$$00000007  c_w.l(libshutdown2.o)
    0x080002ee   0x080002ee   0x00000000   Code   RO         2514    .ARM.Collect$$libshutdown$$0000000A  c_w.l(libshutdown2.o)
    0x080002ee   0x080002ee   0x00000000   Code   RO         2516    .ARM.Collect$$libshutdown$$0000000C  c_w.l(libshutdown2.o)
    0x080002ee   0x080002ee   0x00000000   Code   RO         2519    .ARM.Collect$$libshutdown$$0000000F  c_w.l(libshutdown2.o)
    0x080002ee   0x080002ee   0x00000002   Code   RO         2520    .ARM.Collect$$libshutdown$$00000010  c_w.l(libshutdown2.o)
    0x080002f0   0x080002f0   0x00000000   Code   RO         2167    .ARM.Collect$$rtentry$$00000000  c_w.l(__rtentry.o)
    0x080002f0   0x080002f0   0x00000000   Code   RO         2283    .ARM.Collect$$rtentry$$00000002  c_w.l(__rtentry2.o)
    0x080002f0   0x080002f0   0x00000006   Code   RO         2295    .ARM.Collect$$rtentry$$00000004  c_w.l(__rtentry4.o)
    0x080002f6   0x080002f6   0x00000000   Code   RO         2285    .ARM.Collect$$rtentry$$00000009  c_w.l(__rtentry2.o)
    0x080002f6   0x080002f6   0x00000004   Code   RO         2286    .ARM.Collect$$rtentry$$0000000A  c_w.l(__rtentry2.o)
    0x080002fa   0x080002fa   0x00000000   Code   RO         2288    .ARM.Collect$$rtentry$$0000000C  c_w.l(__rtentry2.o)
    0x080002fa   0x080002fa   0x00000008   Code   RO         2289    .ARM.Collect$$rtentry$$0000000D  c_w.l(__rtentry2.o)
    0x08000302   0x08000302   0x00000002   Code   RO         2528    .ARM.Collect$$rtexit$$00000000  c_w.l(rtexit.o)
    0x08000304   0x08000304   0x00000000   Code   RO         2581    .ARM.Collect$$rtexit$$00000002  c_w.l(rtexit2.o)
    0x08000304   0x08000304   0x00000004   Code   RO         2582    .ARM.Collect$$rtexit$$00000003  c_w.l(rtexit2.o)
    0x08000308   0x08000308   0x00000006   Code   RO         2583    .ARM.Collect$$rtexit$$00000004  c_w.l(rtexit2.o)
    0x0800030e   0x0800030e   0x00000002   PAD
    0x08000310   0x08000310   0x00000040   Code   RO           82    .text               startup_stm32f40_41xxx.o
    0x08000350   0x08000350   0x00000002   Code   RO         2139    .text               c_w.l(use_no_semi_2.o)
    0x08000352   0x08000352   0x00000002   PAD
    0x08000354   0x08000354   0x00000018   Code   RO         2143    .text               c_w.l(printf.o)
    0x0800036c   0x0800036c   0x00000048   Code   RO         2145    .text               c_w.l(strcpy.o)
    0x080003b4   0x080003b4   0x00000044   Code   RO         2147    .text               c_w.l(rt_memclr.o)
    0x080003f8   0x080003f8   0x00000006   Code   RO         2149    .text               c_w.l(heapauxi.o)
    0x080003fe   0x080003fe   0x00000002   Code   RO         2165    .text               c_w.l(use_no_semi.o)
    0x08000400   0x08000400   0x0000004e   Code   RO         2174    .text               c_w.l(_printf_pad.o)
    0x0800044e   0x0800044e   0x00000024   Code   RO         2176    .text               c_w.l(_printf_truncate.o)
    0x08000472   0x08000472   0x00000052   Code   RO         2178    .text               c_w.l(_printf_str.o)
    0x080004c4   0x080004c4   0x00000078   Code   RO         2180    .text               c_w.l(_printf_dec.o)
    0x0800053c   0x0800053c   0x00000028   Code   RO         2182    .text               c_w.l(_printf_charcount.o)
    0x08000564   0x08000564   0x00000024   Code   RO         2184    .text               c_w.l(_printf_char_file.o)
    0x08000588   0x08000588   0x000000bc   Code   RO         2186    .text               c_w.l(_printf_wctomb.o)
    0x08000644   0x08000644   0x0000007c   Code   RO         2189    .text               c_w.l(_printf_longlong_dec.o)
    0x080006c0   0x080006c0   0x00000070   Code   RO         2195    .text               c_w.l(_printf_oct_int_ll.o)
    0x08000730   0x08000730   0x00000094   Code   RO         2215    .text               c_w.l(_printf_hex_int_ll_ptr.o)
    0x080007c4   0x080007c4   0x00000188   Code   RO         2235    .text               c_w.l(__printf_flags_ss_wp.o)
    0x0800094c   0x0800094c   0x0000004e   Code   RO         2267    .text               c_w.l(rt_memclr_w.o)
    0x0800099a   0x0800099a   0x0000008a   Code   RO         2299    .text               c_w.l(lludiv10.o)
    0x08000a24   0x08000a24   0x000000b2   Code   RO         2301    .text               c_w.l(_printf_intcommon.o)
    0x08000ad6   0x08000ad6   0x0000041c   Code   RO         2303    .text               c_w.l(_printf_fp_dec.o)
    0x08000ef2   0x08000ef2   0x00000002   PAD
    0x08000ef4   0x08000ef4   0x000002fc   Code   RO         2307    .text               c_w.l(_printf_fp_hex.o)
    0x080011f0   0x080011f0   0x00000030   Code   RO         2310    .text               c_w.l(_printf_char_common.o)
    0x08001220   0x08001220   0x0000002c   Code   RO         2312    .text               c_w.l(_printf_char.o)
    0x0800124c   0x0800124c   0x0000002c   Code   RO         2314    .text               c_w.l(_printf_wchar.o)
    0x08001278   0x08001278   0x00000008   Code   RO         2317    .text               c_w.l(ferror.o)
    0x08001280   0x08001280   0x00000138   Code   RO         2319    .text               c_w.l(initio.o)
    0x080013b8   0x080013b8   0x00000048   Code   RO         2325    .text               c_w.l(_c16rtomb.o)
    0x08001400   0x08001400   0x0000004a   Code   RO         2332    .text               c_w.l(sys_stackheap_outer.o)
    0x0800144a   0x0800144a   0x00000002   PAD
    0x0800144c   0x0800144c   0x00000010   Code   RO         2334    .text               c_w.l(rt_ctype_table.o)
    0x0800145c   0x0800145c   0x00000008   Code   RO         2339    .text               c_w.l(rt_locale_intlibspace.o)
    0x08001464   0x08001464   0x0000004e   Code   RO         2343    .text               c_w.l(h1_free.o)
    0x080014b2   0x080014b2   0x00000002   PAD
    0x080014b4   0x080014b4   0x00000080   Code   RO         2397    .text               c_w.l(_printf_fp_infnan.o)
    0x08001534   0x08001534   0x000000e4   Code   RO         2401    .text               c_w.l(bigflt0.o)
    0x08001618   0x08001618   0x00000046   Code   RO         2428    .text               c_w.l(setvbuf.o)
    0x0800165e   0x0800165e   0x00000002   PAD
    0x08001660   0x08001660   0x000000f0   Code   RO         2431    .text               c_w.l(fopen.o)
    0x08001750   0x08001750   0x0000004c   Code   RO         2433    .text               c_w.l(fclose.o)
    0x0800179c   0x0800179c   0x00000012   Code   RO         2442    .text               c_w.l(exit.o)
    0x080017ae   0x080017ae   0x0000000e   Code   RO         2448    .text               c_w.l(defsig_rtred_outer.o)
    0x080017bc   0x080017bc   0x00000008   Code   RO         2525    .text               c_w.l(libspace.o)
    0x080017c4   0x080017c4   0x00000008   Code   RO         2535    .text               c_w.l(rt_heap_descriptor_intlibspace.o)
    0x080017cc   0x080017cc   0x00000004   Code   RO         2537    .text               c_w.l(hguard.o)
    0x080017d0   0x080017d0   0x0000008a   Code   RO         2539    .text               c_w.l(init_alloc.o)
    0x0800185a   0x0800185a   0x0000005e   Code   RO         2545    .text               c_w.l(h1_alloc.o)
    0x080018b8   0x080018b8   0x000000f8   Code   RO         2559    .text               c_w.l(fseek.o)
    0x080019b0   0x080019b0   0x00000108   Code   RO         2561    .text               c_w.l(stdio.o)
    0x08001ab8   0x08001ab8   0x0000000a   Code   RO         2566    .text               c_w.l(defsig_exit.o)
    0x08001ac2   0x08001ac2   0x00000002   PAD
    0x08001ac4   0x08001ac4   0x00000034   Code   RO         2570    .text               c_w.l(defsig_rtred_inner.o)
    0x08001af8   0x08001af8   0x0000007c   Code   RO         2574    .text               c_w.l(strcmpv7em.o)
    0x08001b74   0x08001b74   0x00000000   Code   RO         2587    .text               c_w.l(maybetermalloc1.o)
    0x08001b74   0x08001b74   0x0000000c   Code   RO         2589    .text               c_w.l(h1_init.o)
    0x08001b80   0x08001b80   0x00000034   Code   RO         2591    .text               c_w.l(h1_extend.o)
    0x08001bb4   0x08001bb4   0x00000042   Code   RO         2599    .text               c_w.l(ftell.o)
    0x08001bf6   0x08001bf6   0x00000032   Code   RO         2603    .text               c_w.l(defsig_general.o)
    0x08001c28   0x08001c28   0x0000000e   Code   RO         2605    .text               c_w.l(defsig_rtmem_outer.o)
    0x08001c36   0x08001c36   0x00000002   PAD
    0x08001c38   0x08001c38   0x00000008   Code   RO         2625    .text               c_w.l(rt_errno_addr_intlibspace.o)
    0x08001c40   0x08001c40   0x00000050   Code   RO         2631    .text               c_w.l(defsig_rtmem_inner.o)
    0x08001c90   0x08001c90   0x00000004   Code   RO          126    .text.BusFault_Handler  stm32f4xx_it.o
    0x08001c94   0x08001c94   0x00000002   Code   RO          132    .text.DebugMon_Handler  stm32f4xx_it.o
    0x08001c96   0x08001c96   0x00000002   PAD
    0x08001c98   0x08001c98   0x00000042   Code   RO         1053    .text.FSMC_NORSRAMCmd  stm32f4xx_fsmc.o
    0x08001cda   0x08001cda   0x00000002   PAD
    0x08001cdc   0x08001cdc   0x0000015c   Code   RO         1049    .text.FSMC_NORSRAMInit  stm32f4xx_fsmc.o
    0x08001e38   0x08001e38   0x0000004e   Code   RO          458    .text.Flash_Config_Read  flash_function.o
    0x08001e86   0x08001e86   0x00000002   PAD
    0x08001e88   0x08001e88   0x0000004e   Code   RO          456    .text.Flash_Config_Write  flash_function.o
    0x08001ed6   0x08001ed6   0x00000002   PAD
    0x08001ed8   0x08001ed8   0x0000005c   Code   RO          444    .text.Flash_ReadData  flash_base.o
    0x08001f34   0x08001f34   0x000000da   Code   RO          442    .text.Flash_Write_Sector  flash_base.o
    0x0800200e   0x0800200e   0x00000002   PAD
    0x08002010   0x08002010   0x000000a0   Code   RO          426    .text.Flash_init    flash_base.o
    0x080020b0   0x080020b0   0x0000004e   Code   RO          322    .text.GPIO_AFOut_Init  base.o
    0x080020fe   0x080020fe   0x00000002   PAD
    0x08002100   0x08002100   0x00000030   Code   RO          308    .text.GPIO_Clock_Init  base.o
    0x08002130   0x08002130   0x000000f6   Code   RO         1095    .text.GPIO_Init     stm32f4xx_gpio.o
    0x08002226   0x08002226   0x00000002   PAD
    0x08002228   0x08002228   0x00000058   Code   RO          320    .text.GPIO_Out_Init  base.o
    0x08002280   0x08002280   0x00000072   Code   RO         1119    .text.GPIO_PinAFConfig  stm32f4xx_gpio.o
    0x080022f2   0x080022f2   0x00000002   PAD
    0x080022f4   0x080022f4   0x00000016   Code   RO         1111    .text.GPIO_ResetBits  stm32f4xx_gpio.o
    0x0800230a   0x0800230a   0x00000002   PAD
    0x0800230c   0x0800230c   0x00000014   Code   RO         1109    .text.GPIO_SetBits  stm32f4xx_gpio.o
    0x08002320   0x08002320   0x00000016   Code   RO          324    .text.Get_Source    base.o
    0x08002336   0x08002336   0x00000002   PAD
    0x08002338   0x08002338   0x00000004   Code   RO          122    .text.HardFault_Handler  stm32f4xx_it.o
    0x0800233c   0x0800233c   0x00000056   Code   RO          228    .text.LCD_Clear     lcd.o
    0x08002392   0x08002392   0x00000002   PAD
    0x08002394   0x08002394   0x00000212   Code   RO          222    .text.LCD_Display_Dir  lcd.o
    0x080025a6   0x080025a6   0x00000002   PAD
    0x080025a8   0x080025a8   0x00000168   Code   RO          218    .text.LCD_Fast_DrawPoint  lcd.o
    0x08002710   0x08002710   0x00003030   Code   RO          226    .text.LCD_Init      lcd.o
    0x08005740   0x08005740   0x00000030   Code   RO          242    .text.LCD_Pow       lcd.o
    0x08005770   0x08005770   0x00000016   Code   RO          192    .text.LCD_RD_DATA   lcd.o
    0x08005786   0x08005786   0x00000002   PAD
    0x08005788   0x08005788   0x00000068   Code   RO          220    .text.LCD_SSD_BackLightSet  lcd.o
    0x080057f0   0x080057f0   0x0000035e   Code   RO          214    .text.LCD_Scan_Dir  lcd.o
    0x08005b4e   0x08005b4e   0x00000002   PAD
    0x08005b50   0x08005b50   0x00000188   Code   RO          208    .text.LCD_SetCursor  lcd.o
    0x08005cd8   0x08005cd8   0x000001c2   Code   RO          240    .text.LCD_ShowChar  lcd.o
    0x08005e9a   0x08005e9a   0x00000002   PAD
    0x08005e9c   0x08005e9c   0x00000100   Code   RO          244    .text.LCD_ShowNum   lcd.o
    0x08005f9c   0x08005f9c   0x000000da   Code   RO          248    .text.LCD_ShowString  lcd.o
    0x08006076   0x08006076   0x00000002   PAD
    0x08006078   0x08006078   0x0000001e   Code   RO          190    .text.LCD_WR_DATA   lcd.o
    0x08006096   0x08006096   0x00000002   PAD
    0x08006098   0x08006098   0x0000001e   Code   RO          188    .text.LCD_WR_REG    lcd.o
    0x080060b6   0x080060b6   0x00000002   PAD
    0x080060b8   0x080060b8   0x00000014   Code   RO          198    .text.LCD_WriteRAM_Prepare  lcd.o
    0x080060cc   0x080060cc   0x00000026   Code   RO          194    .text.LCD_WriteReg  lcd.o
    0x080060f2   0x080060f2   0x00000002   PAD
    0x080060f4   0x080060f4   0x00000004   Code   RO          124    .text.MemManage_Handler  stm32f4xx_it.o
    0x080060f8   0x080060f8   0x00000002   Code   RO          120    .text.NMI_Handler   stm32f4xx_it.o
    0x080060fa   0x080060fa   0x00000002   PAD
    0x080060fc   0x080060fc   0x000000ca   Code   RO          482    .text.NVIC_Init     misc.o
    0x080061c6   0x080061c6   0x00000002   PAD
    0x080061c8   0x080061c8   0x00000002   Code   RO          134    .text.PendSV_Handler  stm32f4xx_it.o
    0x080061ca   0x080061ca   0x00000002   PAD
    0x080061cc   0x080061cc   0x00000038   Code   RO         1464    .text.RCC_AHB1PeriphClockCmd  stm32f4xx_rcc.o
    0x08006204   0x08006204   0x00000038   Code   RO         1468    .text.RCC_AHB3PeriphClockCmd  stm32f4xx_rcc.o
    0x0800623c   0x0800623c   0x00000038   Code   RO         1470    .text.RCC_APB1PeriphClockCmd  stm32f4xx_rcc.o
    0x08006274   0x08006274   0x00000038   Code   RO         1472    .text.RCC_APB2PeriphClockCmd  stm32f4xx_rcc.o
    0x080062ac   0x080062ac   0x00000162   Code   RO         1442    .text.RCC_GetClocksFreq  stm32f4xx_rcc.o
    0x0800640e   0x0800640e   0x00000002   PAD
    0x08006410   0x08006410   0x0000002e   Code   RO          446    .text.ReadSR1       flash_base.o
    0x0800643e   0x0800643e   0x00000002   PAD
    0x08006440   0x08006440   0x0000002c   Code   RO         1791    .text.SPI_Cmd       stm32f4xx_spi.o
    0x0800646c   0x0800646c   0x00000036   Code   RO         1823    .text.SPI_I2S_GetFlagStatus  stm32f4xx_spi.o
    0x080064a2   0x080064a2   0x00000002   PAD
    0x080064a4   0x080064a4   0x0000000c   Code   RO         1807    .text.SPI_I2S_ReceiveData  stm32f4xx_spi.o
    0x080064b0   0x080064b0   0x00000014   Code   RO         1809    .text.SPI_I2S_SendData  stm32f4xx_spi.o
    0x080064c4   0x080064c4   0x00000068   Code   RO         1783    .text.SPI_Init      stm32f4xx_spi.o
    0x0800652c   0x0800652c   0x00000002   Code   RO          130    .text.SVC_Handler   stm32f4xx_it.o
    0x0800652e   0x0800652e   0x00000002   PAD
    0x08006530   0x08006530   0x00000134   Code   RO           91    .text.SetSysClock   system_stm32f4xx_1.o
    0x08006664   0x08006664   0x000000b6   Code   RO          469    .text.Spi_Clock_Init  spi_base.o
    0x0800671a   0x0800671a   0x00000002   PAD
    0x0800671c   0x0800671c   0x0000004c   Code   RO          467    .text.Spi_Create    spi_base.o
    0x08006768   0x08006768   0x00000014   Code   RO          438    .text.Spi_Cs_Hight  flash_base.o
    0x0800677c   0x0800677c   0x00000014   Code   RO          432    .text.Spi_Cs_Low    flash_base.o
    0x08006790   0x08006790   0x0000004e   Code   RO          471    .text.Spi_RW        spi_base.o
    0x080067de   0x080067de   0x00000002   PAD
    0x080067e0   0x080067e0   0x00000034   Code   RO          488    .text.SysTick_CLKSourceConfig  misc.o
    0x08006814   0x08006814   0x00000010   Code   RO          318    .text.SysTick_Handler  base.o
    0x08006824   0x08006824   0x00000074   Code   RO           89    .text.SystemInit    system_stm32f4xx_1.o
    0x08006898   0x08006898   0x0000009a   Code   RO          288    .text.UART4_IRQHandler  user_usart.o
    0x08006932   0x08006932   0x00000002   PAD
    0x08006934   0x08006934   0x0000009a   Code   RO          290    .text.UART5_IRQHandler  user_usart.o
    0x080069ce   0x080069ce   0x00000002   PAD
    0x080069d0   0x080069d0   0x000000da   Code   RO           52    .text.USART1_IRQHandler  usart.o
    0x08006aaa   0x08006aaa   0x00000002   PAD
    0x08006aac   0x08006aac   0x0000009a   Code   RO          284    .text.USART2_IRQHandler  user_usart.o
    0x08006b46   0x08006b46   0x00000002   PAD
    0x08006b48   0x08006b48   0x0000009a   Code   RO          286    .text.USART3_IRQHandler  user_usart.o
    0x08006be2   0x08006be2   0x00000002   PAD
    0x08006be4   0x08006be4   0x0000009a   Code   RO          292    .text.USART6_IRQHandler  user_usart.o
    0x08006c7e   0x08006c7e   0x00000002   PAD
    0x08006c80   0x08006c80   0x00000044   Code   RO         2106    .text.USART_ClearITPendingBit  stm32f4xx_usart.o
    0x08006cc4   0x08006cc4   0x0000002c   Code   RO         2060    .text.USART_Cmd     stm32f4xx_usart.o
    0x08006cf0   0x08006cf0   0x00000044   Code   RO         2100    .text.USART_GetFlagStatus  stm32f4xx_usart.o
    0x08006d34   0x08006d34   0x000000b0   Code   RO         2104    .text.USART_GetITStatus  stm32f4xx_usart.o
    0x08006de4   0x08006de4   0x00000092   Code   RO         2098    .text.USART_ITConfig  stm32f4xx_usart.o
    0x08006e76   0x08006e76   0x00000002   PAD
    0x08006e78   0x08006e78   0x00000162   Code   RO         2052    .text.USART_Init    stm32f4xx_usart.o
    0x08006fda   0x08006fda   0x00000002   PAD
    0x08006fdc   0x08006fdc   0x00000010   Code   RO         2070    .text.USART_ReceiveData  stm32f4xx_usart.o
    0x08006fec   0x08006fec   0x00000004   Code   RO          128    .text.UsageFault_Handler  stm32f4xx_it.o
    0x08006ff0   0x08006ff0   0x0000001a   Code   RO          440    .text.WaitBusy      flash_base.o
    0x0800700a   0x0800700a   0x00000002   PAD
    0x0800700c   0x0800700c   0x0000002a   Code   RO          436    .text.Write_Addr    flash_base.o
    0x08007036   0x08007036   0x00000002   PAD
    0x08007038   0x08007038   0x0000001e   Code   RO          430    .text.Write_Enable  flash_base.o
    0x08007056   0x08007056   0x00000002   PAD
    0x08007058   0x08007058   0x0000000a   Code   RO           36    .text._sys_close    usart.o
    0x08007062   0x08007062   0x00000002   PAD
    0x08007064   0x08007064   0x00000008   Code   RO           30    .text._sys_exit     usart.o
    0x0800706c   0x0800706c   0x0000000a   Code   RO           46    .text._sys_flen     usart.o
    0x08007076   0x08007076   0x00000002   PAD
    0x08007078   0x08007078   0x0000000a   Code   RO           42    .text._sys_istty    usart.o
    0x08007082   0x08007082   0x00000002   PAD
    0x08007084   0x08007084   0x0000000c   Code   RO           34    .text._sys_open     usart.o
    0x08007090   0x08007090   0x0000000c   Code   RO           44    .text._sys_seek     usart.o
    0x0800709c   0x0800709c   0x00000010   Code   RO           38    .text._sys_write    usart.o
    0x080070ac   0x080070ac   0x00000008   Code   RO           32    .text._ttywrch      usart.o
    0x080070b4   0x080070b4   0x00000036   Code   RO           63    .text.delay_init    delay.o
    0x080070ea   0x080070ea   0x00000002   PAD
    0x080070ec   0x080070ec   0x00000064   Code   RO           69    .text.delay_ms      delay.o
    0x08007150   0x08007150   0x0000008c   Code   RO           65    .text.delay_us      delay.o
    0x080071dc   0x080071dc   0x00000090   Code   RO           67    .text.delay_xms     delay.o
    0x0800726c   0x0800726c   0x00000058   Code   RO          434    .text.erase_memory  flash_base.o
    0x080072c4   0x080072c4   0x00000030   Code   RO           48    .text.fputc         usart.o
    0x080072f4   0x080072f4   0x00000150   Code   RO          104    .text.main          main.o
    0x08007444   0x08007444   0x0000006a   Code   RO          147    .text.print_int     use.o
    0x080074ae   0x080074ae   0x00000002   PAD
    0x080074b0   0x080074b0   0x00000036   Code   RO          145    .text.print_str     use.o
    0x080074e6   0x080074e6   0x00000002   PAD
    0x080074e8   0x080074e8   0x000000ba   Code   RO           50    .text.uart_init     usart.o
    0x080075a2   0x080075a2   0x00000002   PAD
    0x080075a4   0x080075a4   0x00000016   Code   RO          143    .text.user_init     use.o
    0x080075ba   0x080075ba   0x0000003e   Code   RO         2404    CL$$btod_d2e        c_w.l(btod.o)
    0x080075f8   0x080075f8   0x00000046   Code   RO         2406    CL$$btod_d2e_denorm_low  c_w.l(btod.o)
    0x0800763e   0x0800763e   0x00000060   Code   RO         2405    CL$$btod_d2e_norm_op1  c_w.l(btod.o)
    0x0800769e   0x0800769e   0x00000002   PAD
    0x080076a0   0x080076a0   0x00000338   Code   RO         2414    CL$$btod_div_common  c_w.l(btod.o)
    0x080079d8   0x080079d8   0x000000dc   Code   RO         2411    CL$$btod_e2e        c_w.l(btod.o)
    0x08007ab4   0x08007ab4   0x0000002a   Code   RO         2408    CL$$btod_ediv       c_w.l(btod.o)
    0x08007ade   0x08007ade   0x0000002a   Code   RO         2407    CL$$btod_emul       c_w.l(btod.o)
    0x08007b08   0x08007b08   0x00000244   Code   RO         2413    CL$$btod_mult_common  c_w.l(btod.o)
    0x08007d4c   0x08007d4c   0x00000030   Code   RO         2523    i.__ARM_fpclassify  m_wm.l(fpclassify.o)
    0x08007d7c   0x08007d7c   0x0000000e   Code   RO         2228    i._is_digit         c_w.l(__printf_wp.o)
    0x08007d8a   0x08007d8a   0x00000002   PAD
    0x08007d8c   0x08007d8c   0x0000002c   Code   RO         2440    locale$$code        c_w.l(lc_numeric_c.o)
    0x08007db8   0x08007db8   0x0000002c   Code   RO         2564    locale$$code        c_w.l(lc_ctype_c.o)
    0x08007de4   0x08007de4   0x0000005e   Code   RO         2153    x$fpl$dfix          fz_wm.l(dfix.o)
    0x08007e42   0x08007e42   0x0000002e   Code   RO         2158    x$fpl$dflt          fz_wm.l(dflt_clz.o)
    0x08007e70   0x08007e70   0x00000154   Code   RO         2163    x$fpl$dmul          fz_wm.l(dmul.o)
    0x08007fc4   0x08007fc4   0x0000009c   Code   RO         2269    x$fpl$dnaninf       fz_wm.l(dnaninf.o)
    0x08008060   0x08008060   0x0000000c   Code   RO         2271    x$fpl$dretinf       fz_wm.l(dretinf.o)
    0x0800806c   0x0800806c   0x0000001a   Code   RO         2578    x$fpl$fpinit        fz_wm.l(fpinit.o)
    0x08008086   0x08008086   0x00000004   Code   RO         2273    x$fpl$printf1       fz_wm.l(printf1.o)
    0x0800808a   0x0800808a   0x00000004   Code   RO         2275    x$fpl$printf2       fz_wm.l(printf2.o)
    0x0800808e   0x0800808e   0x00000000   Code   RO         2281    x$fpl$usenofp       fz_wm.l(usenofp.o)
    0x0800808e   0x0800808e   0x00000002   PAD
    0x08008090   0x08008090   0x00000008   Data   RO         2187    .constdata          c_w.l(_printf_wctomb.o)
    0x08008098   0x08008098   0x00000028   Data   RO         2216    .constdata          c_w.l(_printf_hex_int_ll_ptr.o)
    0x080080c0   0x080080c0   0x00000011   Data   RO         2236    .constdata          c_w.l(__printf_flags_ss_wp.o)
    0x080080d1   0x080080d1   0x00000026   Data   RO         2308    .constdata          c_w.l(_printf_fp_hex.o)
    0x080080f7   0x080080f7   0x00000004   Data   RO         2327    .constdata          c_w.l(sys_io_names.o)
    0x080080fb   0x080080fb   0x00000004   Data   RO         2328    .constdata          c_w.l(sys_io_names.o)
    0x080080ff   0x080080ff   0x00000004   Data   RO         2329    .constdata          c_w.l(sys_io_names.o)
    0x08008103   0x08008103   0x00000001   PAD
    0x08008104   0x08008104   0x00000094   Data   RO         2402    .constdata          c_w.l(bigflt0.o)
    0x08008198   0x08008198   0x00000010   Data   RO         1504    .rodata.APBAHBPrescTable  stm32f4xx_rcc.o
    0x080081a8   0x080081a8   0x00000474   Data   RO          250    .rodata.asc2_1206   lcd.o
    0x0800861c   0x0800861c   0x000005f0   Data   RO          251    .rodata.asc2_1608   lcd.o
    0x08008c0c   0x08008c0c   0x00000d5c   Data   RO          252    .rodata.asc2_2412   lcd.o
    0x08009968   0x08009968   0x00000027   Data   RO          109    .rodata.str1.1      main.o
    0x0800998f   0x0800998f   0x0000000d   Data   RO          256    .rodata.str1.1      lcd.o
    0x0800999c   0x0800999c   0x00000020   Data   RO         2656    Region$$Table       anon$$obj.o
    0x080099bc   0x080099bc   0x0000001c   Data   RO         2439    locale$$data        c_w.l(lc_numeric_c.o)
    0x080099d8   0x080099d8   0x00000110   Data   RO         2563    locale$$data        c_w.l(lc_ctype_c.o)


    Execution Region RW_IRAM1 (Exec base: 0x20000000, Load base: 0x08009ae8, Size: 0x00000d18, Max: 0x00020000, ABSOLUTE)

    Exec Addr    Load Addr    Size         Type   Attr      Idx    E Section Name        Object

    0x20000000   0x08009ae8   0x00000004   Data   RW         2264    .data               c_w.l(stdio_streams.o)
    0x20000004   0x08009aec   0x00000004   Data   RW         2265    .data               c_w.l(stdio_streams.o)
    0x20000008   0x08009af0   0x00000004   Data   RW         2266    .data               c_w.l(stdio_streams.o)
    0x2000000c   0x08009af4   0x00000002   Data   RW          254    .data.BACK_COLOR    lcd.o
    0x2000000e   0x08009af6   0x00000002   PAD
    0x20000010   0x08009af8   0x0000002c   Data   RW          331    .data.GPIO_Clocks   base.o
    0x2000003c   0x08009b24   0x00000004   PAD
    0x20000040        -       0x00000054   Zero   RW         2261    .bss                c_w.l(stdio_streams.o)
    0x20000094        -       0x00000054   Zero   RW         2262    .bss                c_w.l(stdio_streams.o)
    0x200000e8        -       0x00000054   Zero   RW         2263    .bss                c_w.l(stdio_streams.o)
    0x2000013c        -       0x00000060   Zero   RW         2526    .bss                c_w.l(libspace.o)
    0x2000019c        -       0x00000002   Zero   RW          253    .bss.POINT_COLOR    lcd.o
    0x2000019e        -       0x000000c8   Zero   RW           55    .bss.USART_RX_BUF   usart.o
    0x20000266        -       0x00000002   Zero   RW           54    .bss.USART_RX_STA   usart.o
    0x20000268        -       0x000001c4   Zero   RW          111    .bss.alarm_data     main.o
    0x2000042c        -       0x00000020   Zero   RW          299    .bss.contexts       user_usart.o
    0x2000044c        -       0x00000002   Zero   RW           72    .bss.fac_ms         delay.o
    0x2000044e        -       0x00000001   Zero   RW           71    .bss.fac_us         delay.o
    0x2000044f   0x08009b24   0x00000001   PAD
    0x20000450        -       0x00000004   Zero   RW          328    .bss.g_sys_tick_ms  base.o
    0x20000454        -       0x0000000e   Zero   RW          255    .bss.lcddev         lcd.o
    0x20000462        -       0x000001c4   Zero   RW          112    .bss.main.read_alarm  main.o
    0x20000626   0x08009b24   0x00000002   PAD
    0x20000628        -       0x00000024   Zero   RW          107    .bss.spi1_dev       main.o
    0x2000064c        -       0x000000a0   Zero   RW          108    .bss.sys_config     main.o
    0x200006ec        -       0x00000020   Zero   RW          298    .bss.usart_callback  user_usart.o
    0x2000070c        -       0x00000008   Zero   RW          110    .bss.user_pref      main.o
    0x20000714   0x08009b24   0x00000004   PAD
    0x20000718        -       0x00000200   Zero   RW           80    HEAP                startup_stm32f40_41xxx.o
    0x20000918        -       0x00000400   Zero   RW           79    STACK               startup_stm32f40_41xxx.o


==============================================================================

Image component sizes


      Code (inc. data)   RO Data    RW Data    ZI Data      Debug   Object Name

       252          0          0         44          4       7904   base.o
       438          0          0          0          3       1568   delay.o
       742          4          0          0          0       4555   flash_base.o
       156          0          0          0          0       2369   flash_function.o
     15782         24       6093          2         16      14501   lcd.o
       336          0         39          0       1108       2438   main.o
       254          0          0          0          0       2876   misc.o
       336          0          0          0          0       2304   spi_base.o
        64         26        392          0       1536        852   startup_stm32f40_41xxx.o
       414          0          0          0          0       7634   stm32f4xx_fsmc.o
       402          0          0          0          0       4428   stm32f4xx_gpio.o
        24          0          0          0          0        902   stm32f4xx_it.o
       578          0         16          0          0      10606   stm32f4xx_rcc.o
       234          0          0          0          0       7522   stm32f4xx_spi.o
       872          0          0          0          0       7184   stm32f4xx_usart.o
       424          0          0          0          0       3205   system_stm32f4xx_1.o
       538          0          0          0        202       6304   usart.o
       182          0          0          0          0        772   use.o
       770          0          0          0         64       8654   user_usart.o

    ----------------------------------------------------------------------
     22890         54       6572         48       2944      96578   Object Totals
         0          0         32          0          0          0   (incl. Generated)
        92          0          0          2         11          0   (incl. Padding)

    ----------------------------------------------------------------------

      Code (inc. data)   RO Data    RW Data    ZI Data      Debug   Library Member Name

         8          0          0          0          0         68   __main.o
       392          4         17          0          0         92   __printf_flags_ss_wp.o
        14          0          0          0          0         68   __printf_wp.o
         0          0          0          0          0          0   __rtentry.o
        12          0          0          0          0          0   __rtentry2.o
         6          0          0          0          0          0   __rtentry4.o
        94          8          0          0          0          0   __scatter.o
        26          0          0          0          0          0   __scatter_copy.o
        28          0          0          0          0          0   __scatter_zi.o
        72          0          0          0          0         96   _c16rtomb.o
         6          0          0          0          0          0   _printf_a.o
         6          0          0          0          0          0   _printf_c.o
        44          0          0          0          0        108   _printf_char.o
        48          6          0          0          0         96   _printf_char_common.o
        36          4          0          0          0         80   _printf_char_file.o
        40          0          0          0          0         68   _printf_charcount.o
         6          0          0          0          0          0   _printf_d.o
       120         16          0          0          0         92   _printf_dec.o
         6          0          0          0          0          0   _printf_e.o
         6          0          0          0          0          0   _printf_f.o
      1052          0          0          0          0        148   _printf_fp_dec.o
       764          8         38          0          0        100   _printf_fp_hex.o
       128         16          0          0          0         84   _printf_fp_infnan.o
         6          0          0          0          0          0   _printf_g.o
       148          4         40          0          0        160   _printf_hex_int_ll_ptr.o
         6          0          0          0          0          0   _printf_i.o
       178          0          0          0          0         88   _printf_intcommon.o
        10          0          0          0          0          0   _printf_l.o
         6          0          0          0          0          0   _printf_lc.o
        10          0          0          0          0          0   _printf_ll.o
         6          0          0          0          0          0   _printf_lld.o
         6          0          0          0          0          0   _printf_lli.o
         6          0          0          0          0          0   _printf_llo.o
         6          0          0          0          0          0   _printf_llu.o
         6          0          0          0          0          0   _printf_llx.o
       124         16          0          0          0         92   _printf_longlong_dec.o
         6          0          0          0          0          0   _printf_ls.o
         6          0          0          0          0          0   _printf_n.o
         6          0          0          0          0          0   _printf_o.o
       112          8          0          0          0        124   _printf_oct_int_ll.o
         6          0          0          0          0          0   _printf_p.o
        78          0          0          0          0        108   _printf_pad.o
         0          0          0          0          0          0   _printf_percent.o
         4          0          0          0          0          0   _printf_percent_end.o
         6          0          0          0          0          0   _printf_s.o
        82          0          0          0          0         80   _printf_str.o
        36          0          0          0          0         84   _printf_truncate.o
         6          0          0          0          0          0   _printf_u.o
        44          0          0          0          0        108   _printf_wchar.o
       188          6          8          0          0         92   _printf_wctomb.o
         6          0          0          0          0          0   _printf_x.o
       228          4        148          0          0         96   bigflt0.o
      1936        128          0          0          0        668   btod.o
        10          0          0          0          0         68   defsig_exit.o
        50          0          0          0          0         88   defsig_general.o
        80         58          0          0          0         76   defsig_rtmem_inner.o
        14          0          0          0          0         80   defsig_rtmem_outer.o
        52         38          0          0          0         76   defsig_rtred_inner.o
        14          0          0          0          0         80   defsig_rtred_outer.o
        18          0          0          0          0         80   exit.o
        76          0          0          0          0         88   fclose.o
         8          0          0          0          0         68   ferror.o
       240          6          0          0          0        128   fopen.o
       248          6          0          0          0         84   fseek.o
        66          0          0          0          0         76   ftell.o
        94          0          0          0          0         80   h1_alloc.o
        52          0          0          0          0         68   h1_extend.o
        78          0          0          0          0         80   h1_free.o
        12          0          0          0          0         84   h1_init.o
         6          0          0          0          0        152   heapauxi.o
         4          0          0          0          0        136   hguard.o
       138          0          0          0          0        168   init_alloc.o
       312         46          0          0          0        112   initio.o
        44         10        272          0          0         76   lc_ctype_c.o
        44         10         28          0          0         76   lc_numeric_c.o
         2          0          0          0          0          0   libinit.o
        46          0          0          0          0          0   libinit2.o
         2          0          0          0          0          0   libshutdown.o
         6          0          0          0          0          0   libshutdown2.o
         8          4          0          0         96         68   libspace.o
       138          0          0          0          0         80   lludiv10.o
         0          0          0          0          0          0   maybetermalloc1.o
        24          4          0          0          0         84   printf.o
        16          4          0          0          0         76   rt_ctype_table.o
         8          4          0          0          0         68   rt_errno_addr_intlibspace.o
         8          4          0          0          0         68   rt_heap_descriptor_intlibspace.o
         8          4          0          0          0         68   rt_locale_intlibspace.o
        68          0          0          0          0         68   rt_memclr.o
        78          0          0          0          0         80   rt_memclr_w.o
         2          0          0          0          0          0   rtexit.o
        10          0          0          0          0          0   rtexit2.o
        70          0          0          0          0         80   setvbuf.o
       264          6          0          0          0        160   stdio.o
         0          0          0         12        252          0   stdio_streams.o
       124          0          0          0          0         88   strcmpv7em.o
        72          0          0          0          0         80   strcpy.o
         0          0         12          0          0          0   sys_io_names.o
        74          0          0          0          0         80   sys_stackheap_outer.o
         2          0          0          0          0         68   use_no_semi.o
         2          0          0          0          0         68   use_no_semi_2.o
        94          4          0          0          0        140   dfix.o
        46          0          0          0          0        116   dflt_clz.o
       340         12          0          0          0        152   dmul.o
       156          4          0          0          0        140   dnaninf.o
        12          0          0          0          0        116   dretinf.o
        26          0          0          0          0        116   fpinit.o
         4          0          0          0          0        116   printf1.o
         4          0          0          0          0        116   printf2.o
         0          0          0          0          0          0   usenofp.o
        48          0          0          0          0        124   fpclassify.o

    ----------------------------------------------------------------------
      9630        452        564         12        348       7244   Library Totals
        26          0          1          0          0          0   (incl. Padding)

    ----------------------------------------------------------------------

      Code (inc. data)   RO Data    RW Data    ZI Data      Debug   Library Name

      8874        432        563         12        348       6108   c_w.l
       682         20          0          0          0       1012   fz_wm.l
        48          0          0          0          0        124   m_wm.l

    ----------------------------------------------------------------------
      9630        452        564         12        348       7244   Library Totals

    ----------------------------------------------------------------------

==============================================================================


      Code (inc. data)   RO Data    RW Data    ZI Data      Debug   

     32520        506       7136         60       3292      99470   Grand Totals
     32520        506       7136         60       3292      99470   ELF Image Totals
     32520        506       7136         60          0          0   ROM Totals

==============================================================================

    Total RO  Size (Code + RO Data)                39656 (  38.73kB)
    Total RW  Size (RW Data + ZI Data)              3352 (   3.27kB)
    Total ROM Size (Code + RO Data + RW Data)      39716 (  38.79kB)

==============================================================================

