Component: Arm Compiler for Embedded 6.24 Tool: armlink [5f371500]

==============================================================================

Section Cross References

    selfdelay.o(.ARM.exidx.text.Delay_us) refers to selfdelay.o(.text.Delay_us) for [Anonymous Symbol]
    selfdelay.o(.text.Delay_ms) refers to selfdelay.o(.text.Delay_us) for Delay_us
    selfdelay.o(.ARM.exidx.text.Delay_ms) refers to selfdelay.o(.text.Delay_ms) for [Anonymous Symbol]
    selfdelay.o(.text.Delay_s) refers to selfdelay.o(.text.Delay_ms) for Delay_ms
    selfdelay.o(.ARM.exidx.text.Delay_s) refers to selfdelay.o(.text.Delay_s) for [Anonymous Symbol]
    sys.o(.ARM.exidx.text.WFI_SET) refers to sys.o(.text.WFI_SET) for [Anonymous Symbol]
    sys.o(.ARM.exidx.text.INTX_DISABLE) refers to sys.o(.text.INTX_DISABLE) for [Anonymous Symbol]
    sys.o(.ARM.exidx.text.INTX_ENABLE) refers to sys.o(.text.INTX_ENABLE) for [Anonymous Symbol]
    sys.o(.ARM.exidx.text.MSR_MSP) refers to sys.o(.text.MSR_MSP) for [Anonymous Symbol]
    usart.o(.text) refers (Special) to use_no_semi_2.o(.text) for __use_no_semihosting
    usart.o(.text._sys_exit) refers (Special) to use_no_semi_2.o(.text) for __use_no_semihosting
    usart.o(.ARM.exidx.text._sys_exit) refers (Special) to use_no_semi_2.o(.text) for __use_no_semihosting
    usart.o(.ARM.exidx.text._sys_exit) refers to usart.o(.text._sys_exit) for [Anonymous Symbol]
    usart.o(.text._ttywrch) refers (Special) to use_no_semi_2.o(.text) for __use_no_semihosting
    usart.o(.ARM.exidx.text._ttywrch) refers (Special) to use_no_semi_2.o(.text) for __use_no_semihosting
    usart.o(.ARM.exidx.text._ttywrch) refers to usart.o(.text._ttywrch) for [Anonymous Symbol]
    usart.o(.text._sys_open) refers (Special) to use_no_semi_2.o(.text) for __use_no_semihosting
    usart.o(.ARM.exidx.text._sys_open) refers (Special) to use_no_semi_2.o(.text) for __use_no_semihosting
    usart.o(.ARM.exidx.text._sys_open) refers to usart.o(.text._sys_open) for [Anonymous Symbol]
    usart.o(.text._sys_close) refers (Special) to use_no_semi_2.o(.text) for __use_no_semihosting
    usart.o(.ARM.exidx.text._sys_close) refers (Special) to use_no_semi_2.o(.text) for __use_no_semihosting
    usart.o(.ARM.exidx.text._sys_close) refers to usart.o(.text._sys_close) for [Anonymous Symbol]
    usart.o(.text._sys_write) refers (Special) to use_no_semi_2.o(.text) for __use_no_semihosting
    usart.o(.ARM.exidx.text._sys_write) refers (Special) to use_no_semi_2.o(.text) for __use_no_semihosting
    usart.o(.ARM.exidx.text._sys_write) refers to usart.o(.text._sys_write) for [Anonymous Symbol]
    usart.o(.text._sys_read) refers (Special) to use_no_semi_2.o(.text) for __use_no_semihosting
    usart.o(.ARM.exidx.text._sys_read) refers (Special) to use_no_semi_2.o(.text) for __use_no_semihosting
    usart.o(.ARM.exidx.text._sys_read) refers to usart.o(.text._sys_read) for [Anonymous Symbol]
    usart.o(.text._sys_istty) refers (Special) to use_no_semi_2.o(.text) for __use_no_semihosting
    usart.o(.ARM.exidx.text._sys_istty) refers (Special) to use_no_semi_2.o(.text) for __use_no_semihosting
    usart.o(.ARM.exidx.text._sys_istty) refers to usart.o(.text._sys_istty) for [Anonymous Symbol]
    usart.o(.text._sys_seek) refers (Special) to use_no_semi_2.o(.text) for __use_no_semihosting
    usart.o(.ARM.exidx.text._sys_seek) refers (Special) to use_no_semi_2.o(.text) for __use_no_semihosting
    usart.o(.ARM.exidx.text._sys_seek) refers to usart.o(.text._sys_seek) for [Anonymous Symbol]
    usart.o(.text._sys_flen) refers (Special) to use_no_semi_2.o(.text) for __use_no_semihosting
    usart.o(.ARM.exidx.text._sys_flen) refers (Special) to use_no_semi_2.o(.text) for __use_no_semihosting
    usart.o(.ARM.exidx.text._sys_flen) refers to usart.o(.text._sys_flen) for [Anonymous Symbol]
    usart.o(.text.fputc) refers (Special) to use_no_semi_2.o(.text) for __use_no_semihosting
    usart.o(.ARM.exidx.text.fputc) refers (Special) to use_no_semi_2.o(.text) for __use_no_semihosting
    usart.o(.ARM.exidx.text.fputc) refers to usart.o(.text.fputc) for [Anonymous Symbol]
    usart.o(.text.uart_init) refers (Special) to use_no_semi_2.o(.text) for __use_no_semihosting
    usart.o(.text.uart_init) refers to stm32f4xx_rcc.o(.text.RCC_AHB1PeriphClockCmd) for RCC_AHB1PeriphClockCmd
    usart.o(.text.uart_init) refers to stm32f4xx_rcc.o(.text.RCC_APB2PeriphClockCmd) for RCC_APB2PeriphClockCmd
    usart.o(.text.uart_init) refers to stm32f4xx_gpio.o(.text.GPIO_PinAFConfig) for GPIO_PinAFConfig
    usart.o(.text.uart_init) refers to stm32f4xx_gpio.o(.text.GPIO_Init) for GPIO_Init
    usart.o(.text.uart_init) refers to stm32f4xx_usart.o(.text.USART_Init) for USART_Init
    usart.o(.text.uart_init) refers to stm32f4xx_usart.o(.text.USART_Cmd) for USART_Cmd
    usart.o(.text.uart_init) refers to stm32f4xx_usart.o(.text.USART_ITConfig) for USART_ITConfig
    usart.o(.text.uart_init) refers to misc.o(.text.NVIC_Init) for NVIC_Init
[...]
    [Anonymous Symbol]                       0x20000292   Section        0  delay.o(.bss.fac_us)
    read_alarm                               0x200002a6   Data         452  main.o(.bss.read_alarm)
    [Anonymous Symbol]                       0x200002a6   Section        0  main.o(.bss.read_alarm)
    read_pref                                0x2000046c   Data           8  main.o(.bss.read_pref)
    [Anonymous Symbol]                       0x2000046c   Section        0  main.o(.bss.read_pref)
    read_sys                                 0x20000474   Data         160  main.o(.bss.read_sys)
    [Anonymous Symbol]                       0x20000474   Section        0  main.o(.bss.read_sys)
    spi1_dev                                 0x20000514   Data          36  main.o(.bss.spi1_dev)
    [Anonymous Symbol]                       0x20000514   Section        0  main.o(.bss.spi1_dev)
    usart_callback                           0x20000538   Data          32  user_usart.o(.bss.usart_callback)
    [Anonymous Symbol]                       0x20000538   Section        0  user_usart.o(.bss.usart_callback)
    Heap_Mem                                 0x20000558   Data         512  startup_stm32f40_41xxx.o(HEAP)
    HEAP                                     0x20000558   Section      512  startup_stm32f40_41xxx.o(HEAP)
    Stack_Mem                                0x20000758   Data        1024  startup_stm32f40_41xxx.o(STACK)
    STACK                                    0x20000758   Section     1024  startup_stm32f40_41xxx.o(STACK)
    __initial_sp                             0x20000b58   Data           0  startup_stm32f40_41xxx.o(STACK)

    Global Symbols

    Symbol Name                              Value     Ov Type        Size  Object(Section)

    BuildAttributes$$THM_ISAv4$E$P$D$K$B$S$7EM$VFPi3$EXTD16$VFPS$VFMA$PE$A:L22UL41UL21$X:L11$S22US41US21$IEEE1$IW$~IW$USESV6$~STKCKD$USESV7$~SHL$OTIME$ROPI$IEEEJ$EBA8$UX$STANDARDLIB$REQ8$PRES8$EABIv2 0x00000000   Number         0  anon$$obj.o ABSOLUTE
    _printf_flags                            0x00000000   Number         0  printf_stubs.o ABSOLUTE
    _printf_return_value                     0x00000000   Number         0  printf_stubs.o ABSOLUTE
    _printf_sizespec                         0x00000000   Number         0  printf_stubs.o ABSOLUTE
    _printf_widthprec                        0x00000000   Number         0  printf_stubs.o ABSOLUTE
    __ARM_exceptions_init                     - Undefined Weak Reference
    __alloca_initialize                       - Undefined Weak Reference
    __arm_preinit_                            - Undefined Weak Reference
    __arm_relocate_pie_                       - Undefined Weak Reference
    __cpp_initialize__aeabi_                  - Undefined Weak Reference
    __cxa_finalize                            - Undefined Weak Reference
    __sigvec_lookup                           - Undefined Weak Reference
    __user_heap_extent                        - Undefined Weak Reference
    _atexit_init                              - Undefined Weak Reference
    _call_atexit_fns                          - Undefined Weak Reference
    _clock_init                               - Undefined Weak Reference
    _fp_trap_init                             - Undefined Weak Reference
    _fp_trap_shutdown                         - Undefined Weak Reference
    _get_lc_collate                           - Undefined Weak Reference
    _get_lc_monetary                          - Undefined Weak Reference
    _get_lc_time                              - Undefined Weak Reference
    _getenv_init                              - Undefined Weak Reference
    _handle_redirection                       - Undefined Weak Reference
    _mutex_acquire                            - Undefined Weak Reference
    _mutex_free                               - Undefined Weak Reference
    _mutex_release                            - Undefined Weak Reference
    _printf_mbtowc                            - Undefined Weak Reference
    _printf_wc                                - Undefined Weak Reference
    _rand_init                                - Undefined Weak Reference
    _signal_finish                            - Undefined Weak Reference
    _signal_init                              - Undefined Weak Reference
    __Vectors_Size                           0x00000188   Number         0  startup_stm32f40_41xxx.o ABSOLUTE
    __Vectors                                0x08000000   Data           4  startup_stm32f40_41xxx.o(RESET)
    __Vectors_End                            0x08000188   Data           0  startup_stm32f40_41xxx.o(RESET)
    __main                                   0x08000189   Thumb Code     8  __main.o(!!!main)
    __scatterload                            0x08000191   Thumb Code     0  __scatter.o(!!!scatter)
    __scatterload_rt2                        0x08000191   Thumb Code    84  __scatter.o(!!!scatter)
    __scatterload_rt2_thumb_only             0x08000191   Thumb Code     0  __scatter.o(!!!scatter)
    __scatterload_loop                       0x0800019b   Thumb Code     0  __scatter.o(!!!scatter)
    __scatterload_copy                       0x080001ed   Thumb Code    26  __scatter_copy.o(!!handler_copy)
    __scatterload_null                       0x08000209   Thumb Code     2  __scatter.o(!!handler_null)
    __scatterload_zeroinit                   0x0800020d   Thumb Code    28  __scatter_zi.o(!!handler_zi)
    _printf_n                                0x08000229   Thumb Code     0  _printf_n.o(.ARM.Collect$$_printf_percent$$00000001)
    _printf_percent                          0x08000229   Thumb Code     0  _printf_percent.o(.ARM.Collect$$_printf_percent$$00000000)
    _printf_p                                0x0800022f   Thumb Code     0  _printf_p.o(.ARM.Collect$$_printf_percent$$00000002)
    _printf_f                                0x08000235   Thumb Code     0  _printf_f.o(.ARM.Collect$$_printf_percent$$00000003)
    _printf_e                                0x0800023b   Thumb Code     0  _printf_e.o(.ARM.Collect$$_printf_percent$$00000004)
    _printf_g                                0x08000241   Thumb Code     0  _printf_g.o(.ARM.Collect$$_printf_percent$$00000005)
    _printf_a                                0x08000247   Thumb Code     0  _printf_a.o(.ARM.Collect$$_printf_percent$$00000006)
    _printf_ll                               0x0800024d   Thumb Code     0  _printf_ll.o(.ARM.Collect$$_printf_percent$$00000007)
    _printf_i                                0x08000257   Thumb Code     0  _printf_i.o(.ARM.Collect$$_printf_percent$$00000008)
    _printf_d                                0x0800025d   Thumb Code     0  _printf_d.o(.ARM.Collect$$_printf_percent$$00000009)
    _printf_u                                0x08000263   Thumb Code     0  _printf_u.o(.ARM.Collect$$_printf_percent$$0000000A)
    _printf_o                                0x08000269   Thumb Code     0  _printf_o.o(.ARM.Collect$$_printf_percent$$0000000B)
    _printf_x                                0x0800026f   Thumb Code     0  _printf_x.o(.ARM.Collect$$_printf_percent$$0000000C)
    _printf_lli                              0x08000275   Thumb Code     0  _printf_lli.o(.ARM.Collect$$_printf_percent$$0000000D)
    _printf_lld                              0x0800027b   Thumb Code     0  _printf_lld.o(.ARM.Collect$$_printf_percent$$0000000E)
    _printf_llu                              0x08000281   Thumb Code     0  _printf_llu.o(.ARM.Collect$$_printf_percent$$0000000F)
    _printf_llo                              0x08000287   Thumb Code     0  _printf_llo.o(.ARM.Collect$$_printf_percent$$00000010)
    _printf_llx                              0x0800028d   Thumb Code     0  _printf_llx.o(.ARM.Collect$$_printf_percent$$00000011)
    _printf_l                                0x08000293   Thumb Code     0  _printf_l.o(.ARM.Collect$$_printf_percent$$00000012)
    _printf_c                                0x0800029d   Thumb Code     0  _printf_c.o(.ARM.Collect$$_printf_percent$$00000013)
    _printf_s                                0x080002a3   Thumb Code     0  _printf_s.o(.ARM.Collect$$_printf_percent$$00000014)
    _printf_lc                               0x080002a9   Thumb Code     0  _printf_lc.o(.ARM.Collect$$_printf_percent$$00000015)
    _printf_ls                               0x080002af   Thumb Code     0  _printf_ls.o(.ARM.Collect$$_printf_percent$$00000016)
    _printf_percent_end                      0x080002b5   Thumb Code     0  _printf_percent_end.o(.ARM.Collect$$_printf_percent$$00000017)
    __rt_lib_init                            0x080002b9   Thumb Code     0  libinit.o(.ARM.Collect$$libinit$$00000000)
    __rt_lib_init_fp_1                       0x080002bb   Thumb Code     0  libinit2.o(.ARM.Collect$$libinit$$00000001)
    __rt_lib_init_heap_2                     0x080002bf   Thumb Code     0  libinit2.o(.ARM.Collect$$libinit$$00000007)
    __rt_lib_init_preinit_1                  0x080002bf   Thumb Code     0  libinit2.o(.ARM.Collect$$libinit$$00000006)
    __rt_lib_init_relocate_pie_1             0x080002bf   Thumb Code     0  libinit2.o(.ARM.Collect$$libinit$$00000004)
    __rt_lib_init_heap_1                     0x080002c7   Thumb Code     0  libinit2.o(.ARM.Collect$$libinit$$0000000C)
    __rt_lib_init_lc_common                  0x080002c7   Thumb Code     0  libinit2.o(.ARM.Collect$$libinit$$00000011)
    __rt_lib_init_rand_1                     0x080002c7   Thumb Code     0  libinit2.o(.ARM.Collect$$libinit$$00000010)
    __rt_lib_init_user_alloc_1               0x080002c7   Thumb Code     0  libinit2.o(.ARM.Collect$$libinit$$0000000E)
    __rt_lib_init_lc_collate_1               0x080002cd   Thumb Code     0  libinit2.o(.ARM.Collect$$libinit$$00000013)
    __rt_lib_init_lc_ctype_2                 0x080002cd   Thumb Code     0  libinit2.o(.ARM.Collect$$libinit$$00000014)
    __rt_lib_init_lc_ctype_1                 0x080002d9   Thumb Code     0  libinit2.o(.ARM.Collect$$libinit$$00000015)
    __rt_lib_init_lc_monetary_1              0x080002d9   Thumb Code     0  libinit2.o(.ARM.Collect$$libinit$$00000017)
    __rt_lib_init_lc_numeric_2               0x080002d9   Thumb Code     0  libinit2.o(.ARM.Collect$$libinit$$00000018)
    __rt_lib_init_atexit_1                   0x080002e3   Thumb Code     0  libinit2.o(.ARM.Collect$$libinit$$0000001D)
    __rt_lib_init_clock_1                    0x080002e3   Thumb Code     0  libinit2.o(.ARM.Collect$$libinit$$00000023)
    __rt_lib_init_fp_trap_1                  0x080002e3   Thumb Code     0  libinit2.o(.ARM.Collect$$libinit$$00000021)
    __rt_lib_init_getenv_1                   0x080002e3   Thumb Code     0  libinit2.o(.ARM.Collect$$libinit$$00000025)
    __rt_lib_init_lc_numeric_1               0x080002e3   Thumb Code     0  libinit2.o(.ARM.Collect$$libinit$$00000019)
    __rt_lib_init_lc_time_1                  0x080002e3   Thumb Code     0  libinit2.o(.ARM.Collect$$libinit$$0000001B)
    __rt_lib_init_signal_1                   0x080002e3   Thumb Code     0  libinit2.o(.ARM.Collect$$libinit$$0000001F)
    __rt_lib_init_stdio_2                    0x080002e3   Thumb Code     0  libinit2.o(.ARM.Collect$$libinit$$00000026)
    __rt_lib_init_alloca_1                   0x080002e7   Thumb Code     0  libinit2.o(.ARM.Collect$$libinit$$00000030)
    __rt_lib_init_argv_1                     0x080002e7   Thumb Code     0  libinit2.o(.ARM.Collect$$libinit$$0000002E)
    __rt_lib_init_cpp_1                      0x080002e7   Thumb Code     0  libinit2.o(.ARM.Collect$$libinit$$00000034)
    __rt_lib_init_exceptions_1               0x080002e7   Thumb Code     0  libinit2.o(.ARM.Collect$$libinit$$00000032)
    __rt_lib_init_return                     0x080002e7   Thumb Code     0  libinit2.o(.ARM.Collect$$libinit$$00000035)
    __rt_lib_init_stdio_1                    0x080002e7   Thumb Code     0  libinit2.o(.ARM.Collect$$libinit$$00000027)
    __rt_lib_shutdown                        0x080002e9   Thumb Code     0  libshutdown.o(.ARM.Collect$$libshutdown$$00000000)
    __rt_lib_shutdown_cpp_1                  0x080002eb   Thumb Code     0  libshutdown2.o(.ARM.Collect$$libshutdown$$00000002)
    __rt_lib_shutdown_stdio_2                0x080002eb   Thumb Code     0  libshutdown2.o(.ARM.Collect$$libshutdown$$00000003)
    __rt_lib_shutdown_fp_trap_1              0x080002ef   Thumb Code     0  libshutdown2.o(.ARM.Collect$$libshutdown$$00000007)
    __rt_lib_shutdown_heap_1                 0x080002ef   Thumb Code     0  libshutdown2.o(.ARM.Collect$$libshutdown$$0000000F)
    __rt_lib_shutdown_return                 0x080002ef   Thumb Code     0  libshutdown2.o(.ARM.Collect$$libshutdown$$00000010)
    __rt_lib_shutdown_signal_1               0x080002ef   Thumb Code     0  libshutdown2.o(.ARM.Collect$$libshutdown$$0000000A)
    __rt_lib_shutdown_stdio_1                0x080002ef   Thumb Code     0  libshutdown2.o(.ARM.Collect$$libshutdown$$00000004)
    __rt_lib_shutdown_user_alloc_1           0x080002ef   Thumb Code     0  libshutdown2.o(.ARM.Collect$$libshutdown$$0000000C)
    __rt_entry                               0x080002f1   Thumb Code     0  __rtentry.o(.ARM.Collect$$rtentry$$00000000)
    __rt_entry_presh_1                       0x080002f1   Thumb Code     0  __rtentry2.o(.ARM.Collect$$rtentry$$00000002)
    __rt_entry_sh                            0x080002f1   Thumb Code     0  __rtentry4.o(.ARM.Collect$$rtentry$$00000004)
    __rt_entry_li                            0x080002f7   Thumb Code     0  __rtentry2.o(.ARM.Collect$$rtentry$$0000000A)
    __rt_entry_postsh_1                      0x080002f7   Thumb Code     0  __rtentry2.o(.ARM.Collect$$rtentry$$00000009)
    __rt_entry_main                          0x080002fb   Thumb Code     0  __rtentry2.o(.ARM.Collect$$rtentry$$0000000D)
    __rt_entry_postli_1                      0x080002fb   Thumb Code     0  __rtentry2.o(.ARM.Collect$$rtentry$$0000000C)
    __rt_exit                                0x08000303   Thumb Code     0  rtexit.o(.ARM.Collect$$rtexit$$00000000)
    __rt_exit_ls                             0x08000305   Thumb Code     0  rtexit2.o(.ARM.Collect$$rtexit$$00000003)
    __rt_exit_prels_1                        0x08000305   Thumb Code     0  rtexit2.o(.ARM.Collect$$rtexit$$00000002)
    __rt_exit_exit                           0x08000309   Thumb Code     0  rtexit2.o(.ARM.Collect$$rtexit$$00000004)
    Reset_Handler                            0x08000311   Thumb Code     8  startup_stm32f40_41xxx.o(.text)
    ADC_IRQHandler                           0x0800032b   Thumb Code     0  startup_stm32f40_41xxx.o(.text)
    CAN1_RX0_IRQHandler                      0x0800032b   Thumb Code     0  startup_stm32f40_41xxx.o(.text)
    CAN1_RX1_IRQHandler                      0x0800032b   Thumb Code     0  startup_stm32f40_41xxx.o(.text)
    CAN1_SCE_IRQHandler                      0x0800032b   Thumb Code     0  startup_stm32f40_41xxx.o(.text)
    CAN1_TX_IRQHandler                       0x0800032b   Thumb Code     0  startup_stm32f40_41xxx.o(.text)
    CAN2_RX0_IRQHandler                      0x0800032b   Thumb Code     0  startup_stm32f40_41xxx.o(.text)
    CAN2_RX1_IRQHandler                      0x0800032b   Thumb Code     0  startup_stm32f40_41xxx.o(.text)
    CAN2_SCE_IRQHandler                      0x0800032b   Thumb Code     0  startup_stm32f40_41xxx.o(.text)
    CAN2_TX_IRQHandler                       0x0800032b   Thumb Code     0  startup_stm32f40_41xxx.o(.text)
    CRYP_IRQHandler                          0x0800032b   Thumb Code     0  startup_stm32f40_41xxx.o(.text)
    DCMI_IRQHandler                          0x0800032b   Thumb Code     0  startup_stm32f40_41xxx.o(.text)
    DMA1_Stream0_IRQHandler                  0x0800032b   Thumb Code     0  startup_stm32f40_41xxx.o(.text)
    DMA1_Stream1_IRQHandler                  0x0800032b   Thumb Code     0  startup_stm32f40_41xxx.o(.text)
    DMA1_Stream2_IRQHandler                  0x0800032b   Thumb Code     0  startup_stm32f40_41xxx.o(.text)
    DMA1_Stream3_IRQHandler                  0x0800032b   Thumb Code     0  startup_stm32f40_41xxx.o(.text)
    DMA1_Stream4_IRQHandler                  0x0800032b   Thumb Code     0  startup_stm32f40_41xxx.o(.text)
    DMA1_Stream5_IRQHandler                  0x0800032b   Thumb Code     0  startup_stm32f40_41xxx.o(.text)
    DMA1_Stream6_IRQHandler                  0x0800032b   Thumb Code     0  startup_stm32f40_41xxx.o(.text)
    DMA1_Stream7_IRQHandler                  0x0800032b   Thumb Code     0  startup_stm32f40_41xxx.o(.text)
    DMA2_Stream0_IRQHandler                  0x0800032b   Thumb Code     0  startup_stm32f40_41xxx.o(.text)
    DMA2_Stream1_IRQHandler                  0x0800032b   Thumb Code     0  startup_stm32f40_41xxx.o(.text)
    DMA2_Stream2_IRQHandler                  0x0800032b   Thumb Code     0  startup_stm32f40_41xxx.o(.text)
    DMA2_Stream3_IRQHandler                  0x0800032b   Thumb Code     0  startup_stm32f40_41xxx.o(.text)
    DMA2_Stream4_IRQHandler                  0x0800032b   Thumb Code     0  startup_stm32f40_41xxx.o(.text)
    DMA2_Stream5_IRQHandler                  0x0800032b   Thumb Code     0  startup_stm32f40_41xxx.o(.text)
    DMA2_Stream6_IRQHandler                  0x0800032b   Thumb Code     0  startup_stm32f40_41xxx.o(.text)
    DMA2_Stream7_IRQHandler                  0x0800032b   Thumb Code     0  startup_stm32f40_41xxx.o(.text)
    ETH_IRQHandler                           0x0800032b   Thumb Code     0  startup_stm32f40_41xxx.o(.text)
    ETH_WKUP_IRQHandler                      0x0800032b   Thumb Code     0  startup_stm32f40_41xxx.o(.text)
    EXTI0_IRQHandler                         0x0800032b   Thumb Code     0  startup_stm32f40_41xxx.o(.text)
    EXTI15_10_IRQHandler                     0x0800032b   Thumb Code     0  startup_stm32f40_41xxx.o(.text)
    EXTI1_IRQHandler                         0x0800032b   Thumb Code     0  startup_stm32f40_41xxx.o(.text)
    EXTI2_IRQHandler                         0x0800032b   Thumb Code     0  startup_stm32f40_41xxx.o(.text)
    EXTI3_IRQHandler                         0x0800032b   Thumb Code     0  startup_stm32f40_41xxx.o(.text)
    EXTI4_IRQHandler                         0x0800032b   Thumb Code     0  startup_stm32f40_41xxx.o(.text)
    EXTI9_5_IRQHandler                       0x0800032b   Thumb Code     0  startup_stm32f40_41xxx.o(.text)
    FLASH_IRQHandler                         0x0800032b   Thumb Code     0  startup_stm32f40_41xxx.o(.text)
    FPU_IRQHandler                           0x0800032b   Thumb Code     0  startup_stm32f40_41xxx.o(.text)
    FSMC_IRQHandler                          0x0800032b   Thumb Code     0  startup_stm32f40_41xxx.o(.text)
    HASH_RNG_IRQHandler                      0x0800032b   Thumb Code     0  startup_stm32f40_41xxx.o(.text)
    I2C1_ER_IRQHandler                       0x0800032b   Thumb Code     0  startup_stm32f40_41xxx.o(.text)
    I2C1_EV_IRQHandler                       0x0800032b   Thumb Code     0  startup_stm32f40_41xxx.o(.text)
    I2C2_ER_IRQHandler                       0x0800032b   Thumb Code     0  startup_stm32f40_41xxx.o(.text)
    I2C2_EV_IRQHandler                       0x0800032b   Thumb Code     0  startup_stm32f40_41xxx.o(.text)
    I2C3_ER_IRQHandler                       0x0800032b   Thumb Code     0  startup_stm32f40_41xxx.o(.text)
    I2C3_EV_IRQHandler                       0x0800032b   Thumb Code     0  startup_stm32f40_41xxx.o(.text)
    OTG_FS_IRQHandler                        0x0800032b   Thumb Code     0  startup_stm32f40_41xxx.o(.text)
    OTG_FS_WKUP_IRQHandler                   0x0800032b   Thumb Code     0  startup_stm32f40_41xxx.o(.text)
    OTG_HS_EP1_IN_IRQHandler                 0x0800032b   Thumb Code     0  startup_stm32f40_41xxx.o(.text)
    OTG_HS_EP1_OUT_IRQHandler                0x0800032b   Thumb Code     0  startup_stm32f40_41xxx.o(.text)
    OTG_HS_IRQHandler                        0x0800032b   Thumb Code     0  startup_stm32f40_41xxx.o(.text)
    OTG_HS_WKUP_IRQHandler                   0x0800032b   Thumb Code     0  startup_stm32f40_41xxx.o(.text)
    PVD_IRQHandler                           0x0800032b   Thumb Code     0  startup_stm32f40_41xxx.o(.text)
    RCC_IRQHandler                           0x0800032b   Thumb Code     0  startup_stm32f40_41xxx.o(.text)
    RTC_Alarm_IRQHandler                     0x0800032b   Thumb Code     0  startup_stm32f40_41xxx.o(.text)
    RTC_WKUP_IRQHandler                      0x0800032b   Thumb Code     0  startup_stm32f40_41xxx.o(.text)
    SDIO_IRQHandler                          0x0800032b   Thumb Code     0  startup_stm32f40_41xxx.o(.text)
    SPI1_IRQHandler                          0x0800032b   Thumb Code     0  startup_stm32f40_41xxx.o(.text)
    SPI2_IRQHandler                          0x0800032b   Thumb Code     0  startup_stm32f40_41xxx.o(.text)
    SPI3_IRQHandler                          0x0800032b   Thumb Code     0  startup_stm32f40_41xxx.o(.text)
    TAMP_STAMP_IRQHandler                    0x0800032b   Thumb Code     0  startup_stm32f40_41xxx.o(.text)
    TIM1_BRK_TIM9_IRQHandler                 0x0800032b   Thumb Code     0  startup_stm32f40_41xxx.o(.text)
    TIM1_CC_IRQHandler                       0x0800032b   Thumb Code     0  startup_stm32f40_41xxx.o(.text)
    TIM1_TRG_COM_TIM11_IRQHandler            0x0800032b   Thumb Code     0  startup_stm32f40_41xxx.o(.text)
    TIM1_UP_TIM10_IRQHandler                 0x0800032b   Thumb Code     0  startup_stm32f40_41xxx.o(.text)
    TIM2_IRQHandler                          0x0800032b   Thumb Code     0  startup_stm32f40_41xxx.o(.text)
    TIM3_IRQHandler                          0x0800032b   Thumb Code     0  startup_stm32f40_41xxx.o(.text)
    TIM4_IRQHandler                          0x0800032b   Thumb Code     0  startup_stm32f40_41xxx.o(.text)
    TIM5_IRQHandler                          0x0800032b   Thumb Code     0  startup_stm32f40_41xxx.o(.text)
    TIM6_DAC_IRQHandler                      0x0800032b   Thumb Code     0  startup_stm32f40_41xxx.o(.text)
    TIM7_IRQHandler                          0x0800032b   Thumb Code     0  startup_stm32f40_41xxx.o(.text)
    TIM8_BRK_TIM12_IRQHandler                0x0800032b   Thumb Code     0  startup_stm32f40_41xxx.o(.text)
    TIM8_CC_IRQHandler                       0x0800032b   Thumb Code     0  startup_stm32f40_41xxx.o(.text)
    TIM8_TRG_COM_TIM14_IRQHandler            0x0800032b   Thumb Code     0  startup_stm32f40_41xxx.o(.text)
    TIM8_UP_TIM13_IRQHandler                 0x0800032b   Thumb Code     0  startup_stm32f40_41xxx.o(.text)
    WWDG_IRQHandler                          0x0800032b   Thumb Code     0  startup_stm32f40_41xxx.o(.text)
    __user_initial_stackheap                 0x0800032d   Thumb Code     0  startup_stm32f40_41xxx.o(.text)
    __use_no_semihosting                     0x08000351   Thumb Code     2  use_no_semi_2.o(.text)
    malloc                                   0x08000353   Thumb Code    94  h1_alloc.o(.text)
    free                                     0x080003b1   Thumb Code    78  h1_free.o(.text)
    printf                                   0x08000401   Thumb Code    20  printf.o(.text)
    __aeabi_memclr                           0x08000419   Thumb Code     0  rt_memclr.o(.text)
    __rt_memclr                              0x08000419   Thumb Code     0  rt_memclr.o(.text)
    _memset                                  0x0800041d   Thumb Code    64  rt_memclr.o(.text)
    __use_two_region_memory                  0x0800045d   Thumb Code     2  heapauxi.o(.text)
    __rt_heap_escrow                         0x0800045f   Thumb Code     2  heapauxi.o(.text)
    __rt_heap_expand                         0x08000461   Thumb Code     2  heapauxi.o(.text)
    __I$use$semihosting                      0x08000463   Thumb Code     0  use_no_semi.o(.text)
    __use_no_semihosting_swi                 0x08000463   Thumb Code     2  use_no_semi.o(.text)
    __rt_heap_descriptor                     0x08000465   Thumb Code     8  rt_heap_descriptor_intlibspace.o(.text)
    __use_no_heap                            0x0800046d   Thumb Code     2  hguard.o(.text)
    __heap$guard                             0x0800046f   Thumb Code     2  hguard.o(.text)
    _terminate_user_alloc                    0x08000471   Thumb Code     2  init_alloc.o(.text)
    _init_user_alloc                         0x08000473   Thumb Code     2  init_alloc.o(.text)
    __Heap_Full                              0x08000475   Thumb Code    34  init_alloc.o(.text)
    __Heap_Broken                            0x08000497   Thumb Code     6  init_alloc.o(.text)
    _init_alloc                              0x0800049d   Thumb Code    94  init_alloc.o(.text)
    __Heap_Initialize                        0x080004fb   Thumb Code     8  h1_init.o(.text)
    __Heap_DescSize                          0x08000503   Thumb Code     4  h1_init.o(.text)
    _printf_pre_padding                      0x08000507   Thumb Code    44  _printf_pad.o(.text)
    _printf_post_padding                     0x08000533   Thumb Code    34  _printf_pad.o(.text)
    _printf_truncate_signed                  0x08000555   Thumb Code    18  _printf_truncate.o(.text)
    _printf_truncate_unsigned                0x08000567   Thumb Code    18  _printf_truncate.o(.text)
    _printf_str                              0x08000579   Thumb Code    82  _printf_str.o(.text)
    _printf_int_dec                          0x080005cd   Thumb Code   104  _printf_dec.o(.text)
    _printf_charcount                        0x08000645   Thumb Code    40  _printf_charcount.o(.text)
    _printf_char_file                        0x0800066d   Thumb Code    32  _printf_char_file.o(.text)
    _printf_wctomb                           0x08000691   Thumb Code   182  _printf_wctomb.o(.text)
    _printf_longlong_dec                     0x0800074d   Thumb Code   108  _printf_longlong_dec.o(.text)
    _printf_longlong_oct                     0x080007c9   Thumb Code    68  _printf_oct_int_ll.o(.text)
    _printf_int_oct                          0x0800080d   Thumb Code    24  _printf_oct_int_ll.o(.text)
    _printf_ll_oct                           0x08000825   Thumb Code    12  _printf_oct_int_ll.o(.text)
    _printf_longlong_hex                     0x08000839   Thumb Code    86  _printf_hex_int_ll_ptr.o(.text)
    _printf_int_hex                          0x0800088f   Thumb Code    28  _printf_hex_int_ll_ptr.o(.text)
    _printf_ll_hex                           0x080008ab   Thumb Code    12  _printf_hex_int_ll_ptr.o(.text)
    _printf_hex_ptr                          0x080008b7   Thumb Code    18  _printf_hex_int_ll_ptr.o(.text)
    __printf                                 0x080008cd   Thumb Code   388  __printf_flags_ss_wp.o(.text)
    __aeabi_memclr4                          0x08000a55   Thumb Code     0  rt_memclr_w.o(.text)
    __aeabi_memclr8                          0x08000a55   Thumb Code     0  rt_memclr_w.o(.text)
    __rt_memclr_w                            0x08000a55   Thumb Code     0  rt_memclr_w.o(.text)
    _memset_w                                0x08000a59   Thumb Code    74  rt_memclr_w.o(.text)
    __user_libspace                          0x08000aa5   Thumb Code     8  libspace.o(.text)
    __user_perproc_libspace                  0x08000aa5   Thumb Code     0  libspace.o(.text)
    __user_perthread_libspace                0x08000aa5   Thumb Code     0  libspace.o(.text)
    __Heap_ProvideMemory                     0x08000aad   Thumb Code    52  h1_extend.o(.text)
    _maybe_terminate_alloc                   0x08000aad   Thumb Code     0  maybetermalloc1.o(.text)
    _ll_udiv10                               0x08000ae1   Thumb Code   138  lludiv10.o(.text)
    _printf_int_common                       0x08000b6b   Thumb Code   178  _printf_intcommon.o(.text)
    _printf_fp_dec_real                      0x08000dcd   Thumb Code   620  _printf_fp_dec.o(.text)
    _printf_fp_hex_real                      0x08001039   Thumb Code   756  _printf_fp_hex.o(.text)
    _printf_char_common                      0x0800133f   Thumb Code    32  _printf_char_common.o(.text)
    _printf_cs_common                        0x08001365   Thumb Code    20  _printf_char.o(.text)
    _printf_char                             0x08001379   Thumb Code    16  _printf_char.o(.text)
    _printf_string                           0x08001389   Thumb Code     8  _printf_char.o(.text)
    _printf_lcs_common                       0x08001391   Thumb Code    20  _printf_wchar.o(.text)
    _printf_wchar                            0x080013a5   Thumb Code    16  _printf_wchar.o(.text)
    _printf_wstring                          0x080013b5   Thumb Code     8  _printf_wchar.o(.text)
    ferror                                   0x080013bd   Thumb Code     8  ferror.o(.text)
    _initio                                  0x080013c5   Thumb Code   210  initio.o(.text)
    _terminateio                             0x08001497   Thumb Code    56  initio.o(.text)
    _c16rtomb                                0x080014fd   Thumb Code    72  _c16rtomb.o(.text)
    _wcrtomb                                 0x080014fd   Thumb Code     0  _c16rtomb.o(.text)
    __rt_SIGRTMEM                            0x08001545   Thumb Code    14  defsig_rtmem_outer.o(.text)
    __user_setup_stackheap                   0x08001553   Thumb Code    74  sys_stackheap_outer.o(.text)
    __rt_ctype_table                         0x0800159d   Thumb Code    16  rt_ctype_table.o(.text)
    __rt_locale                              0x080015ad   Thumb Code     8  rt_locale_intlibspace.o(.text)
    _printf_fp_infnan                        0x080015b5   Thumb Code   112  _printf_fp_infnan.o(.text)
    _btod_etento                             0x08001635   Thumb Code   224  bigflt0.o(.text)
    setvbuf                                  0x08001719   Thumb Code    70  setvbuf.o(.text)
    freopen                                  0x08001761   Thumb Code   160  fopen.o(.text)
    fopen                                    0x08001801   Thumb Code    74  fopen.o(.text)
    _fclose_internal                         0x08001851   Thumb Code    76  fclose.o(.text)
    fclose                                   0x08001851   Thumb Code     0  fclose.o(.text)
    exit                                     0x0800189d   Thumb Code    18  exit.o(.text)
    __sig_exit                               0x080018af   Thumb Code    10  defsig_exit.o(.text)
    __rt_SIGRTRED                            0x080018b9   Thumb Code    14  defsig_rtred_outer.o(.text)
    __rt_SIGRTMEM_inner                      0x080018c9   Thumb Code    22  defsig_rtmem_inner.o(.text)
    _fseek                                   0x08001919   Thumb Code   242  fseek.o(.text)
    fseek                                    0x08001919   Thumb Code     0  fseek.o(.text)
    _seterr                                  0x08001a11   Thumb Code    20  stdio.o(.text)
    _writebuf                                0x08001a25   Thumb Code   108  stdio.o(.text)
    _fflush                                  0x08001a91   Thumb Code    70  stdio.o(.text)
    _deferredlazyseek                        0x08001ad7   Thumb Code    60  stdio.o(.text)
    __default_signal_display                 0x08001b19   Thumb Code    50  defsig_general.o(.text)
    __rt_SIGRTRED_inner                      0x08001b4d   Thumb Code    14  defsig_rtred_inner.o(.text)
    strcmp                                   0x08001b81   Thumb Code   124  strcmpv7em.o(.text)
    _ftell_internal                          0x08001bfd   Thumb Code    66  ftell.o(.text)
    ftell                                    0x08001bfd   Thumb Code     0  ftell.o(.text)
    __aeabi_errno_addr                       0x08001c41   Thumb Code     8  rt_errno_addr_intlibspace.o(.text)
    __errno$intlibspace                      0x08001c41   Thumb Code     0  rt_errno_addr_intlibspace.o(.text)
    __rt_errno_addr$intlibspace              0x08001c41   Thumb Code     0  rt_errno_addr_intlibspace.o(.text)
    BusFault_Handler                         0x08001c49   Thumb Code     4  stm32f4xx_it.o(.text.BusFault_Handler)
    DebugMon_Handler                         0x08001c4d   Thumb Code     2  stm32f4xx_it.o(.text.DebugMon_Handler)
    FSMC_NORSRAMCmd                          0x08001c51   Thumb Code    66  stm32f4xx_fsmc.o(.text.FSMC_NORSRAMCmd)
    FSMC_NORSRAMInit                         0x08001c95   Thumb Code   348  stm32f4xx_fsmc.o(.text.FSMC_NORSRAMInit)
    Flash_Find_Idle                          0x08001df1   Thumb Code   262  flash_function.o(.text.Flash_Find_Idle)
    Flash_Map_Read                           0x08001ef9   Thumb Code   222  flash_function.o(.text.Flash_Map_Read)
    Flash_ReadData                           0x08001fd9   Thumb Code    92  flash_base.o(.text.Flash_ReadData)
    Flash_Read_Config                        0x08002035   Thumb Code   252  flash_function.o(.text.Flash_Read_Config)
    Flash_init                               0x08002189   Thumb Code   160  flash_base.o(.text.Flash_init)
    GPIO_AFOut_Init                          0x08002229   Thumb Code    78  base.o(.text.GPIO_AFOut_Init)
    GPIO_Clock_Init                          0x08002279   Thumb Code    48  base.o(.text.GPIO_Clock_Init)
    GPIO_Init                                0x080022a9   Thumb Code   246  stm32f4xx_gpio.o(.text.GPIO_Init)
    GPIO_Out_Init                            0x080023a1   Thumb Code    88  base.o(.text.GPIO_Out_Init)
    GPIO_PinAFConfig                         0x080023f9   Thumb Code   114  stm32f4xx_gpio.o(.text.GPIO_PinAFConfig)
    GPIO_ResetBits                           0x0800246d   Thumb Code    22  stm32f4xx_gpio.o(.text.GPIO_ResetBits)
    GPIO_SetBits                             0x08002485   Thumb Code    20  stm32f4xx_gpio.o(.text.GPIO_SetBits)
    HardFault_Handler                        0x080024b1   Thumb Code     4  stm32f4xx_it.o(.text.HardFault_Handler)
    LCD_Clear                                0x080024b5   Thumb Code    86  lcd.o(.text.LCD_Clear)
    LCD_Display_Dir                          0x0800250d   Thumb Code   530  lcd.o(.text.LCD_Display_Dir)
    LCD_Fast_DrawPoint                       0x08002721   Thumb Code   360  lcd.o(.text.LCD_Fast_DrawPoint)
    LCD_Init                                 0x08002889   Thumb Code 12336  lcd.o(.text.LCD_Init)
    LCD_Pow                                  0x080058b9   Thumb Code    48  lcd.o(.text.LCD_Pow)
    LCD_RD_DATA                              0x080058e9   Thumb Code    22  lcd.o(.text.LCD_RD_DATA)
    LCD_SSD_BackLightSet                     0x08005901   Thumb Code    96  lcd.o(.text.LCD_SSD_BackLightSet)
    LCD_Scan_Dir                             0x08005969   Thumb Code   862  lcd.o(.text.LCD_Scan_Dir)
    LCD_SetCursor                            0x08005cc9   Thumb Code   392  lcd.o(.text.LCD_SetCursor)
    LCD_ShowChar                             0x08005e51   Thumb Code   450  lcd.o(.text.LCD_ShowChar)
    LCD_ShowNum                              0x08006015   Thumb Code   256  lcd.o(.text.LCD_ShowNum)
    LCD_ShowString                           0x08006115   Thumb Code   218  lcd.o(.text.LCD_ShowString)
    LCD_WR_DATA                              0x080061f1   Thumb Code    30  lcd.o(.text.LCD_WR_DATA)
    LCD_WR_REG                               0x08006211   Thumb Code    30  lcd.o(.text.LCD_WR_REG)
    LCD_WriteRAM_Prepare                     0x08006231   Thumb Code    20  lcd.o(.text.LCD_WriteRAM_Prepare)
    LCD_WriteReg                             0x08006245   Thumb Code    38  lcd.o(.text.LCD_WriteReg)
    MemManage_Handler                        0x0800626d   Thumb Code     4  stm32f4xx_it.o(.text.MemManage_Handler)
    NMI_Handler                              0x08006271   Thumb Code     2  stm32f4xx_it.o(.text.NMI_Handler)
    NVIC_Init                                0x08006275   Thumb Code   202  misc.o(.text.NVIC_Init)
    PendSV_Handler                           0x08006341   Thumb Code     2  stm32f4xx_it.o(.text.PendSV_Handler)
    RCC_AHB1PeriphClockCmd                   0x08006345   Thumb Code    56  stm32f4xx_rcc.o(.text.RCC_AHB1PeriphClockCmd)
    RCC_AHB3PeriphClockCmd                   0x0800637d   Thumb Code    56  stm32f4xx_rcc.o(.text.RCC_AHB3PeriphClockCmd)
    RCC_APB1PeriphClockCmd                   0x080063b5   Thumb Code    56  stm32f4xx_rcc.o(.text.RCC_APB1PeriphClockCmd)
    RCC_APB2PeriphClockCmd                   0x080063ed   Thumb Code    56  stm32f4xx_rcc.o(.text.RCC_APB2PeriphClockCmd)
    RCC_GetClocksFreq                        0x08006425   Thumb Code   354  stm32f4xx_rcc.o(.text.RCC_GetClocksFreq)
    SPI_Cmd                                  0x08006589   Thumb Code    44  stm32f4xx_spi.o(.text.SPI_Cmd)
    SPI_I2S_GetFlagStatus                    0x080065b5   Thumb Code    54  stm32f4xx_spi.o(.text.SPI_I2S_GetFlagStatus)
    SPI_I2S_ReceiveData                      0x080065ed   Thumb Code    12  stm32f4xx_spi.o(.text.SPI_I2S_ReceiveData)
    SPI_I2S_SendData                         0x080065f9   Thumb Code    20  stm32f4xx_spi.o(.text.SPI_I2S_SendData)
    SPI_Init                                 0x0800660d   Thumb Code   104  stm32f4xx_spi.o(.text.SPI_Init)
    SVC_Handler                              0x08006675   Thumb Code     2  stm32f4xx_it.o(.text.SVC_Handler)
    Spi_Clock_Init                           0x080067ad   Thumb Code   182  spi_base.o(.text.Spi_Clock_Init)
    Spi_Create                               0x08006865   Thumb Code    76  spi_base.o(.text.Spi_Create)
    Spi_RW                                   0x08006901   Thumb Code    78  spi_base.o(.text.Spi_RW)
    SysTick_CLKSourceConfig                  0x08006951   Thumb Code    52  misc.o(.text.SysTick_CLKSourceConfig)
    SysTick_Handler                          0x08006985   Thumb Code    16  base.o(.text.SysTick_Handler)
    SystemInit                               0x08006995   Thumb Code   116  system_stm32f4xx_1.o(.text.SystemInit)
    UART4_IRQHandler                         0x08006a09   Thumb Code   154  user_usart.o(.text.UART4_IRQHandler)
    UART5_IRQHandler                         0x08006aa5   Thumb Code   154  user_usart.o(.text.UART5_IRQHandler)
    USART1_IRQHandler                        0x08006b41   Thumb Code   218  usart.o(.text.USART1_IRQHandler)
    USART2_IRQHandler                        0x08006c1d   Thumb Code   154  user_usart.o(.text.USART2_IRQHandler)
    USART3_IRQHandler                        0x08006cb9   Thumb Code   154  user_usart.o(.text.USART3_IRQHandler)
    USART6_IRQHandler                        0x08006d55   Thumb Code   154  user_usart.o(.text.USART6_IRQHandler)
    USART_ClearITPendingBit                  0x08006df1   Thumb Code    68  stm32f4xx_usart.o(.text.USART_ClearITPendingBit)
    USART_Cmd                                0x08006e35   Thumb Code    44  stm32f4xx_usart.o(.text.USART_Cmd)
    USART_GetFlagStatus                      0x08006e61   Thumb Code    68  stm32f4xx_usart.o(.text.USART_GetFlagStatus)
    USART_GetITStatus                        0x08006ea5   Thumb Code   176  stm32f4xx_usart.o(.text.USART_GetITStatus)
    USART_ITConfig                           0x08006f55   Thumb Code   146  stm32f4xx_usart.o(.text.USART_ITConfig)
    USART_Init                               0x08006fe9   Thumb Code   354  stm32f4xx_usart.o(.text.USART_Init)
    USART_ReceiveData                        0x0800714d   Thumb Code    16  stm32f4xx_usart.o(.text.USART_ReceiveData)
    UsageFault_Handler                       0x0800715d   Thumb Code     4  stm32f4xx_it.o(.text.UsageFault_Handler)
    _sys_close                               0x08007161   Thumb Code    10  usart.o(.text._sys_close)
    _sys_exit                                0x0800716d   Thumb Code     8  usart.o(.text._sys_exit)
    _sys_flen                                0x08007175   Thumb Code    10  usart.o(.text._sys_flen)
    _sys_istty                               0x08007181   Thumb Code    10  usart.o(.text._sys_istty)
    _sys_open                                0x0800718d   Thumb Code    12  usart.o(.text._sys_open)
    _sys_seek                                0x08007199   Thumb Code    12  usart.o(.text._sys_seek)
    _sys_write                               0x080071a5   Thumb Code    16  usart.o(.text._sys_write)
    _ttywrch                                 0x080071b5   Thumb Code     8  usart.o(.text._ttywrch)
    delay_init                               0x080071bd   Thumb Code    54  delay.o(.text.delay_init)
    delay_ms                                 0x080071f5   Thumb Code   100  delay.o(.text.delay_ms)
    delay_us                                 0x08007259   Thumb Code   140  delay.o(.text.delay_us)
    delay_xms                                0x080072e5   Thumb Code   144  delay.o(.text.delay_xms)
    fputc                                    0x08007375   Thumb Code    48  usart.o(.text.fputc)
    main                                     0x080073a5   Thumb Code   304  main.o(.text.main)
    print_int                                0x080074d5   Thumb Code   106  use.o(.text.print_int)
    print_str                                0x08007541   Thumb Code    54  use.o(.text.print_str)
    uart_init                                0x08007579   Thumb Code   186  usart.o(.text.uart_init)
    user_init                                0x08007635   Thumb Code    22  use.o(.text.user_init)
    _btod_d2e                                0x0800764b   Thumb Code    62  btod.o(CL$$btod_d2e)
    _d2e_denorm_low                          0x08007689   Thumb Code    70  btod.o(CL$$btod_d2e_denorm_low)
    _d2e_norm_op1                            0x080076cf   Thumb Code    96  btod.o(CL$$btod_d2e_norm_op1)
    __btod_div_common                        0x08007731   Thumb Code   696  btod.o(CL$$btod_div_common)
    _e2e                                     0x08007a69   Thumb Code   220  btod.o(CL$$btod_e2e)
    _btod_ediv                               0x08007b45   Thumb Code    42  btod.o(CL$$btod_ediv)
    _btod_emul                               0x08007b6f   Thumb Code    42  btod.o(CL$$btod_emul)
    __btod_mult_common                       0x08007b99   Thumb Code   580  btod.o(CL$$btod_mult_common)
    __ARM_fpclassify                         0x08007ddd   Thumb Code    48  fpclassify.o(i.__ARM_fpclassify)
    _is_digit                                0x08007e0d   Thumb Code    14  __printf_wp.o(i._is_digit)
    _get_lc_numeric                          0x08007e1d   Thumb Code    44  lc_numeric_c.o(locale$$code)
    _get_lc_ctype                            0x08007e49   Thumb Code    44  lc_ctype_c.o(locale$$code)
    __aeabi_d2iz                             0x08007e75   Thumb Code     0  dfix.o(x$fpl$dfix)
    _dfix                                    0x08007e75   Thumb Code    94  dfix.o(x$fpl$dfix)
    __aeabi_i2d                              0x08007ed3   Thumb Code     0  dflt_clz.o(x$fpl$dflt)
    _dflt                                    0x08007ed3   Thumb Code    46  dflt_clz.o(x$fpl$dflt)
    __aeabi_dmul                             0x08007f01   Thumb Code     0  dmul.o(x$fpl$dmul)
    _dmul                                    0x08007f01   Thumb Code   332  dmul.o(x$fpl$dmul)
    __fpl_dnaninf                            0x08008055   Thumb Code   156  dnaninf.o(x$fpl$dnaninf)
    __fpl_dretinf                            0x080080f1   Thumb Code    12  dretinf.o(x$fpl$dretinf)
    _fp_init                                 0x080080fd   Thumb Code    26  fpinit.o(x$fpl$fpinit)
    __fplib_config_fpu_vfp                   0x08008115   Thumb Code     0  fpinit.o(x$fpl$fpinit)
    __fplib_config_pureend_doubles           0x08008115   Thumb Code     0  fpinit.o(x$fpl$fpinit)
    _printf_fp_dec                           0x08008117   Thumb Code     4  printf1.o(x$fpl$printf1)
    _printf_fp_hex                           0x0800811b   Thumb Code     4  printf2.o(x$fpl$printf2)
    __I$use$fp                               0x0800811e   Number         0  usenofp.o(x$fpl$usenofp)
    __stdin_name                             0x08008187   Data           4  sys_io_names.o(.constdata)
    __stdout_name                            0x0800818b   Data           4  sys_io_names.o(.constdata)
    __stderr_name                            0x0800818f   Data           4  sys_io_names.o(.constdata)
    asc2_1206                                0x08008238   Data        1140  lcd.o(.rodata.asc2_1206)
    asc2_1608                                0x080086ac   Data        1520  lcd.o(.rodata.asc2_1608)
    asc2_2412                                0x08008c9c   Data        3420  lcd.o(.rodata.asc2_2412)
    Region$$Table$$Base                      0x08009a08   Number         0  anon$$obj.o(Region$$Table)
    Region$$Table$$Limit                     0x08009a28   Number         0  anon$$obj.o(Region$$Table)
    __ctype                                  0x08009a51   Data           0  lc_ctype_c.o(locale$$data)
    __aeabi_stdin                            0x20000000   Data           4  stdio_streams.o(.data)
    __aeabi_stdout                           0x20000004   Data           4  stdio_streams.o(.data)
    __aeabi_stderr                           0x20000008   Data           4  stdio_streams.o(.data)
    BACK_COLOR                               0x2000000c   Data           2  lcd.o(.data.BACK_COLOR)
    flash_map                                0x2000003c   Data          10  flash_function.o(.data.flash_map)
    __stdin                                  0x20000048   Data          84  stdio_streams.o(.bss)
    __stdout                                 0x2000009c   Data          84  stdio_streams.o(.bss)
    __stderr                                 0x200000f0   Data          84  stdio_streams.o(.bss)
    __libspace_start                         0x20000144   Data          96  libspace.o(.bss)
    POINT_COLOR                              0x200001a4   Data           2  lcd.o(.bss.POINT_COLOR)
    __temporary_stack_top$libspace           0x200001a4   Data           0  libspace.o(.bss)
    USART_RX_BUF                             0x200001a6   Data         200  usart.o(.bss.USART_RX_BUF)
    USART_RX_STA                             0x2000026e   Data           2  usart.o(.bss.USART_RX_STA)
    g_sys_tick_ms                            0x20000294   Data           4  base.o(.bss.g_sys_tick_ms)
    lcddev                                   0x20000298   Data          14  lcd.o(.bss.lcddev)



==============================================================================

Memory Map of the image

  Image Entry point : 0x08000189

  Load Region LR_IROM1 (Base: 0x08000000, Size: 0x00009ba0, Max: 0x00100000, ABSOLUTE)

    Execution Region ER_IROM1 (Exec base: 0x08000000, Load base: 0x08000000, Size: 0x00009b54, Max: 0x00100000, ABSOLUTE)

    Exec Addr    Load Addr    Size         Type   Attr      Idx    E Section Name        Object

    0x08000000   0x08000000   0x00000188   Data   RO           81    RESET               startup_stm32f40_41xxx.o
    0x08000188   0x08000188   0x00000008   Code   RO         2141  * !!!main             c_w.l(__main.o)
    0x08000190   0x08000190   0x0000005c   Code   RO         2575    !!!scatter          c_w.l(__scatter.o)
    0x080001ec   0x080001ec   0x0000001a   Code   RO         2579    !!handler_copy      c_w.l(__scatter_copy.o)
    0x08000206   0x08000206   0x00000002   PAD
    0x08000208   0x08000208   0x00000002   Code   RO         2576    !!handler_null      c_w.l(__scatter.o)
    0x0800020a   0x0800020a   0x00000002   PAD
    0x0800020c   0x0800020c   0x0000001c   Code   RO         2581    !!handler_zi        c_w.l(__scatter_zi.o)
    0x08000228   0x08000228   0x00000000   Code   RO         2262    .ARM.Collect$$_printf_percent$$00000000  c_w.l(_printf_percent.o)
    0x08000228   0x08000228   0x00000006   Code   RO         2251    .ARM.Collect$$_printf_percent$$00000001  c_w.l(_printf_n.o)
    0x0800022e   0x0800022e   0x00000006   Code   RO         2253    .ARM.Collect$$_printf_percent$$00000002  c_w.l(_printf_p.o)
    0x08000234   0x08000234   0x00000006   Code   RO         2258    .ARM.Collect$$_printf_percent$$00000003  c_w.l(_printf_f.o)
    0x0800023a   0x0800023a   0x00000006   Code   RO         2259    .ARM.Collect$$_printf_percent$$00000004  c_w.l(_printf_e.o)
    0x08000240   0x08000240   0x00000006   Code   RO         2260    .ARM.Collect$$_printf_percent$$00000005  c_w.l(_printf_g.o)
    0x08000246   0x08000246   0x00000006   Code   RO         2261    .ARM.Collect$$_printf_percent$$00000006  c_w.l(_printf_a.o)
    0x0800024c   0x0800024c   0x0000000a   Code   RO         2266    .ARM.Collect$$_printf_percent$$00000007  c_w.l(_printf_ll.o)
    0x08000256   0x08000256   0x00000006   Code   RO         2255    .ARM.Collect$$_printf_percent$$00000008  c_w.l(_printf_i.o)
    0x0800025c   0x0800025c   0x00000006   Code   RO         2256    .ARM.Collect$$_printf_percent$$00000009  c_w.l(_printf_d.o)
    0x08000262   0x08000262   0x00000006   Code   RO         2257    .ARM.Collect$$_printf_percent$$0000000A  c_w.l(_printf_u.o)
    0x08000268   0x08000268   0x00000006   Code   RO         2254    .ARM.Collect$$_printf_percent$$0000000B  c_w.l(_printf_o.o)
    0x0800026e   0x0800026e   0x00000006   Code   RO         2252    .ARM.Collect$$_printf_percent$$0000000C  c_w.l(_printf_x.o)
    0x08000274   0x08000274   0x00000006   Code   RO         2263    .ARM.Collect$$_printf_percent$$0000000D  c_w.l(_printf_lli.o)
    0x0800027a   0x0800027a   0x00000006   Code   RO         2264    .ARM.Collect$$_printf_percent$$0000000E  c_w.l(_printf_lld.o)
    0x08000280   0x08000280   0x00000006   Code   RO         2265    .ARM.Collect$$_printf_percent$$0000000F  c_w.l(_printf_llu.o)
    0x08000286   0x08000286   0x00000006   Code   RO         2270    .ARM.Collect$$_printf_percent$$00000010  c_w.l(_printf_llo.o)
    0x0800028c   0x0800028c   0x00000006   Code   RO         2271    .ARM.Collect$$_printf_percent$$00000011  c_w.l(_printf_llx.o)
    0x08000292   0x08000292   0x0000000a   Code   RO         2267    .ARM.Collect$$_printf_percent$$00000012  c_w.l(_printf_l.o)
    0x0800029c   0x0800029c   0x00000006   Code   RO         2249    .ARM.Collect$$_printf_percent$$00000013  c_w.l(_printf_c.o)
    0x080002a2   0x080002a2   0x00000006   Code   RO         2250    .ARM.Collect$$_printf_percent$$00000014  c_w.l(_printf_s.o)
    0x080002a8   0x080002a8   0x00000006   Code   RO         2268    .ARM.Collect$$_printf_percent$$00000015  c_w.l(_printf_lc.o)
    0x080002ae   0x080002ae   0x00000006   Code   RO         2269    .ARM.Collect$$_printf_percent$$00000016  c_w.l(_printf_ls.o)
    0x080002b4   0x080002b4   0x00000004   Code   RO         2391    .ARM.Collect$$_printf_percent$$00000017  c_w.l(_printf_percent_end.o)
    0x080002b8   0x080002b8   0x00000002   Code   RO         2494    .ARM.Collect$$libinit$$00000000  c_w.l(libinit.o)
    0x080002ba   0x080002ba   0x00000004   Code   RO         2284    .ARM.Collect$$libinit$$00000001  c_w.l(libinit2.o)
    0x080002be   0x080002be   0x00000000   Code   RO         2287    .ARM.Collect$$libinit$$00000004  c_w.l(libinit2.o)
    0x080002be   0x080002be   0x00000000   Code   RO         2289    .ARM.Collect$$libinit$$00000006  c_w.l(libinit2.o)
    0x080002be   0x080002be   0x00000008   Code   RO         2290    .ARM.Collect$$libinit$$00000007  c_w.l(libinit2.o)
    0x080002c6   0x080002c6   0x00000000   Code   RO         2292    .ARM.Collect$$libinit$$0000000C  c_w.l(libinit2.o)
    0x080002c6   0x080002c6   0x00000000   Code   RO         2294    .ARM.Collect$$libinit$$0000000E  c_w.l(libinit2.o)
    0x080002c6   0x080002c6   0x00000000   Code   RO         2296    .ARM.Collect$$libinit$$00000010  c_w.l(libinit2.o)
    0x080002c6   0x080002c6   0x00000006   Code   RO         2297    .ARM.Collect$$libinit$$00000011  c_w.l(libinit2.o)
    0x080002cc   0x080002cc   0x00000000   Code   RO         2299    .ARM.Collect$$libinit$$00000013  c_w.l(libinit2.o)
    0x080002cc   0x080002cc   0x0000000c   Code   RO         2300    .ARM.Collect$$libinit$$00000014  c_w.l(libinit2.o)
    0x080002d8   0x080002d8   0x00000000   Code   RO         2301    .ARM.Collect$$libinit$$00000015  c_w.l(libinit2.o)
    0x080002d8   0x080002d8   0x00000000   Code   RO         2303    .ARM.Collect$$libinit$$00000017  c_w.l(libinit2.o)
    0x080002d8   0x080002d8   0x0000000a   Code   RO         2304    .ARM.Collect$$libinit$$00000018  c_w.l(libinit2.o)
    0x080002e2   0x080002e2   0x00000000   Code   RO         2305    .ARM.Collect$$libinit$$00000019  c_w.l(libinit2.o)
    0x080002e2   0x080002e2   0x00000000   Code   RO         2307    .ARM.Collect$$libinit$$0000001B  c_w.l(libinit2.o)
    0x080002e2   0x080002e2   0x00000000   Code   RO         2309    .ARM.Collect$$libinit$$0000001D  c_w.l(libinit2.o)
    0x080002e2   0x080002e2   0x00000000   Code   RO         2311    .ARM.Collect$$libinit$$0000001F  c_w.l(libinit2.o)
    0x080002e2   0x080002e2   0x00000000   Code   RO         2313    .ARM.Collect$$libinit$$00000021  c_w.l(libinit2.o)
    0x080002e2   0x080002e2   0x00000000   Code   RO         2315    .ARM.Collect$$libinit$$00000023  c_w.l(libinit2.o)
    0x080002e2   0x080002e2   0x00000000   Code   RO         2317    .ARM.Collect$$libinit$$00000025  c_w.l(libinit2.o)
    0x080002e2   0x080002e2   0x00000004   Code   RO         2318    .ARM.Collect$$libinit$$00000026  c_w.l(libinit2.o)
    0x080002e6   0x080002e6   0x00000000   Code   RO         2319    .ARM.Collect$$libinit$$00000027  c_w.l(libinit2.o)
    0x080002e6   0x080002e6   0x00000000   Code   RO         2323    .ARM.Collect$$libinit$$0000002E  c_w.l(libinit2.o)
    0x080002e6   0x080002e6   0x00000000   Code   RO         2325    .ARM.Collect$$libinit$$00000030  c_w.l(libinit2.o)
    0x080002e6   0x080002e6   0x00000000   Code   RO         2327    .ARM.Collect$$libinit$$00000032  c_w.l(libinit2.o)
    0x080002e6   0x080002e6   0x00000000   Code   RO         2329    .ARM.Collect$$libinit$$00000034  c_w.l(libinit2.o)
    0x080002e6   0x080002e6   0x00000002   Code   RO         2330    .ARM.Collect$$libinit$$00000035  c_w.l(libinit2.o)
    0x080002e8   0x080002e8   0x00000002   Code   RO         2572    .ARM.Collect$$libshutdown$$00000000  c_w.l(libshutdown.o)
    0x080002ea   0x080002ea   0x00000000   Code   RO         2496    .ARM.Collect$$libshutdown$$00000002  c_w.l(libshutdown2.o)
    0x080002ea   0x080002ea   0x00000004   Code   RO         2497    .ARM.Collect$$libshutdown$$00000003  c_w.l(libshutdown2.o)
    0x080002ee   0x080002ee   0x00000000   Code   RO         2498    .ARM.Collect$$libshutdown$$00000004  c_w.l(libshutdown2.o)
    0x080002ee   0x080002ee   0x00000000   Code   RO         2501    .ARM.Collect$$libshutdown$$00000007  c_w.l(libshutdown2.o)
    0x080002ee   0x080002ee   0x00000000   Code   RO         2504    .ARM.Collect$$libshutdown$$0000000A  c_w.l(libshutdown2.o)
    0x080002ee   0x080002ee   0x00000000   Code   RO         2506    .ARM.Collect$$libshutdown$$0000000C  c_w.l(libshutdown2.o)
    0x080002ee   0x080002ee   0x00000000   Code   RO         2509    .ARM.Collect$$libshutdown$$0000000F  c_w.l(libshutdown2.o)
    0x080002ee   0x080002ee   0x00000002   Code   RO         2510    .ARM.Collect$$libshutdown$$00000010  c_w.l(libshutdown2.o)
    0x080002f0   0x080002f0   0x00000000   Code   RO         2159    .ARM.Collect$$rtentry$$00000000  c_w.l(__rtentry.o)
    0x080002f0   0x080002f0   0x00000000   Code   RO         2352    .ARM.Collect$$rtentry$$00000002  c_w.l(__rtentry2.o)
    0x080002f0   0x080002f0   0x00000006   Code   RO         2364    .ARM.Collect$$rtentry$$00000004  c_w.l(__rtentry4.o)
    0x080002f6   0x080002f6   0x00000000   Code   RO         2354    .ARM.Collect$$rtentry$$00000009  c_w.l(__rtentry2.o)
    0x080002f6   0x080002f6   0x00000004   Code   RO         2355    .ARM.Collect$$rtentry$$0000000A  c_w.l(__rtentry2.o)
    0x080002fa   0x080002fa   0x00000000   Code   RO         2357    .ARM.Collect$$rtentry$$0000000C  c_w.l(__rtentry2.o)
    0x080002fa   0x080002fa   0x00000008   Code   RO         2358    .ARM.Collect$$rtentry$$0000000D  c_w.l(__rtentry2.o)
    0x08000302   0x08000302   0x00000002   Code   RO         2515    .ARM.Collect$$rtexit$$00000000  c_w.l(rtexit.o)
    0x08000304   0x08000304   0x00000000   Code   RO         2539    .ARM.Collect$$rtexit$$00000002  c_w.l(rtexit2.o)
    0x08000304   0x08000304   0x00000004   Code   RO         2540    .ARM.Collect$$rtexit$$00000003  c_w.l(rtexit2.o)
    0x08000308   0x08000308   0x00000006   Code   RO         2541    .ARM.Collect$$rtexit$$00000004  c_w.l(rtexit2.o)
    0x0800030e   0x0800030e   0x00000002   PAD
    0x08000310   0x08000310   0x00000040   Code   RO           82    .text               startup_stm32f40_41xxx.o
    0x08000350   0x08000350   0x00000002   Code   RO         2071    .text               c_w.l(use_no_semi_2.o)
    0x08000352   0x08000352   0x0000005e   Code   RO         2077    .text               c_w.l(h1_alloc.o)
    0x080003b0   0x080003b0   0x0000004e   Code   RO         2079    .text               c_w.l(h1_free.o)
    0x080003fe   0x080003fe   0x00000002   PAD
    0x08000400   0x08000400   0x00000018   Code   RO         2135    .text               c_w.l(printf.o)
    0x08000418   0x08000418   0x00000044   Code   RO         2137    .text               c_w.l(rt_memclr.o)
    0x0800045c   0x0800045c   0x00000006   Code   RO         2139    .text               c_w.l(heapauxi.o)
    0x08000462   0x08000462   0x00000002   Code   RO         2155    .text               c_w.l(use_no_semi.o)
    0x08000464   0x08000464   0x00000008   Code   RO         2163    .text               c_w.l(rt_heap_descriptor_intlibspace.o)
    0x0800046c   0x0800046c   0x00000004   Code   RO         2165    .text               c_w.l(hguard.o)
    0x08000470   0x08000470   0x0000008a   Code   RO         2167    .text               c_w.l(init_alloc.o)
    0x080004fa   0x080004fa   0x0000000c   Code   RO         2171    .text               c_w.l(h1_init.o)
    0x08000506   0x08000506   0x0000004e   Code   RO         2185    .text               c_w.l(_printf_pad.o)
    0x08000554   0x08000554   0x00000024   Code   RO         2187    .text               c_w.l(_printf_truncate.o)
    0x08000578   0x08000578   0x00000052   Code   RO         2189    .text               c_w.l(_printf_str.o)
    0x080005ca   0x080005ca   0x00000002   PAD
    0x080005cc   0x080005cc   0x00000078   Code   RO         2191    .text               c_w.l(_printf_dec.o)
    0x08000644   0x08000644   0x00000028   Code   RO         2193    .text               c_w.l(_printf_charcount.o)
    0x0800066c   0x0800066c   0x00000024   Code   RO         2195    .text               c_w.l(_printf_char_file.o)
    0x08000690   0x08000690   0x000000bc   Code   RO         2197    .text               c_w.l(_printf_wctomb.o)
    0x0800074c   0x0800074c   0x0000007c   Code   RO         2200    .text               c_w.l(_printf_longlong_dec.o)
    0x080007c8   0x080007c8   0x00000070   Code   RO         2206    .text               c_w.l(_printf_oct_int_ll.o)
    0x08000838   0x08000838   0x00000094   Code   RO         2226    .text               c_w.l(_printf_hex_int_ll_ptr.o)
    0x080008cc   0x080008cc   0x00000188   Code   RO         2246    .text               c_w.l(__printf_flags_ss_wp.o)
    0x08000a54   0x08000a54   0x0000004e   Code   RO         2280    .text               c_w.l(rt_memclr_w.o)
    0x08000aa2   0x08000aa2   0x00000002   PAD
    0x08000aa4   0x08000aa4   0x00000008   Code   RO         2348    .text               c_w.l(libspace.o)
    0x08000aac   0x08000aac   0x00000000   Code   RO         2368    .text               c_w.l(maybetermalloc1.o)
    0x08000aac   0x08000aac   0x00000034   Code   RO         2370    .text               c_w.l(h1_extend.o)
    0x08000ae0   0x08000ae0   0x0000008a   Code   RO         2374    .text               c_w.l(lludiv10.o)
    0x08000b6a   0x08000b6a   0x000000b2   Code   RO         2376    .text               c_w.l(_printf_intcommon.o)
    0x08000c1c   0x08000c1c   0x0000041c   Code   RO         2378    .text               c_w.l(_printf_fp_dec.o)
    0x08001038   0x08001038   0x000002fc   Code   RO         2382    .text               c_w.l(_printf_fp_hex.o)
    0x08001334   0x08001334   0x00000030   Code   RO         2385    .text               c_w.l(_printf_char_common.o)
    0x08001364   0x08001364   0x0000002c   Code   RO         2387    .text               c_w.l(_printf_char.o)
    0x08001390   0x08001390   0x0000002c   Code   RO         2389    .text               c_w.l(_printf_wchar.o)
    0x080013bc   0x080013bc   0x00000008   Code   RO         2392    .text               c_w.l(ferror.o)
    0x080013c4   0x080013c4   0x00000138   Code   RO         2394    .text               c_w.l(initio.o)
    0x080014fc   0x080014fc   0x00000048   Code   RO         2400    .text               c_w.l(_c16rtomb.o)
    0x08001544   0x08001544   0x0000000e   Code   RO         2402    .text               c_w.l(defsig_rtmem_outer.o)
    0x08001552   0x08001552   0x0000004a   Code   RO         2417    .text               c_w.l(sys_stackheap_outer.o)
    0x0800159c   0x0800159c   0x00000010   Code   RO         2419    .text               c_w.l(rt_ctype_table.o)
    0x080015ac   0x080015ac   0x00000008   Code   RO         2426    .text               c_w.l(rt_locale_intlibspace.o)
    0x080015b4   0x080015b4   0x00000080   Code   RO         2430    .text               c_w.l(_printf_fp_infnan.o)
    0x08001634   0x08001634   0x000000e4   Code   RO         2434    .text               c_w.l(bigflt0.o)
    0x08001718   0x08001718   0x00000046   Code   RO         2461    .text               c_w.l(setvbuf.o)
    0x0800175e   0x0800175e   0x00000002   PAD
    0x08001760   0x08001760   0x000000f0   Code   RO         2464    .text               c_w.l(fopen.o)
    0x08001850   0x08001850   0x0000004c   Code   RO         2466    .text               c_w.l(fclose.o)
    0x0800189c   0x0800189c   0x00000012   Code   RO         2475    .text               c_w.l(exit.o)
    0x080018ae   0x080018ae   0x0000000a   Code   RO         2477    .text               c_w.l(defsig_exit.o)
    0x080018b8   0x080018b8   0x0000000e   Code   RO         2479    .text               c_w.l(defsig_rtred_outer.o)
    0x080018c6   0x080018c6   0x00000002   PAD
    0x080018c8   0x080018c8   0x00000050   Code   RO         2483    .text               c_w.l(defsig_rtmem_inner.o)
    0x08001918   0x08001918   0x000000f8   Code   RO         2523    .text               c_w.l(fseek.o)
    0x08001a10   0x08001a10   0x00000108   Code   RO         2525    .text               c_w.l(stdio.o)
    0x08001b18   0x08001b18   0x00000032   Code   RO         2532    .text               c_w.l(defsig_general.o)
    0x08001b4a   0x08001b4a   0x00000002   PAD
    0x08001b4c   0x08001b4c   0x00000034   Code   RO         2534    .text               c_w.l(defsig_rtred_inner.o)
    0x08001b80   0x08001b80   0x0000007c   Code   RO         2536    .text               c_w.l(strcmpv7em.o)
    0x08001bfc   0x08001bfc   0x00000042   Code   RO         2547    .text               c_w.l(ftell.o)
    0x08001c3e   0x08001c3e   0x00000002   PAD
    0x08001c40   0x08001c40   0x00000008   Code   RO         2554    .text               c_w.l(rt_errno_addr_intlibspace.o)
    0x08001c48   0x08001c48   0x00000004   Code   RO          124    .text.BusFault_Handler  stm32f4xx_it.o
    0x08001c4c   0x08001c4c   0x00000002   Code   RO          130    .text.DebugMon_Handler  stm32f4xx_it.o
    0x08001c4e   0x08001c4e   0x00000002   PAD
    0x08001c50   0x08001c50   0x00000042   Code   RO          985    .text.FSMC_NORSRAMCmd  stm32f4xx_fsmc.o
    0x08001c92   0x08001c92   0x00000002   PAD
    0x08001c94   0x08001c94   0x0000015c   Code   RO          981    .text.FSMC_NORSRAMInit  stm32f4xx_fsmc.o
    0x08001df0   0x08001df0   0x00000106   Code   RO          359    .text.Flash_Find_Idle  flash_function.o
    0x08001ef6   0x08001ef6   0x00000002   PAD
    0x08001ef8   0x08001ef8   0x000000de   Code   RO          363    .text.Flash_Map_Read  flash_function.o
    0x08001fd6   0x08001fd6   0x00000002   PAD
    0x08001fd8   0x08001fd8   0x0000005c   Code   RO          345    .text.Flash_ReadData  flash_base.o
    0x08002034   0x08002034   0x000000fc   Code   RO          385    .text.Flash_Read_Config  flash_function.o
    0x08002130   0x08002130   0x0000002a   Code   RO          337    .text.Flash_Write_Addr  flash_base.o
    0x0800215a   0x0800215a   0x00000002   PAD
    0x0800215c   0x0800215c   0x0000002a   Code   RO          371    .text.Flash_Write_Addr  flash_function.o
    0x08002186   0x08002186   0x00000002   PAD
    0x08002188   0x08002188   0x000000a0   Code   RO          323    .text.Flash_init    flash_base.o
    0x08002228   0x08002228   0x0000004e   Code   RO          288    .text.GPIO_AFOut_Init  base.o
    0x08002276   0x08002276   0x00000002   PAD
    0x08002278   0x08002278   0x00000030   Code   RO          274    .text.GPIO_Clock_Init  base.o
    0x080022a8   0x080022a8   0x000000f6   Code   RO         1027    .text.GPIO_Init     stm32f4xx_gpio.o
    0x0800239e   0x0800239e   0x00000002   PAD
    0x080023a0   0x080023a0   0x00000058   Code   RO          286    .text.GPIO_Out_Init  base.o
    0x080023f8   0x080023f8   0x00000072   Code   RO         1051    .text.GPIO_PinAFConfig  stm32f4xx_gpio.o
    0x0800246a   0x0800246a   0x00000002   PAD
    0x0800246c   0x0800246c   0x00000016   Code   RO         1043    .text.GPIO_ResetBits  stm32f4xx_gpio.o
    0x08002482   0x08002482   0x00000002   PAD
    0x08002484   0x08002484   0x00000014   Code   RO         1041    .text.GPIO_SetBits  stm32f4xx_gpio.o
    0x08002498   0x08002498   0x00000016   Code   RO          290    .text.Get_Source    base.o
    0x080024ae   0x080024ae   0x00000002   PAD
    0x080024b0   0x080024b0   0x00000004   Code   RO          120    .text.HardFault_Handler  stm32f4xx_it.o
    0x080024b4   0x080024b4   0x00000056   Code   RO          194    .text.LCD_Clear     lcd.o
    0x0800250a   0x0800250a   0x00000002   PAD
    0x0800250c   0x0800250c   0x00000212   Code   RO          188    .text.LCD_Display_Dir  lcd.o
    0x0800271e   0x0800271e   0x00000002   PAD
    0x08002720   0x08002720   0x00000168   Code   RO          184    .text.LCD_Fast_DrawPoint  lcd.o
    0x08002888   0x08002888   0x00003030   Code   RO          192    .text.LCD_Init      lcd.o
    0x080058b8   0x080058b8   0x00000030   Code   RO          208    .text.LCD_Pow       lcd.o
    0x080058e8   0x080058e8   0x00000016   Code   RO          158    .text.LCD_RD_DATA   lcd.o
    0x080058fe   0x080058fe   0x00000002   PAD
    0x08005900   0x08005900   0x00000068   Code   RO          186    .text.LCD_SSD_BackLightSet  lcd.o
    0x08005968   0x08005968   0x0000035e   Code   RO          180    .text.LCD_Scan_Dir  lcd.o
    0x08005cc6   0x08005cc6   0x00000002   PAD
    0x08005cc8   0x08005cc8   0x00000188   Code   RO          174    .text.LCD_SetCursor  lcd.o
    0x08005e50   0x08005e50   0x000001c2   Code   RO          206    .text.LCD_ShowChar  lcd.o
    0x08006012   0x08006012   0x00000002   PAD
    0x08006014   0x08006014   0x00000100   Code   RO          210    .text.LCD_ShowNum   lcd.o
    0x08006114   0x08006114   0x000000da   Code   RO          214    .text.LCD_ShowString  lcd.o
    0x080061ee   0x080061ee   0x00000002   PAD
    0x080061f0   0x080061f0   0x0000001e   Code   RO          156    .text.LCD_WR_DATA   lcd.o
    0x0800620e   0x0800620e   0x00000002   PAD
    0x08006210   0x08006210   0x0000001e   Code   RO          154    .text.LCD_WR_REG    lcd.o
    0x0800622e   0x0800622e   0x00000002   PAD
    0x08006230   0x08006230   0x00000014   Code   RO          164    .text.LCD_WriteRAM_Prepare  lcd.o
    0x08006244   0x08006244   0x00000026   Code   RO          160    .text.LCD_WriteReg  lcd.o
    0x0800626a   0x0800626a   0x00000002   PAD
    0x0800626c   0x0800626c   0x00000004   Code   RO          122    .text.MemManage_Handler  stm32f4xx_it.o
    0x08006270   0x08006270   0x00000002   Code   RO          118    .text.NMI_Handler   stm32f4xx_it.o
    0x08006272   0x08006272   0x00000002   PAD
    0x08006274   0x08006274   0x000000ca   Code   RO          414    .text.NVIC_Init     misc.o
    0x0800633e   0x0800633e   0x00000002   PAD
    0x08006340   0x08006340   0x00000002   Code   RO          132    .text.PendSV_Handler  stm32f4xx_it.o
    0x08006342   0x08006342   0x00000002   PAD
    0x08006344   0x08006344   0x00000038   Code   RO         1396    .text.RCC_AHB1PeriphClockCmd  stm32f4xx_rcc.o
    0x0800637c   0x0800637c   0x00000038   Code   RO         1400    .text.RCC_AHB3PeriphClockCmd  stm32f4xx_rcc.o
    0x080063b4   0x080063b4   0x00000038   Code   RO         1402    .text.RCC_APB1PeriphClockCmd  stm32f4xx_rcc.o
    0x080063ec   0x080063ec   0x00000038   Code   RO         1404    .text.RCC_APB2PeriphClockCmd  stm32f4xx_rcc.o
    0x08006424   0x08006424   0x00000162   Code   RO         1374    .text.RCC_GetClocksFreq  stm32f4xx_rcc.o
    0x08006586   0x08006586   0x00000002   PAD
    0x08006588   0x08006588   0x0000002c   Code   RO         1723    .text.SPI_Cmd       stm32f4xx_spi.o
    0x080065b4   0x080065b4   0x00000036   Code   RO         1755    .text.SPI_I2S_GetFlagStatus  stm32f4xx_spi.o
    0x080065ea   0x080065ea   0x00000002   PAD
    0x080065ec   0x080065ec   0x0000000c   Code   RO         1739    .text.SPI_I2S_ReceiveData  stm32f4xx_spi.o
    0x080065f8   0x080065f8   0x00000014   Code   RO         1741    .text.SPI_I2S_SendData  stm32f4xx_spi.o
    0x0800660c   0x0800660c   0x00000068   Code   RO         1715    .text.SPI_Init      stm32f4xx_spi.o
    0x08006674   0x08006674   0x00000002   Code   RO          128    .text.SVC_Handler   stm32f4xx_it.o
    0x08006676   0x08006676   0x00000002   PAD
    0x08006678   0x08006678   0x00000134   Code   RO           91    .text.SetSysClock   system_stm32f4xx_1.o
    0x080067ac   0x080067ac   0x000000b6   Code   RO          401    .text.Spi_Clock_Init  spi_base.o
    0x08006862   0x08006862   0x00000002   PAD
    0x08006864   0x08006864   0x0000004c   Code   RO          399    .text.Spi_Create    spi_base.o
    0x080068b0   0x080068b0   0x00000014   Code   RO          339    .text.Spi_Cs_Hight  flash_base.o
    0x080068c4   0x080068c4   0x00000014   Code   RO          373    .text.Spi_Cs_Hight  flash_function.o
    0x080068d8   0x080068d8   0x00000014   Code   RO          333    .text.Spi_Cs_Low    flash_base.o
    0x080068ec   0x080068ec   0x00000014   Code   RO          369    .text.Spi_Cs_Low    flash_function.o
    0x08006900   0x08006900   0x0000004e   Code   RO          403    .text.Spi_RW        spi_base.o
    0x0800694e   0x0800694e   0x00000002   PAD
    0x08006950   0x08006950   0x00000034   Code   RO          420    .text.SysTick_CLKSourceConfig  misc.o
    0x08006984   0x08006984   0x00000010   Code   RO          284    .text.SysTick_Handler  base.o
    0x08006994   0x08006994   0x00000074   Code   RO           89    .text.SystemInit    system_stm32f4xx_1.o
    0x08006a08   0x08006a08   0x0000009a   Code   RO          254    .text.UART4_IRQHandler  user_usart.o
    0x08006aa2   0x08006aa2   0x00000002   PAD
    0x08006aa4   0x08006aa4   0x0000009a   Code   RO          256    .text.UART5_IRQHandler  user_usart.o
    0x08006b3e   0x08006b3e   0x00000002   PAD
    0x08006b40   0x08006b40   0x000000da   Code   RO           52    .text.USART1_IRQHandler  usart.o
    0x08006c1a   0x08006c1a   0x00000002   PAD
    0x08006c1c   0x08006c1c   0x0000009a   Code   RO          250    .text.USART2_IRQHandler  user_usart.o
    0x08006cb6   0x08006cb6   0x00000002   PAD
    0x08006cb8   0x08006cb8   0x0000009a   Code   RO          252    .text.USART3_IRQHandler  user_usart.o
    0x08006d52   0x08006d52   0x00000002   PAD
    0x08006d54   0x08006d54   0x0000009a   Code   RO          258    .text.USART6_IRQHandler  user_usart.o
    0x08006dee   0x08006dee   0x00000002   PAD
    0x08006df0   0x08006df0   0x00000044   Code   RO         2038    .text.USART_ClearITPendingBit  stm32f4xx_usart.o
    0x08006e34   0x08006e34   0x0000002c   Code   RO         1992    .text.USART_Cmd     stm32f4xx_usart.o
    0x08006e60   0x08006e60   0x00000044   Code   RO         2032    .text.USART_GetFlagStatus  stm32f4xx_usart.o
    0x08006ea4   0x08006ea4   0x000000b0   Code   RO         2036    .text.USART_GetITStatus  stm32f4xx_usart.o
    0x08006f54   0x08006f54   0x00000092   Code   RO         2030    .text.USART_ITConfig  stm32f4xx_usart.o
    0x08006fe6   0x08006fe6   0x00000002   PAD
    0x08006fe8   0x08006fe8   0x00000162   Code   RO         1984    .text.USART_Init    stm32f4xx_usart.o
    0x0800714a   0x0800714a   0x00000002   PAD
    0x0800714c   0x0800714c   0x00000010   Code   RO         2002    .text.USART_ReceiveData  stm32f4xx_usart.o
    0x0800715c   0x0800715c   0x00000004   Code   RO          126    .text.UsageFault_Handler  stm32f4xx_it.o
    0x08007160   0x08007160   0x0000000a   Code   RO           36    .text._sys_close    usart.o
    0x0800716a   0x0800716a   0x00000002   PAD
    0x0800716c   0x0800716c   0x00000008   Code   RO           30    .text._sys_exit     usart.o
    0x08007174   0x08007174   0x0000000a   Code   RO           46    .text._sys_flen     usart.o
    0x0800717e   0x0800717e   0x00000002   PAD
    0x08007180   0x08007180   0x0000000a   Code   RO           42    .text._sys_istty    usart.o
    0x0800718a   0x0800718a   0x00000002   PAD
    0x0800718c   0x0800718c   0x0000000c   Code   RO           34    .text._sys_open     usart.o
    0x08007198   0x08007198   0x0000000c   Code   RO           44    .text._sys_seek     usart.o
    0x080071a4   0x080071a4   0x00000010   Code   RO           38    .text._sys_write    usart.o
    0x080071b4   0x080071b4   0x00000008   Code   RO           32    .text._ttywrch      usart.o
    0x080071bc   0x080071bc   0x00000036   Code   RO           63    .text.delay_init    delay.o
    0x080071f2   0x080071f2   0x00000002   PAD
    0x080071f4   0x080071f4   0x00000064   Code   RO           69    .text.delay_ms      delay.o
    0x08007258   0x08007258   0x0000008c   Code   RO           65    .text.delay_us      delay.o
    0x080072e4   0x080072e4   0x00000090   Code   RO           67    .text.delay_xms     delay.o
    0x08007374   0x08007374   0x00000030   Code   RO           48    .text.fputc         usart.o
    0x080073a4   0x080073a4   0x00000130   Code   RO          104    .text.main          main.o
    0x080074d4   0x080074d4   0x0000006a   Code   RO          145    .text.print_int     use.o
    0x0800753e   0x0800753e   0x00000002   PAD
    0x08007540   0x08007540   0x00000036   Code   RO          143    .text.print_str     use.o
    0x08007576   0x08007576   0x00000002   PAD
    0x08007578   0x08007578   0x000000ba   Code   RO           50    .text.uart_init     usart.o
    0x08007632   0x08007632   0x00000002   PAD
    0x08007634   0x08007634   0x00000016   Code   RO          141    .text.user_init     use.o
    0x0800764a   0x0800764a   0x0000003e   Code   RO         2437    CL$$btod_d2e        c_w.l(btod.o)
    0x08007688   0x08007688   0x00000046   Code   RO         2439    CL$$btod_d2e_denorm_low  c_w.l(btod.o)
    0x080076ce   0x080076ce   0x00000060   Code   RO         2438    CL$$btod_d2e_norm_op1  c_w.l(btod.o)
    0x0800772e   0x0800772e   0x00000002   PAD
    0x08007730   0x08007730   0x00000338   Code   RO         2447    CL$$btod_div_common  c_w.l(btod.o)
    0x08007a68   0x08007a68   0x000000dc   Code   RO         2444    CL$$btod_e2e        c_w.l(btod.o)
    0x08007b44   0x08007b44   0x0000002a   Code   RO         2441    CL$$btod_ediv       c_w.l(btod.o)
    0x08007b6e   0x08007b6e   0x0000002a   Code   RO         2440    CL$$btod_emul       c_w.l(btod.o)
    0x08007b98   0x08007b98   0x00000244   Code   RO         2446    CL$$btod_mult_common  c_w.l(btod.o)
    0x08007ddc   0x08007ddc   0x00000030   Code   RO         2513    i.__ARM_fpclassify  m_wm.l(fpclassify.o)
    0x08007e0c   0x08007e0c   0x0000000e   Code   RO         2239    i._is_digit         c_w.l(__printf_wp.o)
    0x08007e1a   0x08007e1a   0x00000002   PAD
    0x08007e1c   0x08007e1c   0x0000002c   Code   RO         2473    locale$$code        c_w.l(lc_numeric_c.o)
    0x08007e48   0x08007e48   0x0000002c   Code   RO         2528    locale$$code        c_w.l(lc_ctype_c.o)
    0x08007e74   0x08007e74   0x0000005e   Code   RO         2143    x$fpl$dfix          fz_wm.l(dfix.o)
    0x08007ed2   0x08007ed2   0x0000002e   Code   RO         2148    x$fpl$dflt          fz_wm.l(dflt_clz.o)
    0x08007f00   0x08007f00   0x00000154   Code   RO         2153    x$fpl$dmul          fz_wm.l(dmul.o)
    0x08008054   0x08008054   0x0000009c   Code   RO         2331    x$fpl$dnaninf       fz_wm.l(dnaninf.o)
    0x080080f0   0x080080f0   0x0000000c   Code   RO         2333    x$fpl$dretinf       fz_wm.l(dretinf.o)
    0x080080fc   0x080080fc   0x0000001a   Code   RO         2411    x$fpl$fpinit        fz_wm.l(fpinit.o)
    0x08008116   0x08008116   0x00000004   Code   RO         2335    x$fpl$printf1       fz_wm.l(printf1.o)
    0x0800811a   0x0800811a   0x00000004   Code   RO         2337    x$fpl$printf2       fz_wm.l(printf2.o)
    0x0800811e   0x0800811e   0x00000000   Code   RO         2343    x$fpl$usenofp       fz_wm.l(usenofp.o)
    0x0800811e   0x0800811e   0x00000002   PAD
    0x08008120   0x08008120   0x00000008   Data   RO         2198    .constdata          c_w.l(_printf_wctomb.o)
    0x08008128   0x08008128   0x00000028   Data   RO         2227    .constdata          c_w.l(_printf_hex_int_ll_ptr.o)
    0x08008150   0x08008150   0x00000011   Data   RO         2247    .constdata          c_w.l(__printf_flags_ss_wp.o)
    0x08008161   0x08008161   0x00000026   Data   RO         2383    .constdata          c_w.l(_printf_fp_hex.o)
    0x08008187   0x08008187   0x00000004   Data   RO         2413    .constdata          c_w.l(sys_io_names.o)
    0x0800818b   0x0800818b   0x00000004   Data   RO         2414    .constdata          c_w.l(sys_io_names.o)
    0x0800818f   0x0800818f   0x00000004   Data   RO         2415    .constdata          c_w.l(sys_io_names.o)
    0x08008193   0x08008193   0x00000001   PAD
    0x08008194   0x08008194   0x00000094   Data   RO         2435    .constdata          c_w.l(bigflt0.o)
    0x08008228   0x08008228   0x00000010   Data   RO         1436    .rodata.APBAHBPrescTable  stm32f4xx_rcc.o
    0x08008238   0x08008238   0x00000474   Data   RO          216    .rodata.asc2_1206   lcd.o
    0x080086ac   0x080086ac   0x000005f0   Data   RO          217    .rodata.asc2_1608   lcd.o
    0x08008c9c   0x08008c9c   0x00000d5c   Data   RO          218    .rodata.asc2_2412   lcd.o
    0x080099f8   0x080099f8   0x0000000d   Data   RO          222    .rodata.str1.1      lcd.o
    0x08009a05   0x08009a05   0x00000003   PAD
    0x08009a08   0x08009a08   0x00000020   Data   RO         2574    Region$$Table       anon$$obj.o
    0x08009a28   0x08009a28   0x0000001c   Data   RO         2472    locale$$data        c_w.l(lc_numeric_c.o)
    0x08009a44   0x08009a44   0x00000110   Data   RO         2527    locale$$data        c_w.l(lc_ctype_c.o)


    Execution Region RW_IRAM1 (Exec base: 0x20000000, Load base: 0x08009b58, Size: 0x00000b58, Max: 0x00020000, ABSOLUTE)

    Exec Addr    Load Addr    Size         Type   Attr      Idx    E Section Name        Object

    0x20000000   0x08009b58   0x00000004   Data   RW         2275    .data               c_w.l(stdio_streams.o)
    0x20000004   0x08009b5c   0x00000004   Data   RW         2276    .data               c_w.l(stdio_streams.o)
    0x20000008   0x08009b60   0x00000004   Data   RW         2277    .data               c_w.l(stdio_streams.o)
    0x2000000c   0x08009b64   0x00000002   Data   RW          220    .data.BACK_COLOR    lcd.o
    0x2000000e   0x08009b66   0x00000002   PAD
    0x20000010   0x08009b68   0x0000002c   Data   RW          301    .data.GPIO_Clocks   base.o
    0x2000003c   0x08009b94   0x0000000a   Data   RW          391    .data.flash_map     flash_function.o
    0x20000046   0x08009b9e   0x00000002   PAD
    0x20000048        -       0x00000054   Zero   RW         2272    .bss                c_w.l(stdio_streams.o)
    0x2000009c        -       0x00000054   Zero   RW         2273    .bss                c_w.l(stdio_streams.o)
    0x200000f0        -       0x00000054   Zero   RW         2274    .bss                c_w.l(stdio_streams.o)
    0x20000144        -       0x00000060   Zero   RW         2349    .bss                c_w.l(libspace.o)
    0x200001a4        -       0x00000002   Zero   RW          219    .bss.POINT_COLOR    lcd.o
    0x200001a6        -       0x000000c8   Zero   RW           55    .bss.USART_RX_BUF   usart.o
    0x2000026e        -       0x00000002   Zero   RW           54    .bss.USART_RX_STA   usart.o
    0x20000270        -       0x00000020   Zero   RW          265    .bss.contexts       user_usart.o
    0x20000290        -       0x00000002   Zero   RW           72    .bss.fac_ms         delay.o
    0x20000292        -       0x00000001   Zero   RW           71    .bss.fac_us         delay.o
    0x20000293   0x08009b9e   0x00000001   PAD
    0x20000294        -       0x00000004   Zero   RW          298    .bss.g_sys_tick_ms  base.o
    0x20000298        -       0x0000000e   Zero   RW          221    .bss.lcddev         lcd.o
    0x200002a6        -       0x000001c4   Zero   RW          110    .bss.read_alarm     main.o
    0x2000046a   0x08009b9e   0x00000002   PAD
    0x2000046c        -       0x00000008   Zero   RW          109    .bss.read_pref      main.o
    0x20000474        -       0x000000a0   Zero   RW          108    .bss.read_sys       main.o
    0x20000514        -       0x00000024   Zero   RW          107    .bss.spi1_dev       main.o
    0x20000538        -       0x00000020   Zero   RW          264    .bss.usart_callback  user_usart.o
    0x20000558        -       0x00000200   Zero   RW           80    HEAP                startup_stm32f40_41xxx.o
    0x20000758        -       0x00000400   Zero   RW           79    STACK               startup_stm32f40_41xxx.o


==============================================================================

Image component sizes


      Code (inc. data)   RO Data    RW Data    ZI Data      Debug   Object Name

       252          0          0         44          4       8664   base.o
       438          0          0          0          3       1568   delay.o
       334          0          0          0          0       4863   flash_base.o
       818          0          0         10          0       9250   flash_function.o
     15782         24       6093          2         16      14499   lcd.o
       304          0          0          0        656       2331   main.o
       254          0          0          0          0       2874   misc.o
       336          0          0          0          0       2302   spi_base.o
        64         26        392          0       1536        852   startup_stm32f40_41xxx.o
       414          0          0          0          0       7632   stm32f4xx_fsmc.o
       402          0          0          0          0       4426   stm32f4xx_gpio.o
        24          0          0          0          0        902   stm32f4xx_it.o
       578          0         16          0          0      10604   stm32f4xx_rcc.o
       234          0          0          0          0       7520   stm32f4xx_spi.o
       872          0          0          0          0       7182   stm32f4xx_usart.o
       424          0          0          0          0       3205   system_stm32f4xx_1.o
       538          0          0          0        202       6304   usart.o
       182          0          0          0          0        772   use.o
       770          0          0          0         64       8652   user_usart.o

    ----------------------------------------------------------------------
     23106         50       6536         60       2484     104402   Object Totals
         0          0         32          0          0          0   (incl. Generated)
        86          0          3          4          3          0   (incl. Padding)

    ----------------------------------------------------------------------

      Code (inc. data)   RO Data    RW Data    ZI Data      Debug   Library Member Name

         8          0          0          0          0         68   __main.o
       392          4         17          0          0         92   __printf_flags_ss_wp.o
        14          0          0          0          0         68   __printf_wp.o
         0          0          0          0          0          0   __rtentry.o
        12          0          0          0          0          0   __rtentry2.o
         6          0          0          0          0          0   __rtentry4.o
        94          8          0          0          0          0   __scatter.o
        26          0          0          0          0          0   __scatter_copy.o
        28          0          0          0          0          0   __scatter_zi.o
        72          0          0          0          0         96   _c16rtomb.o
         6          0          0          0          0          0   _printf_a.o
         6          0          0          0          0          0   _printf_c.o
        44          0          0          0          0        108   _printf_char.o
        48          6          0          0          0         96   _printf_char_common.o
        36          4          0          0          0         80   _printf_char_file.o
        40          0          0          0          0         68   _printf_charcount.o
         6          0          0          0          0          0   _printf_d.o
       120         16          0          0          0         92   _printf_dec.o
         6          0          0          0          0          0   _printf_e.o
         6          0          0          0          0          0   _printf_f.o
      1052          0          0          0          0        148   _printf_fp_dec.o
       764          8         38          0          0        100   _printf_fp_hex.o
       128         16          0          0          0         84   _printf_fp_infnan.o
         6          0          0          0          0          0   _printf_g.o
       148          4         40          0          0        160   _printf_hex_int_ll_ptr.o
         6          0          0          0          0          0   _printf_i.o
       178          0          0          0          0         88   _printf_intcommon.o
        10          0          0          0          0          0   _printf_l.o
         6          0          0          0          0          0   _printf_lc.o
        10          0          0          0          0          0   _printf_ll.o
         6          0          0          0          0          0   _printf_lld.o
         6          0          0          0          0          0   _printf_lli.o
         6          0          0          0          0          0   _printf_llo.o
         6          0          0          0          0          0   _printf_llu.o
         6          0          0          0          0          0   _printf_llx.o
       124         16          0          0          0         92   _printf_longlong_dec.o
         6          0          0          0          0          0   _printf_ls.o
         6          0          0          0          0          0   _printf_n.o
         6          0          0          0          0          0   _printf_o.o
       112          8          0          0          0        124   _printf_oct_int_ll.o
         6          0          0          0          0          0   _printf_p.o
        78          0          0          0          0        108   _printf_pad.o
         0          0          0          0          0          0   _printf_percent.o
         4          0          0          0          0          0   _printf_percent_end.o
         6          0          0          0          0          0   _printf_s.o
        82          0          0          0          0         80   _printf_str.o
        36          0          0          0          0         84   _printf_truncate.o
         6          0          0          0          0          0   _printf_u.o
        44          0          0          0          0        108   _printf_wchar.o
       188          6          8          0          0         92   _printf_wctomb.o
         6          0          0          0          0          0   _printf_x.o
       228          4        148          0          0         96   bigflt0.o
      1936        128          0          0          0        668   btod.o
        10          0          0          0          0         68   defsig_exit.o
        50          0          0          0          0         88   defsig_general.o
        80         58          0          0          0         76   defsig_rtmem_inner.o
        14          0          0          0          0         80   defsig_rtmem_outer.o
        52         38          0          0          0         76   defsig_rtred_inner.o
        14          0          0          0          0         80   defsig_rtred_outer.o
        18          0          0          0          0         80   exit.o
        76          0          0          0          0         88   fclose.o
         8          0          0          0          0         68   ferror.o
       240          6          0          0          0        128   fopen.o
       248          6          0          0          0         84   fseek.o
        66          0          0          0          0         76   ftell.o
        94          0          0          0          0         80   h1_alloc.o
        52          0          0          0          0         68   h1_extend.o
        78          0          0          0          0         80   h1_free.o
        12          0          0          0          0         84   h1_init.o
         6          0          0          0          0        152   heapauxi.o
         4          0          0          0          0        136   hguard.o
       138          0          0          0          0        168   init_alloc.o
       312         46          0          0          0        112   initio.o
        44         10        272          0          0         76   lc_ctype_c.o
        44         10         28          0          0         76   lc_numeric_c.o
         2          0          0          0          0          0   libinit.o
        46          0          0          0          0          0   libinit2.o
         2          0          0          0          0          0   libshutdown.o
         6          0          0          0          0          0   libshutdown2.o
         8          4          0          0         96         68   libspace.o
       138          0          0          0          0         80   lludiv10.o
         0          0          0          0          0          0   maybetermalloc1.o
        24          4          0          0          0         84   printf.o
        16          4          0          0          0         76   rt_ctype_table.o
         8          4          0          0          0         68   rt_errno_addr_intlibspace.o
         8          4          0          0          0         68   rt_heap_descriptor_intlibspace.o
         8          4          0          0          0         68   rt_locale_intlibspace.o
        68          0          0          0          0         68   rt_memclr.o
        78          0          0          0          0         80   rt_memclr_w.o
         2          0          0          0          0          0   rtexit.o
        10          0          0          0          0          0   rtexit2.o
        70          0          0          0          0         80   setvbuf.o
       264          6          0          0          0        160   stdio.o
         0          0          0         12        252          0   stdio_streams.o
       124          0          0          0          0         88   strcmpv7em.o
         0          0         12          0          0          0   sys_io_names.o
        74          0          0          0          0         80   sys_stackheap_outer.o
         2          0          0          0          0         68   use_no_semi.o
         2          0          0          0          0         68   use_no_semi_2.o
        94          4          0          0          0        140   dfix.o
        46          0          0          0          0        116   dflt_clz.o
       340         12          0          0          0        152   dmul.o
       156          4          0          0          0        140   dnaninf.o
        12          0          0          0          0        116   dretinf.o
        26          0          0          0          0        116   fpinit.o
         4          0          0          0          0        116   printf1.o
         4          0          0          0          0        116   printf2.o
         0          0          0          0          0          0   usenofp.o
        48          0          0          0          0        124   fpclassify.o

    ----------------------------------------------------------------------
      9558        452        564         12        348       7164   Library Totals
        26          0          1          0          0          0   (incl. Padding)

    ----------------------------------------------------------------------

      Code (inc. data)   RO Data    RW Data    ZI Data      Debug   Library Name

      8802        432        563         12        348       6028   c_w.l
       682         20          0          0          0       1012   fz_wm.l
        48          0          0          0          0        124   m_wm.l

    ----------------------------------------------------------------------
      9558        452        564         12        348       7164   Library Totals

    ----------------------------------------------------------------------

==============================================================================


      Code (inc. data)   RO Data    RW Data    ZI Data      Debug   

     32664        502       7100         72       2832     107266   Grand Totals
     32664        502       7100         72       2832     107266   ELF Image Totals
     32664        502       7100         72          0          0   ROM Totals

==============================================================================

    Total RO  Size (Code + RO Data)                39764 (  38.83kB)
    Total RW  Size (RW Data + ZI Data)              2904 (   2.84kB)
    Total ROM Size (Code + RO Data + RW Data)      39836 (  38.90kB)

==============================================================================

