<html>
<body>
<pre>
<h1>µVision Build Log</h1>
<h2>Tool Versions:</h2>
IDE-Version: ¦ÌVision V5.43.1.0
Copyright (C) 2025 ARM Ltd and ARM Germany GmbH. All rights reserved.
License Information: wbbb asus, hanmaweilai , LIC=FYKYW-QMTMK-PCVJ8-3X2HS-AMN3B-R19EW
 
Tool Versions:
Toolchain:       MDK-ARM Plus  Version: 5.43.0.0
Toolchain Path:  D:\KeilMDK\ARM\ARM\ARMCLANG\Bin
C Compiler:      ArmClang.exe V6.24
Assembler:       Armasm.exe V6.24
Linker/Locator:  ArmLink.exe V6.24
Library Manager: ArmAr.exe V6.24
Hex Converter:   FromElf.exe V6.24
CPU DLL:         SARMCM3.DLL V5.43.0.0
Dialog DLL:      DCM.DLL V1.17.5.0
Target DLL:      CMSIS_AGDI.dll V1.33.24.0
Dialog DLL:      TCM.DLL V1.56.6.0
 
<h2>Project:</h2>
D:\STM32_project\Flash_Control\MDK-ARM\Universal_Template.uvprojx
Project File Date:  05/22/2026

<h2>Output:</h2>
*** Using Compiler 'V6.24', folder: 'D:\KeilMDK\ARM\ARM\ARMCLANG\Bin'
Build target 'Target_1'
Note: source file '..\Start\system_stm32f4xx.c' - object file renamed from '.\Objects\system_stm32f4xx.o' to '.\Objects\system_stm32f4xx_1.o'.
compiling main.c...
../Hardware/Flash/flash_function.c(111): warning: non-void function does not return a value in all control paths [-Wreturn-type]
  111 | }
      | ^
../Hardware/Flash/flash_function.c(150): warning: variable 'error' set but not used [-Wunused-but-set-variable]
  150 |     System_Error_t error={.all=0};
      |                    ^
../Hardware/Flash/flash_function.c(168): warning: non-void function does not return a value [-Wreturn-type]
  168 | }
      | ^
../Hardware/Flash/flash_function.c(179): warning: variable 'error' set but not used [-Wunused-but-set-variable]
  179 |      System_Error_t error={.all=0};
      |                     ^
../Hardware/Flash/flash_function.c(294): warning: non-void function does not return a value [-Wreturn-type]
  294 | }
      | ^
../Hardware/Flash/flash_function.c(319): warning: non-void function does not return a value [-Wreturn-type]
  319 | }
      | ^
../Hardware/Flash/flash_function.c(340): warning: non-void function does not return a value [-Wreturn-type]
  340 | }
      | ^
7 warnings generated.
compiling flash_function.c...
linking...
Program Size: Code=32664 RO-data=7100 RW-data=72 ZI-data=2832  
FromELF: creating hex file...
".\Objects\Universal_Template.axf" - 0 Error(s), 7 Warning(s).

<h2>Software Packages used:</h2>

Package Vendor: Keil
                https://www.keil.com/pack/Keil.STM32F4xx_DFP.3.1.1.pack
                Keil::STM32F4xx_DFP@3.1.1
                STMicroelectronics STM32F4 Series Device Support

<h2>Collection of Component include folders:</h2>

<h2>Collection of Component Files used:</h2>
Build Time Elapsed:  00:00:02
</pre>
</body>
</html>
